==================================================
Starting Mt=0.25 at Wed Aug  5 09:14:46 PM CEST 2026
==================================================
Using array backend: cupy
saved run configuration: results/hit2d/solenoidal_Mt025_N512_CFL0p6/config.json
step=     0, t=0.000000, dt=0.000e+00, KE=3.125000e-02, Mt=0.2500, Mt_f=0.2500, Re_lambda2D=120.97, etaK/dx=2.260, etaOm/dx=4.656, chi_d=5.608e-31, A_K=0.000, Cuv=0.000, P_in=0.000e+00, P_tgt=0.000e+00, A_F=0.000, K_low=0.000, P_drag=0.000e+00, P_cool=0.000e+00, P_hv=0.000e+00, WENO=0.012, rho_mean=1.000000, p_mean=0.714286, div_rms=1.610e-14, vort_rms=9.749e-01, mass_err=0.000e+00
warning: cumulative forcing cross-correlation is high (|Fxy|/(Fxx+Fyy)=0.100)
step=   500, t=1.342400, dt=2.669e-03, KE=2.989221e-02, Mt=0.2464, Mt_f=0.2473, Re_lambda2D=120.83, etaK/dx=2.264, etaOm/dx=4.615, chi_d=1.193e-02, A_K=0.014, Cuv=0.038, P_in=2.600e-03, P_tgt=1.001e-03, A_F=0.004, K_low=0.006, P_drag=-3.483e-05, P_cool=-3.550e-04, P_hv=-5.372e-08, WENO=0.031, rho_mean=1.000000, p_mean=0.714996, div_rms=1.205e-01, vort_rms=9.616e-01, mass_err=1.470e-08
step=  1000, t=2.652946, dt=2.624e-03, KE=3.144623e-02, Mt=0.2523, Mt_f=0.2495, Re_lambda2D=125.48, etaK/dx=2.226, etaOm/dx=4.419, chi_d=1.324e-02, A_K=0.037, Cuv=0.033, P_in=7.520e-04, P_tgt=1.002e-03, A_F=0.063, K_low=0.013, P_drag=-8.081e-05, P_cool=-4.428e-04, P_hv=-6.747e-08, WENO=0.034, rho_mean=1.000000, p_mean=0.715171, div_rms=1.339e-01, vort_rms=9.935e-01, mass_err=9.471e-08
step=  1500, t=3.961328, dt=2.652e-03, KE=3.098974e-02, Mt=0.2506, Mt_f=0.2503, Re_lambda2D=130.43, etaK/dx=2.235, etaOm/dx=4.260, chi_d=1.484e-02, A_K=0.022, Cuv=0.056, P_in=4.302e-03, P_tgt=1.002e-03, A_F=0.016, K_low=0.025, P_drag=-1.497e-04, P_cool=-5.064e-04, P_hv=-8.467e-08, WENO=0.036, rho_mean=1.000000, p_mean=0.715298, div_rms=1.310e-01, vort_rms=9.856e-01, mass_err=2.302e-07
step=  2000, t=5.298977, dt=2.721e-03, KE=3.184362e-02, Mt=0.2531, Mt_f=0.2510, Re_lambda2D=134.30, etaK/dx=2.237, etaOm/dx=4.151, chi_d=1.501e-02, A_K=0.096, Cuv=0.035, P_in=4.885e-03, P_tgt=1.002e-03, A_F=0.181, K_low=0.027, P_drag=-1.732e-04, P_cool=-5.140e-04, P_hv=-1.002e-07, WENO=0.034, rho_mean=1.000000, p_mean=0.715314, div_rms=1.383e-01, vort_rms=9.819e-01, mass_err=3.486e-07
step=  2500, t=6.602985, dt=2.557e-03, KE=3.467762e-02, Mt=0.2647, Mt_f=0.2574, Re_lambda2D=136.07, etaK/dx=2.194, etaOm/dx=4.022, chi_d=1.227e-02, A_K=0.128, Cuv=0.064, P_in=1.765e-03, P_tgt=9.961e-04, A_F=0.026, K_low=0.028, P_drag=-1.882e-04, P_cool=-6.289e-04, P_hv=-1.259e-07, WENO=0.042, rho_mean=1.000000, p_mean=0.715544, div_rms=1.455e-01, vort_rms=1.021e+00, mass_err=5.037e-07
step=  3000, t=7.898055, dt=2.517e-03, KE=3.494170e-02, Mt=0.2656, Mt_f=0.2611, Re_lambda2D=133.11, etaK/dx=2.192, etaOm/dx=3.959, chi_d=1.186e-02, A_K=0.116, Cuv=-0.104, P_in=1.243e-03, P_tgt=9.802e-04, A_F=0.203, K_low=0.041, P_drag=-2.855e-04, P_cool=-6.694e-04, P_hv=-1.361e-07, WENO=0.038, rho_mean=1.000000, p_mean=0.715625, div_rms=1.413e-01, vort_rms=1.024e+00, mass_err=7.321e-07
step=  3500, t=9.131304, dt=2.526e-03, KE=3.663368e-02, Mt=0.2733, Mt_f=0.2667, Re_lambda2D=129.31, etaK/dx=2.156, etaOm/dx=3.892, chi_d=1.350e-02, A_K=0.099, Cuv=-0.170, P_in=8.302e-04, P_tgt=9.590e-04, A_F=0.004, K_low=0.054, P_drag=-3.844e-04, P_cool=-8.088e-04, P_hv=-1.661e-07, WENO=0.039, rho_mean=1.000000, p_mean=0.715903, div_rms=1.466e-01, vort_rms=1.058e+00, mass_err=1.020e-06
step=  4000, t=10.431322, dt=2.643e-03, KE=3.635962e-02, Mt=0.2711, Mt_f=0.2701, Re_lambda2D=126.02, etaK/dx=2.180, etaOm/dx=3.868, chi_d=1.270e-02, A_K=0.056, Cuv=-0.234, P_in=5.409e-04, P_tgt=9.294e-04, A_F=0.000, K_low=0.060, P_drag=-4.293e-04, P_cool=-7.600e-04, P_hv=-1.633e-07, WENO=0.042, rho_mean=1.000000, p_mean=0.715806, div_rms=1.475e-01, vort_rms=1.034e+00, mass_err=1.397e-06
step=  4500, t=11.749603, dt=2.614e-03, KE=3.530814e-02, Mt=0.2676, Mt_f=0.2697, Re_lambda2D=127.02, etaK/dx=2.213, etaOm/dx=3.965, chi_d=1.304e-02, A_K=0.036, Cuv=-0.314, P_in=2.489e-03, P_tgt=8.983e-04, A_F=0.223, K_low=0.070, P_drag=-4.901e-04, P_cool=-7.768e-04, P_hv=-1.602e-07, WENO=0.049, rho_mean=1.000000, p_mean=0.715839, div_rms=1.434e-01, vort_rms=1.003e+00, mass_err=1.823e-06
step=  5000, t=13.034959, dt=2.543e-03, KE=3.575021e-02, Mt=0.2699, Mt_f=0.2701, Re_lambda2D=129.01, etaK/dx=2.211, etaOm/dx=4.031, chi_d=1.513e-02, A_K=0.054, Cuv=-0.302, P_in=6.020e-04, P_tgt=8.695e-04, A_F=0.168, K_low=0.081, P_drag=-5.691e-04, P_cool=-8.004e-04, P_hv=-1.377e-07, WENO=0.033, rho_mean=1.000000, p_mean=0.715887, div_rms=1.461e-01, vort_rms=1.005e+00, mass_err=2.134e-06
saved snapshot: results/hit2d/solenoidal_Mt025_N512_CFL0p6/hit2d_step0005000.npz
step=  5500, t=14.282148, dt=2.363e-03, KE=5.293832e-02, Mt=0.3272, Mt_f=0.2781, Re_lambda2D=145.37, etaK/dx=1.943, etaOm/dx=3.804, chi_d=1.716e-02, A_K=0.006, Cuv=-0.251, P_in=2.840e-02, P_tgt=8.413e-04, A_F=0.071, K_low=0.068, P_drag=-7.038e-04, P_cool=-9.292e-04, P_hv=-1.458e-07, WENO=0.029, rho_mean=1.000000, p_mean=0.716144, div_rms=1.927e-01, vort_rms=1.300e+00, mass_err=2.366e-06
step=  6000, t=15.461291, dt=2.293e-03, KE=5.883182e-02, Mt=0.3480, Mt_f=0.3147, Re_lambda2D=149.84, etaK/dx=1.868, etaOm/dx=3.136, chi_d=1.692e-02, A_K=0.000, Cuv=-0.117, P_in=7.452e-04, P_tgt=7.855e-04, A_F=0.130, K_low=0.098, P_drag=-1.089e-03, P_cool=-1.277e-03, P_hv=-2.641e-07, WENO=0.055, rho_mean=1.000000, p_mean=0.716839, div_rms=2.362e-01, vort_rms=1.400e+00, mass_err=2.817e-06
step=  6500, t=16.642416, dt=2.434e-03, KE=5.695573e-02, Mt=0.3410, Mt_f=0.3307, Re_lambda2D=156.12, etaK/dx=1.883, etaOm/dx=2.260, chi_d=1.928e-02, A_K=0.019, Cuv=0.035, P_in=4.440e-04, P_tgt=7.091e-04, A_F=0.025, K_low=0.128, P_drag=-1.430e-03, P_cool=-1.226e-03, P_hv=-1.201e-06, WENO=0.059, rho_mean=1.000000, p_mean=0.716737, div_rms=2.555e-01, vort_rms=1.373e+00, mass_err=3.974e-06
step=  7000, t=17.861861, dt=2.425e-03, KE=5.328976e-02, Mt=0.3298, Mt_f=0.3337, Re_lambda2D=153.93, etaK/dx=1.927, etaOm/dx=2.400, chi_d=1.613e-02, A_K=0.037, Cuv=0.102, P_in=5.593e-04, P_tgt=6.309e-04, A_F=0.092, K_low=0.146, P_drag=-1.540e-03, P_cool=-1.305e-03, P_hv=-1.783e-06, WENO=0.049, rho_mean=1.000000, p_mean=0.716897, div_rms=2.334e-01, vort_rms=1.314e+00, mass_err=4.886e-06
step=  7500, t=19.023874, dt=2.297e-03, KE=5.306924e-02, Mt=0.3291, Mt_f=0.3320, Re_lambda2D=146.29, etaK/dx=1.941, etaOm/dx=2.554, chi_d=1.895e-02, A_K=0.055, Cuv=0.111, P_in=4.642e-04, P_tgt=5.648e-04, A_F=0.088, K_low=0.150, P_drag=-1.562e-03, P_cool=-1.288e-03, P_hv=-1.505e-06, WENO=0.055, rho_mean=1.000000, p_mean=0.716862, div_rms=2.356e-01, vort_rms=1.293e+00, mass_err=5.695e-06
step=  8000, t=20.161672, dt=2.289e-03, KE=5.036321e-02, Mt=0.3217, Mt_f=0.3286, Re_lambda2D=147.68, etaK/dx=1.995, etaOm/dx=3.181, chi_d=2.094e-02, A_K=0.004, Cuv=0.046, P_in=7.107e-04, P_tgt=5.080e-04, A_F=0.052, K_low=0.157, P_drag=-1.548e-03, P_cool=-1.279e-03, P_hv=-7.150e-07, WENO=0.053, rho_mean=1.000000, p_mean=0.716844, div_rms=2.344e-01, vort_rms=1.222e+00, mass_err=6.400e-06
step=  8500, t=21.330821, dt=2.384e-03, KE=4.853203e-02, Mt=0.3147, Mt_f=0.3229, Re_lambda2D=149.54, etaK/dx=2.043, etaOm/dx=3.208, chi_d=1.666e-02, A_K=0.007, Cuv=0.027, P_in=-1.545e-04, P_tgt=4.582e-04, A_F=0.215, K_low=0.163, P_drag=-1.539e-03, P_cool=-1.179e-03, P_hv=-4.553e-07, WENO=0.049, rho_mean=1.000000, p_mean=0.716644, div_rms=2.162e-01, vort_rms=1.167e+00, mass_err=7.373e-06
step=  9000, t=22.519963, dt=2.456e-03, KE=4.637473e-02, Mt=0.3067, Mt_f=0.3162, Re_lambda2D=142.89, etaK/dx=2.081, etaOm/dx=3.554, chi_d=1.884e-02, A_K=0.035, Cuv=-0.014, P_in=5.386e-04, P_tgt=4.157e-04, A_F=0.103, K_low=0.185, P_drag=-1.695e-03, P_cool=-1.138e-03, P_hv=-3.345e-07, WENO=0.051, rho_mean=1.000000, p_mean=0.716562, div_rms=2.081e-01, vort_rms=1.125e+00, mass_err=7.887e-06
step=  9500, t=23.737139, dt=2.400e-03, KE=4.417570e-02, Mt=0.2987, Mt_f=0.3088, Re_lambda2D=140.48, etaK/dx=2.125, etaOm/dx=2.656, chi_d=1.648e-02, A_K=0.095, Cuv=-0.039, P_in=3.343e-04, P_tgt=3.797e-04, A_F=0.149, K_low=0.197, P_drag=-1.734e-03, P_cool=-1.012e-03, P_hv=-4.858e-07, WENO=0.052, rho_mean=1.000000, p_mean=0.716310, div_rms=2.052e-01, vort_rms=1.077e+00, mass_err=8.689e-06
step= 10000, t=24.939623, dt=2.384e-03, KE=4.151072e-02, Mt=0.2906, Mt_f=0.3002, Re_lambda2D=142.69, etaK/dx=2.172, etaOm/dx=2.502, chi_d=1.716e-02, A_K=0.144, Cuv=-0.023, P_in=5.121e-04, P_tgt=3.509e-04, A_F=0.179, K_low=0.199, P_drag=-1.625e-03, P_cool=-9.888e-04, P_hv=-8.699e-07, WENO=0.053, rho_mean=1.000000, p_mean=0.716263, div_rms=2.153e-01, vort_rms=1.026e+00, mass_err=9.389e-06
saved snapshot: results/hit2d/solenoidal_Mt025_N512_CFL0p6/hit2d_step0010000.npz
step= 10500, t=26.168808, dt=2.532e-03, KE=3.929142e-02, Mt=0.2819, Mt_f=0.2921, Re_lambda2D=145.91, etaK/dx=2.234, etaOm/dx=3.138, chi_d=1.835e-02, A_K=0.179, Cuv=-0.033, P_in=1.219e-04, P_tgt=3.273e-04, A_F=0.075, K_low=0.182, P_drag=-1.429e-03, P_cool=-8.744e-04, P_hv=-7.834e-07, WENO=0.057, rho_mean=1.000000, p_mean=0.716035, div_rms=1.922e-01, vort_rms=9.733e-01, mass_err=1.007e-05
step= 11000, t=27.393851, dt=2.238e-03, KE=8.690848e-02, Mt=0.4200, Mt_f=0.3136, Re_lambda2D=183.09, etaK/dx=1.723, etaOm/dx=3.523, chi_d=2.258e-02, A_K=0.200, Cuv=-0.099, P_in=5.404e-02, P_tgt=3.067e-04, A_F=0.011, K_low=0.074, P_drag=-1.262e-03, P_cool=-1.683e-03, P_hv=-2.349e-07, WENO=0.044, rho_mean=1.000000, p_mean=0.717652, div_rms=3.201e-01, vort_rms=1.636e+00, mass_err=1.066e-05
step= 11500, t=28.515900, dt=2.263e-03, KE=9.454665e-02, Mt=0.4436, Mt_f=0.3816, Re_lambda2D=185.53, etaK/dx=1.626, etaOm/dx=2.357, chi_d=3.657e-02, A_K=0.142, Cuv=-0.093, P_in=1.932e-03, P_tgt=2.704e-04, A_F=0.139, K_low=0.068, P_drag=-1.250e-03, P_cool=-2.207e-03, P_hv=-5.848e-07, WENO=0.063, rho_mean=1.000000, p_mean=0.718699, div_rms=5.794e-01, vort_rms=1.761e+00, mass_err=1.267e-05
step= 12000, t=29.642864, dt=2.199e-03, KE=8.843056e-02, Mt=0.4304, Mt_f=0.4104, Re_lambda2D=162.80, etaK/dx=1.579, etaOm/dx=1.346, chi_d=2.752e-02, A_K=0.049, Cuv=-0.144, P_in=-3.948e-04, P_tgt=2.269e-04, A_F=0.169, K_low=0.082, P_drag=-1.338e-03, P_cool=-2.423e-03, P_hv=-1.649e-05, WENO=0.081, rho_mean=1.000000, p_mean=0.719131, div_rms=7.048e-01, vort_rms=1.823e+00, mass_err=1.630e-05
step= 12500, t=30.747292, dt=2.185e-03, KE=8.439195e-02, Mt=0.4184, Mt_f=0.4170, Re_lambda2D=165.12, etaK/dx=1.637, etaOm/dx=1.442, chi_d=3.064e-02, A_K=0.024, Cuv=-0.189, P_in=1.967e-05, P_tgt=1.883e-04, A_F=0.071, K_low=0.105, P_drag=-1.693e-03, P_cool=-2.328e-03, P_hv=-4.330e-05, WENO=0.072, rho_mean=1.000000, p_mean=0.718942, div_rms=6.735e-01, vort_rms=1.688e+00, mass_err=1.836e-05
step= 13000, t=31.833226, dt=2.177e-03, KE=8.221465e-02, Mt=0.4115, Mt_f=0.4163, Re_lambda2D=161.83, etaK/dx=1.666, etaOm/dx=1.449, chi_d=3.616e-02, A_K=0.080, Cuv=-0.250, P_in=3.904e-04, P_tgt=1.565e-04, A_F=0.291, K_low=0.130, P_drag=-2.105e-03, P_cool=-1.893e-03, P_hv=-3.223e-05, WENO=0.068, rho_mean=1.000000, p_mean=0.718071, div_rms=6.803e-01, vort_rms=1.613e+00, mass_err=1.930e-05
step= 13500, t=32.991041, dt=2.357e-03, KE=7.722673e-02, Mt=0.3979, Mt_f=0.4092, Re_lambda2D=151.39, etaK/dx=1.681, etaOm/dx=1.383, chi_d=2.470e-02, A_K=0.124, Cuv=-0.227, P_in=3.022e-04, P_tgt=1.289e-04, A_F=0.014, K_low=0.159, P_drag=-2.420e-03, P_cool=-1.947e-03, P_hv=-2.609e-05, WENO=0.083, rho_mean=1.000000, p_mean=0.718180, div_rms=6.866e-01, vort_rms=1.574e+00, mass_err=1.809e-05
warning: flow component anisotropy has increased over the last three diagnostic samples
step= 14000, t=34.163060, dt=2.272e-03, KE=7.377951e-02, Mt=0.3869, Mt_f=0.3996, Re_lambda2D=169.96, etaK/dx=1.788, etaOm/dx=1.591, chi_d=2.869e-02, A_K=0.218, Cuv=-0.209, P_in=5.442e-05, P_tgt=1.068e-04, A_F=0.079, K_low=0.194, P_drag=-2.850e-03, P_cool=-1.545e-03, P_hv=-3.048e-05, WENO=0.077, rho_mean=1.000001, p_mean=0.717376, div_rms=5.429e-01, vort_rms=1.426e+00, mass_err=2.008e-05
step= 14500, t=35.317933, dt=2.329e-03, KE=6.919442e-02, Mt=0.3752, Mt_f=0.3891, Re_lambda2D=165.04, etaK/dx=1.812, etaOm/dx=1.495, chi_d=2.642e-02, A_K=0.090, Cuv=-0.117, P_in=3.491e-04, P_tgt=8.962e-05, A_F=0.341, K_low=0.203, P_drag=-2.815e-03, P_cool=-1.561e-03, P_hv=-1.704e-05, WENO=0.069, rho_mean=1.000001, p_mean=0.717407, div_rms=5.333e-01, vort_rms=1.386e+00, mass_err=2.094e-05
step= 15000, t=36.497276, dt=2.311e-03, KE=6.408488e-02, Mt=0.3627, Mt_f=0.3772, Re_lambda2D=172.94, etaK/dx=1.914, etaOm/dx=1.695, chi_d=2.582e-02, A_K=0.029, Cuv=-0.042, P_in=2.423e-04, P_tgt=7.577e-05, A_F=0.160, K_low=0.223, P_drag=-2.843e-03, P_cool=-1.534e-03, P_hv=-1.674e-05, WENO=0.085, rho_mean=1.000001, p_mean=0.717354, div_rms=4.451e-01, vort_rms=1.258e+00, mass_err=2.275e-05
saved snapshot: results/hit2d/solenoidal_Mt025_N512_CFL0p6/hit2d_step0015000.npz
step= 15500, t=37.676130, dt=2.403e-03, KE=5.974606e-02, Mt=0.3493, Mt_f=0.3651, Re_lambda2D=185.46, etaK/dx=2.011, etaOm/dx=2.131, chi_d=2.777e-02, A_K=0.014, Cuv=0.028, P_in=-6.988e-05, P_tgt=6.486e-05, A_F=0.287, K_low=0.221, P_drag=-2.657e-03, P_cool=-1.400e-03, P_hv=-5.671e-06, WENO=0.082, rho_mean=1.000001, p_mean=0.717086, div_rms=3.448e-01, vort_rms=1.166e+00, mass_err=2.426e-05
step= 16000, t=38.926614, dt=2.522e-03, KE=5.491911e-02, Mt=0.3351, Mt_f=0.3510, Re_lambda2D=183.33, etaK/dx=2.085, etaOm/dx=2.726, chi_d=2.691e-02, A_K=0.080, Cuv=0.011, P_in=1.406e-05, P_tgt=5.584e-05, A_F=0.102, K_low=0.225, P_drag=-2.499e-03, P_cool=-1.370e-03, P_hv=-2.088e-06, WENO=0.080, rho_mean=1.000001, p_mean=0.717025, div_rms=2.954e-01, vort_rms=1.094e+00, mass_err=2.647e-05
step= 16500, t=40.167901, dt=2.503e-03, KE=5.152838e-02, Mt=0.3241, Mt_f=0.3386, Re_lambda2D=179.02, etaK/dx=2.140, etaOm/dx=2.945, chi_d=3.234e-02, A_K=0.080, Cuv=0.022, P_in=2.903e-04, P_tgt=4.890e-05, A_F=0.143, K_low=0.240, P_drag=-2.476e-03, P_cool=-1.124e-03, P_hv=-6.051e-07, WENO=0.061, rho_mean=1.000001, p_mean=0.716533, div_rms=2.650e-01, vort_rms=1.043e+00, mass_err=2.889e-05
step= 17000, t=41.395872, dt=2.498e-03, KE=4.757279e-02, Mt=0.3113, Mt_f=0.3264, Re_lambda2D=173.37, etaK/dx=2.190, etaOm/dx=3.601, chi_d=2.554e-02, A_K=0.099, Cuv=-0.094, P_in=-4.267e-06, P_tgt=4.351e-05, A_F=0.035, K_low=0.235, P_drag=-2.225e-03, P_cool=-1.098e-03, P_hv=-3.991e-07, WENO=0.063, rho_mean=1.000001, p_mean=0.716482, div_rms=2.535e-01, vort_rms=9.966e-01, mass_err=3.051e-05
step= 17500, t=42.646893, dt=2.536e-03, KE=4.459285e-02, Mt=0.3006, Mt_f=0.3142, Re_lambda2D=158.13, etaK/dx=2.236, etaOm/dx=3.909, chi_d=2.551e-02, A_K=0.134, Cuv=-0.193, P_in=-2.124e-04, P_tgt=3.924e-05, A_F=0.306, K_low=0.213, P_drag=-1.903e-03, P_cool=-8.980e-04, P_hv=-2.214e-07, WENO=0.068, rho_mean=1.000001, p_mean=0.716082, div_rms=2.314e-01, vort_rms=9.595e-01, mass_err=3.216e-05
step= 18000, t=43.918493, dt=2.528e-03, KE=4.089573e-02, Mt=0.2884, Mt_f=0.3025, Re_lambda2D=149.04, etaK/dx=2.289, etaOm/dx=4.135, chi_d=2.592e-02, A_K=0.006, Cuv=-0.313, P_in=6.576e-06, P_tgt=3.590e-05, A_F=0.126, K_low=0.196, P_drag=-1.609e-03, P_cool=-9.377e-04, P_hv=-1.357e-07, WENO=0.060, rho_mean=1.000001, p_mean=0.716161, div_rms=2.198e-01, vort_rms=9.157e-01, mass_err=3.347e-05
step= 18500, t=45.183858, dt=2.536e-03, KE=3.870081e-02, Mt=0.2806, Mt_f=0.2920, Re_lambda2D=145.43, etaK/dx=2.329, etaOm/dx=4.197, chi_d=2.318e-02, A_K=0.085, Cuv=-0.385, P_in=1.120e-05, P_tgt=3.338e-05, A_F=0.084, K_low=0.188, P_drag=-1.465e-03, P_cool=-7.773e-04, P_hv=-1.218e-07, WENO=0.052, rho_mean=1.000001, p_mean=0.715840, div_rms=2.232e-01, vort_rms=8.813e-01, mass_err=3.460e-05
step= 19000, t=46.475014, dt=2.623e-03, KE=3.606726e-02, Mt=0.2707, Mt_f=0.2822, Re_lambda2D=141.06, etaK/dx=2.379, etaOm/dx=4.240, chi_d=2.623e-02, A_K=0.013, Cuv=-0.350, P_in=-1.085e-04, P_tgt=3.145e-05, A_F=0.070, K_low=0.190, P_drag=-1.370e-03, P_cool=-7.363e-04, P_hv=-1.065e-07, WENO=0.065, rho_mean=1.000001, p_mean=0.715758, div_rms=2.131e-01, vort_rms=8.448e-01, mass_err=3.558e-05
step= 19500, t=47.747993, dt=2.483e-03, KE=3.384039e-02, Mt=0.2623, Mt_f=0.2728, Re_lambda2D=140.03, etaK/dx=2.427, etaOm/dx=4.319, chi_d=2.315e-02, A_K=0.121, Cuv=-0.365, P_in=1.517e-03, P_tgt=3.009e-05, A_F=0.022, K_low=0.186, P_drag=-1.252e-03, P_cool=-7.034e-04, P_hv=-9.703e-08, WENO=0.069, rho_mean=1.000001, p_mean=0.715693, div_rms=1.963e-01, vort_rms=8.144e-01, mass_err=3.652e-05
step= 20000, t=49.037575, dt=2.653e-03, KE=3.255778e-02, Mt=0.2571, Mt_f=0.2656, Re_lambda2D=132.41, etaK/dx=2.448, etaOm/dx=4.414, chi_d=2.593e-02, A_K=0.059, Cuv=-0.208, P_in=-3.076e-05, P_tgt=2.916e-05, A_F=0.005, K_low=0.171, P_drag=-1.117e-03, P_cool=-6.375e-04, P_hv=-8.425e-08, WENO=0.056, rho_mean=1.000001, p_mean=0.715561, div_rms=1.981e-01, vort_rms=7.990e-01, mass_err=3.737e-05
saved snapshot: results/hit2d/solenoidal_Mt025_N512_CFL0p6/hit2d_step0020000.npz
step= 20500, t=50.375220, dt=2.675e-03, KE=3.084671e-02, Mt=0.2503, Mt_f=0.2585, Re_lambda2D=131.78, etaK/dx=2.487, etaOm/dx=3.098, chi_d=2.632e-02, A_K=0.167, Cuv=-0.103, P_in=6.526e-05, P_tgt=2.856e-05, A_F=0.100, K_low=0.159, P_drag=-9.857e-04, P_cool=-5.685e-04, P_hv=-1.937e-07, WENO=0.055, rho_mean=1.000001, p_mean=0.715423, div_rms=2.033e-01, vort_rms=7.700e-01, mass_err=3.817e-05
step= 21000, t=51.731093, dt=2.694e-03, KE=2.876990e-02, Mt=0.2428, Mt_f=0.2508, Re_lambda2D=127.70, etaK/dx=2.539, etaOm/dx=4.605, chi_d=2.397e-02, A_K=0.042, Cuv=-0.004, P_in=3.430e-05, P_tgt=2.835e-05, A_F=0.062, K_low=0.142, P_drag=-8.134e-04, P_cool=-6.049e-04, P_hv=-9.097e-08, WENO=0.051, rho_mean=1.000001, p_mean=0.715495, div_rms=1.839e-01, vort_rms=7.430e-01, mass_err=3.890e-05
step= 21500, t=53.101857, dt=2.767e-03, KE=2.770652e-02, Mt=0.2365, Mt_f=0.2439, Re_lambda2D=128.07, etaK/dx=2.577, etaOm/dx=4.646, chi_d=2.299e-02, A_K=0.178, Cuv=0.030, P_in=4.431e-05, P_tgt=2.847e-05, A_F=0.088, K_low=0.129, P_drag=-7.191e-04, P_cool=-4.561e-04, P_hv=-5.572e-08, WENO=0.062, rho_mean=1.000001, p_mean=0.715198, div_rms=1.765e-01, vort_rms=7.217e-01, mass_err=3.973e-05
step= 22000, t=54.490698, dt=2.772e-03, KE=2.597761e-02, Mt=0.2302, Mt_f=0.2372, Re_lambda2D=126.37, etaK/dx=2.622, etaOm/dx=4.735, chi_d=2.159e-02, A_K=0.056, Cuv=0.036, P_in=8.103e-05, P_tgt=2.898e-05, A_F=0.210, K_low=0.125, P_drag=-6.406e-04, P_cool=-5.112e-04, P_hv=-5.147e-08, WENO=0.046, rho_mean=1.000001, p_mean=0.715308, div_rms=1.670e-01, vort_rms=6.982e-01, mass_err=4.051e-05
step= 22500, t=55.851894, dt=2.678e-03, KE=2.488004e-02, Mt=0.2245, Mt_f=0.2311, Re_lambda2D=132.48, etaK/dx=2.663, etaOm/dx=4.808, chi_d=2.012e-02, A_K=0.118, Cuv=-0.011, P_in=-5.393e-06, P_tgt=2.986e-05, A_F=0.088, K_low=0.123, P_drag=-6.121e-04, P_cool=-4.353e-04, P_hv=-4.848e-08, WENO=0.064, rho_mean=1.000001, p_mean=0.715156, div_rms=1.582e-01, vort_rms=6.779e-01, mass_err=4.112e-05
step= 23000, t=57.195675, dt=2.708e-03, KE=2.335619e-02, Mt=0.2189, Mt_f=0.2257, Re_lambda2D=129.96, etaK/dx=2.711, etaOm/dx=4.851, chi_d=1.887e-02, A_K=0.082, Cuv=-0.038, P_in=-3.015e-05, P_tgt=3.109e-05, A_F=0.140, K_low=0.115, P_drag=-5.370e-04, P_cool=-4.640e-04, P_hv=-4.604e-08, WENO=0.047, rho_mean=1.000001, p_mean=0.715214, div_rms=1.535e-01, vort_rms=6.538e-01, mass_err=4.185e-05
step= 23500, t=58.595633, dt=2.824e-03, KE=2.271915e-02, Mt=0.2143, Mt_f=0.2198, Re_lambda2D=127.58, etaK/dx=2.748, etaOm/dx=4.889, chi_d=2.214e-02, A_K=0.061, Cuv=-0.083, P_in=1.029e-05, P_tgt=3.282e-05, A_F=0.092, K_low=0.099, P_drag=-4.457e-04, P_cool=-3.386e-04, P_hv=-3.949e-08, WENO=0.058, rho_mean=1.000001, p_mean=0.714963, div_rms=1.447e-01, vort_rms=6.381e-01, mass_err=4.237e-05
step= 24000, t=59.966229, dt=2.723e-03, KE=2.155596e-02, Mt=0.2090, Mt_f=0.2147, Re_lambda2D=123.78, etaK/dx=2.800, etaOm/dx=4.957, chi_d=1.888e-02, A_K=0.057, Cuv=-0.124, P_in=-1.343e-05, P_tgt=3.499e-05, A_F=0.071, K_low=0.084, P_drag=-3.645e-04, P_cool=-3.771e-04, P_hv=-3.850e-08, WENO=0.061, rho_mean=1.000001, p_mean=0.715040, div_rms=1.389e-01, vort_rms=6.148e-01, mass_err=4.288e-05
step= 24500, t=61.339610, dt=2.720e-03, KE=2.068020e-02, Mt=0.2050, Mt_f=0.2101, Re_lambda2D=122.79, etaK/dx=2.850, etaOm/dx=5.024, chi_d=2.238e-02, A_K=0.017, Cuv=-0.113, P_in=-7.850e-05, P_tgt=3.770e-05, A_F=0.064, K_low=0.073, P_drag=-3.039e-04, P_cool=-3.603e-04, P_hv=-3.639e-08, WENO=0.038, rho_mean=1.000001, p_mean=0.715006, div_rms=1.347e-01, vort_rms=5.930e-01, mass_err=4.338e-05
step= 25000, t=62.675546, dt=2.690e-03, KE=2.028814e-02, Mt=0.2027, Mt_f=0.2064, Re_lambda2D=120.32, etaK/dx=2.888, etaOm/dx=5.104, chi_d=2.192e-02, A_K=0.080, Cuv=-0.212, P_in=5.732e-05, P_tgt=4.091e-05, A_F=0.129, K_low=0.072, P_drag=-2.923e-04, P_cool=-2.911e-04, P_hv=-3.623e-08, WENO=0.039, rho_mean=1.000001, p_mean=0.714868, div_rms=1.260e-01, vort_rms=5.793e-01, mass_err=4.367e-05
saved snapshot: results/hit2d/solenoidal_Mt025_N512_CFL0p6/hit2d_step0025000.npz
step= 25500, t=64.033889, dt=2.780e-03, KE=1.945043e-02, Mt=0.1990, Mt_f=0.2027, Re_lambda2D=121.53, etaK/dx=2.927, etaOm/dx=5.220, chi_d=2.151e-02, A_K=0.085, Cuv=-0.120, P_in=6.541e-05, P_tgt=4.480e-05, A_F=0.032, K_low=0.072, P_drag=-2.761e-04, P_cool=-3.023e-04, P_hv=-2.987e-08, WENO=0.045, rho_mean=1.000001, p_mean=0.714890, div_rms=1.263e-01, vort_rms=5.629e-01, mass_err=4.388e-05
step= 26000, t=65.424417, dt=2.777e-03, KE=1.886847e-02, Mt=0.1958, Mt_f=0.1993, Re_lambda2D=121.94, etaK/dx=2.964, etaOm/dx=5.303, chi_d=2.219e-02, A_K=0.139, Cuv=-0.191, P_in=3.709e-05, P_tgt=4.957e-05, A_F=0.045, K_low=0.078, P_drag=-2.927e-04, P_cool=-2.753e-04, P_hv=-2.727e-08, WENO=0.038, rho_mean=1.000001, p_mean=0.714836, div_rms=1.198e-01, vort_rms=5.498e-01, mass_err=4.416e-05
step= 26500, t=66.830811, dt=2.870e-03, KE=1.817608e-02, Mt=0.1921, Mt_f=0.1957, Re_lambda2D=120.96, etaK/dx=3.000, etaOm/dx=5.371, chi_d=2.009e-02, A_K=0.114, Cuv=-0.080, P_in=1.799e-05, P_tgt=5.535e-05, A_F=0.094, K_low=0.085, P_drag=-3.072e-04, P_cool=-2.709e-04, P_hv=-2.461e-08, WENO=0.036, rho_mean=1.000001, p_mean=0.714827, div_rms=1.123e-01, vort_rms=5.380e-01, mass_err=4.438e-05
step= 27000, t=68.248346, dt=2.825e-03, KE=1.758144e-02, Mt=0.1891, Mt_f=0.1924, Re_lambda2D=121.67, etaK/dx=3.030, etaOm/dx=5.441, chi_d=2.066e-02, A_K=0.180, Cuv=-0.201, P_in=5.407e-05, P_tgt=6.240e-05, A_F=0.114, K_low=0.100, P_drag=-3.517e-04, P_cool=-2.419e-04, P_hv=-2.289e-08, WENO=0.044, rho_mean=1.000001, p_mean=0.714770, div_rms=1.127e-01, vort_rms=5.265e-01, mass_err=4.457e-05
step= 27500, t=69.675477, dt=2.864e-03, KE=1.677774e-02, Mt=0.1848, Mt_f=0.1887, Re_lambda2D=116.29, etaK/dx=3.067, etaOm/dx=5.497, chi_d=2.079e-02, A_K=0.104, Cuv=-0.092, P_in=-2.397e-05, P_tgt=7.100e-05, A_F=0.230, K_low=0.117, P_drag=-3.845e-04, P_cool=-2.472e-04, P_hv=-2.100e-08, WENO=0.040, rho_mean=1.000001, p_mean=0.714780, div_rms=1.115e-01, vort_rms=5.136e-01, mass_err=4.478e-05
step= 28000, t=71.080840, dt=2.791e-03, KE=1.713919e-02, Mt=0.1864, Mt_f=0.1873, Re_lambda2D=119.07, etaK/dx=3.036, etaOm/dx=5.525, chi_d=1.950e-02, A_K=0.162, Cuv=-0.146, P_in=1.958e-04, P_tgt=8.122e-05, A_F=0.095, K_low=0.125, P_drag=-4.256e-04, P_cool=-2.393e-04, P_hv=-1.968e-08, WENO=0.039, rho_mean=1.000001, p_mean=0.714764, div_rms=1.050e-01, vort_rms=5.267e-01, mass_err=4.493e-05
step= 28500, t=72.482479, dt=2.772e-03, KE=1.647342e-02, Mt=0.1826, Mt_f=0.1856, Re_lambda2D=117.33, etaK/dx=3.053, etaOm/dx=5.575, chi_d=2.040e-02, A_K=0.066, Cuv=-0.144, P_in=1.167e-05, P_tgt=9.313e-05, A_F=0.017, K_low=0.141, P_drag=-4.615e-04, P_cool=-2.179e-04, P_hv=-1.908e-08, WENO=0.035, rho_mean=1.000001, p_mean=0.714721, div_rms=1.070e-01, vort_rms=5.197e-01, mass_err=4.509e-05
step= 29000, t=73.862052, dt=2.742e-03, KE=1.561414e-02, Mt=0.1783, Mt_f=0.1822, Re_lambda2D=111.25, etaK/dx=3.085, etaOm/dx=5.609, chi_d=1.992e-02, A_K=0.136, Cuv=-0.209, P_in=1.110e-04, P_tgt=1.073e-04, A_F=0.038, K_low=0.156, P_drag=-4.820e-04, P_cool=-2.206e-04, P_hv=-1.872e-08, WENO=0.041, rho_mean=1.000001, p_mean=0.714727, div_rms=9.934e-02, vort_rms=5.104e-01, mass_err=4.523e-05
step= 29500, t=75.234412, dt=2.739e-03, KE=1.488406e-02, Mt=0.1736, Mt_f=0.1783, Re_lambda2D=107.96, etaK/dx=3.109, etaOm/dx=5.636, chi_d=2.188e-02, A_K=0.025, Cuv=-0.142, P_in=-9.747e-05, P_tgt=1.246e-04, A_F=0.157, K_low=0.163, P_drag=-4.792e-04, P_cool=-2.094e-04, P_hv=-1.865e-08, WENO=0.037, rho_mean=1.000001, p_mean=0.714705, div_rms=1.026e-01, vort_rms=5.013e-01, mass_err=4.537e-05
step= 30000, t=76.624664, dt=2.787e-03, KE=1.382281e-02, Mt=0.1671, Mt_f=0.1732, Re_lambda2D=105.44, etaK/dx=3.151, etaOm/dx=5.634, chi_d=2.173e-02, A_K=0.083, Cuv=-0.216, P_in=-2.509e-04, P_tgt=1.466e-04, A_F=0.120, K_low=0.169, P_drag=-4.635e-04, P_cool=-1.877e-04, P_hv=-1.735e-08, WENO=0.042, rho_mean=1.000001, p_mean=0.714661, div_rms=9.668e-02, vort_rms=4.890e-01, mass_err=4.549e-05
saved snapshot: results/hit2d/solenoidal_Mt025_N512_CFL0p6/hit2d_step0030000.npz
step= 30500, t=77.991416, dt=2.703e-03, KE=1.736624e-02, Mt=0.1875, Mt_f=0.1777, Re_lambda2D=100.63, etaK/dx=2.775, etaOm/dx=5.121, chi_d=1.967e-02, A_K=0.064, Cuv=-0.233, P_in=9.175e-04, P_tgt=1.730e-04, A_F=0.179, K_low=0.132, P_drag=-4.545e-04, P_cool=-2.112e-04, P_hv=-2.517e-08, WENO=0.033, rho_mean=1.000001, p_mean=0.714708, div_rms=9.798e-02, vort_rms=6.365e-01, mass_err=4.557e-05
step= 31000, t=79.362895, dt=2.735e-03, KE=1.652825e-02, Mt=0.1829, Mt_f=0.1820, Re_lambda2D=96.52, etaK/dx=2.797, etaOm/dx=5.028, chi_d=1.993e-02, A_K=0.105, Cuv=-0.256, P_in=2.380e-04, P_tgt=2.008e-04, A_F=0.093, K_low=0.141, P_drag=-4.637e-04, P_cool=-2.447e-04, P_hv=-3.148e-08, WENO=0.030, rho_mean=1.000001, p_mean=0.714775, div_rms=9.729e-02, vort_rms=6.268e-01, mass_err=4.565e-05
step= 31500, t=80.741280, dt=2.760e-03, KE=1.536961e-02, Mt=0.1761, Mt_f=0.1802, Re_lambda2D=94.20, etaK/dx=2.848, etaOm/dx=4.976, chi_d=2.128e-02, A_K=0.149, Cuv=-0.273, P_in=1.388e-04, P_tgt=2.326e-04, A_F=0.059, K_low=0.155, P_drag=-4.728e-04, P_cool=-2.477e-04, P_hv=-3.387e-08, WENO=0.030, rho_mean=1.000001, p_mean=0.714781, div_rms=9.706e-02, vort_rms=6.039e-01, mass_err=4.572e-05
step= 32000, t=82.129781, dt=2.769e-03, KE=1.477567e-02, Mt=0.1728, Mt_f=0.1766, Re_lambda2D=90.15, etaK/dx=2.872, etaOm/dx=4.919, chi_d=2.251e-02, A_K=0.126, Cuv=-0.318, P_in=2.650e-05, P_tgt=2.720e-04, A_F=0.109, K_low=0.166, P_drag=-4.879e-04, P_cool=-2.314e-04, P_hv=-3.648e-08, WENO=0.034, rho_mean=1.000001, p_mean=0.714749, div_rms=9.866e-02, vort_rms=5.929e-01, mass_err=4.581e-05
step= 32500, t=83.517747, dt=2.766e-03, KE=1.397444e-02, Mt=0.1678, Mt_f=0.1720, Re_lambda2D=83.76, etaK/dx=2.894, etaOm/dx=4.871, chi_d=2.166e-02, A_K=0.161, Cuv=-0.251, P_in=6.928e-04, P_tgt=3.214e-04, A_F=0.014, K_low=0.181, P_drag=-5.049e-04, P_cool=-2.428e-04, P_hv=-3.838e-08, WENO=0.034, rho_mean=1.000001, p_mean=0.714771, div_rms=9.272e-02, vort_rms=5.848e-01, mass_err=4.589e-05
step= 33000, t=84.947827, dt=2.916e-03, KE=1.409168e-02, Mt=0.1684, Mt_f=0.1684, Re_lambda2D=83.72, etaK/dx=2.867, etaOm/dx=4.847, chi_d=2.359e-02, A_K=0.161, Cuv=-0.224, P_in=2.708e-03, P_tgt=3.862e-04, A_F=0.195, K_low=0.176, P_drag=-4.967e-04, P_cool=-2.392e-04, P_hv=-3.840e-08, WENO=0.045, rho_mean=1.000001, p_mean=0.714764, div_rms=9.640e-02, vort_rms=5.958e-01, mass_err=4.593e-05
step= 33500, t=86.377343, dt=2.852e-03, KE=1.500828e-02, Mt=0.1740, Mt_f=0.1709, Re_lambda2D=90.61, etaK/dx=2.799, etaOm/dx=4.806, chi_d=2.176e-02, A_K=0.024, Cuv=-0.211, P_in=6.329e-04, P_tgt=4.650e-04, A_F=0.050, K_low=0.157, P_drag=-4.670e-04, P_cool=-2.524e-04, P_hv=-4.067e-08, WENO=0.041, rho_mean=1.000001, p_mean=0.714791, div_rms=9.592e-02, vort_rms=6.259e-01, mass_err=4.603e-05
step= 34000, t=87.825371, dt=2.880e-03, KE=1.434815e-02, Mt=0.1702, Mt_f=0.1710, Re_lambda2D=87.75, etaK/dx=2.832, etaOm/dx=4.834, chi_d=1.955e-02, A_K=0.065, Cuv=-0.172, P_in=6.926e-04, P_tgt=5.581e-04, A_F=0.063, K_low=0.145, P_drag=-4.178e-04, P_cool=-2.784e-04, P_hv=-3.990e-08, WENO=0.037, rho_mean=1.000001, p_mean=0.714842, div_rms=9.082e-02, vort_rms=6.122e-01, mass_err=4.609e-05
step= 34500, t=89.266813, dt=2.906e-03, KE=1.431541e-02, Mt=0.1698, Mt_f=0.1703, Re_lambda2D=86.38, etaK/dx=2.841, etaOm/dx=4.874, chi_d=1.923e-02, A_K=0.064, Cuv=-0.142, P_in=5.535e-04, P_tgt=6.707e-04, A_F=0.241, K_low=0.139, P_drag=-3.952e-04, P_cool=-2.594e-04, P_hv=-3.899e-08, WENO=0.032, rho_mean=1.000001, p_mean=0.714805, div_rms=8.853e-02, vort_rms=6.086e-01, mass_err=4.616e-05
step= 35000, t=90.712106, dt=2.868e-03, KE=1.445214e-02, Mt=0.1707, Mt_f=0.1703, Re_lambda2D=85.92, etaK/dx=2.831, etaOm/dx=4.891, chi_d=1.990e-02, A_K=0.111, Cuv=-0.138, P_in=9.702e-04, P_tgt=8.070e-04, A_F=0.110, K_low=0.129, P_drag=-3.724e-04, P_cool=-2.682e-04, P_hv=-3.760e-08, WENO=0.023, rho_mean=1.000001, p_mean=0.714822, div_rms=9.054e-02, vort_rms=6.126e-01, mass_err=4.620e-05
saved snapshot: results/hit2d/solenoidal_Mt025_N512_CFL0p6/hit2d_step0035000.npz
step= 35500, t=92.151971, dt=2.892e-03, KE=1.443031e-02, Mt=0.1707, Mt_f=0.1703, Re_lambda2D=83.10, etaK/dx=2.822, etaOm/dx=4.922, chi_d=1.700e-02, A_K=0.016, Cuv=-0.071, P_in=1.088e-03, P_tgt=9.702e-04, A_F=0.046, K_low=0.123, P_drag=-3.504e-04, P_cool=-2.769e-04, P_hv=-3.705e-08, WENO=0.031, rho_mean=1.000001, p_mean=0.714840, div_rms=8.495e-02, vort_rms=6.177e-01, mass_err=4.623e-05
step= 36000, t=93.593928, dt=2.902e-03, KE=1.537722e-02, Mt=0.1759, Mt_f=0.1728, Re_lambda2D=82.50, etaK/dx=2.734, etaOm/dx=4.866, chi_d=1.656e-02, A_K=0.028, Cuv=-0.157, P_in=1.273e-03, P_tgt=1.163e-03, A_F=0.025, K_low=0.101, P_drag=-3.094e-04, P_cool=-2.934e-04, P_hv=-3.750e-08, WENO=0.016, rho_mean=1.000001, p_mean=0.714872, div_rms=8.062e-02, vort_rms=6.595e-01, mass_err=4.628e-05
step= 36500, t=95.041226, dt=2.872e-03, KE=1.625024e-02, Mt=0.1808, Mt_f=0.1770, Re_lambda2D=82.00, etaK/dx=2.681, etaOm/dx=4.811, chi_d=1.685e-02, A_K=0.013, Cuv=-0.206, P_in=9.588e-04, P_tgt=1.382e-03, A_F=0.071, K_low=0.078, P_drag=-2.539e-04, P_cool=-2.943e-04, P_hv=-3.997e-08, WENO=0.028, rho_mean=1.000001, p_mean=0.714874, div_rms=8.380e-02, vort_rms=6.860e-01, mass_err=4.628e-05
step= 37000, t=96.448205, dt=2.793e-03, KE=1.759472e-02, Mt=0.1887, Mt_f=0.1826, Re_lambda2D=87.90, etaK/dx=2.595, etaOm/dx=4.681, chi_d=1.198e-02, A_K=0.043, Cuv=-0.119, P_in=7.026e-04, P_tgt=1.614e-03, A_F=0.079, K_low=0.063, P_drag=-2.182e-04, P_cool=-3.664e-04, P_hv=-4.571e-08, WENO=0.021, rho_mean=1.000001, p_mean=0.715018, div_rms=7.927e-02, vort_rms=7.339e-01, mass_err=4.629e-05
step= 37500, t=97.874677, dt=2.850e-03, KE=2.013062e-02, Mt=0.2016, Mt_f=0.1912, Re_lambda2D=93.55, etaK/dx=2.502, etaOm/dx=4.556, chi_d=1.290e-02, A_K=0.067, Cuv=-0.044, P_in=1.871e-03, P_tgt=1.857e-03, A_F=0.117, K_low=0.054, P_drag=-2.165e-04, P_cool=-3.748e-04, P_hv=-5.260e-08, WENO=0.023, rho_mean=1.000001, p_mean=0.715035, div_rms=8.123e-02, vort_rms=7.903e-01, mass_err=4.632e-05
step= 38000, t=99.285371, dt=2.822e-03, KE=2.151514e-02, Mt=0.2084, Mt_f=0.1990, Re_lambda2D=99.21, etaK/dx=2.444, etaOm/dx=4.418, chi_d=1.003e-02, A_K=0.028, Cuv=-0.011, P_in=1.653e-03, P_tgt=2.087e-03, A_F=0.007, K_low=0.059, P_drag=-2.534e-04, P_cool=-4.215e-04, P_hv=-6.202e-08, WENO=0.031, rho_mean=1.000001, p_mean=0.715129, div_rms=7.984e-02, vort_rms=8.284e-01, mass_err=4.633e-05
step= 38500, t=100.693048, dt=2.750e-03, KE=2.267595e-02, Mt=0.2138, Mt_f=0.2061, Re_lambda2D=95.06, etaK/dx=2.404, etaOm/dx=4.287, chi_d=1.354e-02, A_K=0.028, Cuv=-0.073, P_in=3.646e-03, P_tgt=2.302e-03, A_F=0.232, K_low=0.067, P_drag=-3.032e-04, P_cool=-4.555e-04, P_hv=-7.576e-08, WENO=0.019, rho_mean=1.000001, p_mean=0.715197, div_rms=8.799e-02, vort_rms=8.556e-01, mass_err=4.635e-05
step= 39000, t=102.032613, dt=2.634e-03, KE=2.763989e-02, Mt=0.2360, Mt_f=0.2185, Re_lambda2D=102.79, etaK/dx=2.284, etaOm/dx=4.112, chi_d=1.299e-02, A_K=0.017, Cuv=-0.125, P_in=2.155e-03, P_tgt=2.481e-03, A_F=0.098, K_low=0.056, P_drag=-3.113e-04, P_cool=-4.854e-04, P_hv=-1.024e-07, WENO=0.022, rho_mean=1.000001, p_mean=0.715257, div_rms=9.601e-02, vort_rms=9.485e-01, mass_err=4.641e-05
step= 39500, t=103.358863, dt=2.629e-03, KE=2.865189e-02, Mt=0.2409, Mt_f=0.2304, Re_lambda2D=111.51, etaK/dx=2.273, etaOm/dx=4.011, chi_d=1.198e-02, A_K=0.054, Cuv=-0.116, P_in=8.311e-04, P_tgt=2.600e-03, A_F=0.011, K_low=0.051, P_drag=-2.868e-04, P_cool=-5.952e-04, P_hv=-1.228e-07, WENO=0.029, rho_mean=1.000001, p_mean=0.715476, div_rms=9.444e-02, vort_rms=9.573e-01, mass_err=4.645e-05
step= 40000, t=104.678424, dt=2.599e-03, KE=3.031059e-02, Mt=0.2476, Mt_f=0.2376, Re_lambda2D=118.12, etaK/dx=2.258, etaOm/dx=3.950, chi_d=1.176e-02, A_K=0.017, Cuv=-0.104, P_in=2.434e-03, P_tgt=2.677e-03, A_F=0.005, K_low=0.051, P_drag=-3.023e-04, P_cool=-6.151e-04, P_hv=-1.369e-07, WENO=0.011, rho_mean=1.000001, p_mean=0.715516, div_rms=9.066e-02, vort_rms=9.710e-01, mass_err=4.646e-05
saved snapshot: results/hit2d/solenoidal_Mt025_N512_CFL0p6/hit2d_step0040000.npz
step= 40500, t=105.992867, dt=2.625e-03, KE=3.208179e-02, Mt=0.2545, Mt_f=0.2463, Re_lambda2D=119.10, etaK/dx=2.227, etaOm/dx=3.907, chi_d=1.194e-02, A_K=0.065, Cuv=-0.042, P_in=3.917e-03, P_tgt=2.715e-03, A_F=0.128, K_low=0.052, P_drag=-3.321e-04, P_cool=-6.513e-04, P_hv=-1.503e-07, WENO=0.031, rho_mean=1.000001, p_mean=0.715588, div_rms=9.891e-02, vort_rms=9.979e-01, mass_err=4.648e-05
step= 41000, t=107.269563, dt=2.536e-03, KE=3.595910e-02, Mt=0.2700, Mt_f=0.2568, Re_lambda2D=123.52, etaK/dx=2.160, etaOm/dx=3.897, chi_d=1.147e-02, A_K=0.073, Cuv=0.036, P_in=3.366e-03, P_tgt=2.709e-03, A_F=0.016, K_low=0.054, P_drag=-3.752e-04, P_cool=-7.522e-04, P_hv=-1.606e-07, WENO=0.024, rho_mean=1.000001, p_mean=0.715790, div_rms=1.035e-01, vort_rms=1.060e+00, mass_err=4.652e-05
step= 41500, t=108.563361, dt=2.530e-03, KE=3.762027e-02, Mt=0.2760, Mt_f=0.2650, Re_lambda2D=123.15, etaK/dx=2.137, etaOm/dx=3.886, chi_d=1.252e-02, A_K=0.018, Cuv=0.094, P_in=4.988e-03, P_tgt=2.659e-03, A_F=0.110, K_low=0.061, P_drag=-4.543e-04, P_cool=-7.379e-04, P_hv=-1.546e-07, WENO=0.030, rho_mean=1.000001, p_mean=0.715762, div_rms=1.080e-01, vort_rms=1.084e+00, mass_err=4.663e-05
step= 42000, t=109.844249, dt=2.621e-03, KE=3.856396e-02, Mt=0.2792, Mt_f=0.2732, Re_lambda2D=130.21, etaK/dx=2.141, etaOm/dx=3.837, chi_d=1.355e-02, A_K=0.137, Cuv=0.157, P_in=2.466e-03, P_tgt=2.575e-03, A_F=0.186, K_low=0.074, P_drag=-5.611e-04, P_cool=-8.077e-04, P_hv=-1.701e-07, WENO=0.028, rho_mean=1.000001, p_mean=0.715901, div_rms=1.122e-01, vort_rms=1.079e+00, mass_err=4.674e-05
step= 42060, t=110.000000, dt=1.301e-03, KE=3.889659e-02, Mt=0.2803, Mt_f=0.2738, Re_lambda2D=130.35, etaK/dx=2.136, etaOm/dx=3.827, chi_d=1.414e-02, A_K=0.170, Cuv=0.153, P_in=4.594e-03, P_tgt=2.563e-03, A_F=0.106, K_low=0.075, P_drag=-5.768e-04, P_cool=-8.053e-04, P_hv=-1.763e-07, WENO=0.029, rho_mean=1.000001, p_mean=0.715896, div_rms=1.173e-01, vort_rms=1.083e+00, mass_err=4.674e-05
saved snapshot: results/hit2d/solenoidal_Mt025_N512_CFL0p6/hit2d_step0042060.npz
completed 2D HIT run at t=110.000000 in 42060 steps
Post-processing Mt=0.25 at Wed Aug  5 09:52:29 PM CEST 2026
usage: hit2d_viewer.py [-h] [--snapshot-dir SNAPSHOT_DIR]
                       [--snapshot SNAPSHOT] [--output OUTPUT]
                       [--physics-plots] [--physics-output PHYSICS_OUTPUT]
                       [--history-output HISTORY_OUTPUT]
                       [--history-x-axis {turnover,time}]
                       [--turnover-length TURNOVER_LENGTH] [--show]
                       [--animate] [--physics-animate]
                       [--animation-output ANIMATION_OUTPUT]
                       [--physics-animation-output PHYSICS_ANIMATION_OUTPUT]
                       [--fps FPS] [--frame-stride FRAME_STRIDE]
                       [--limit-mode {robust,global}]
                       [--robust-percentile ROBUST_PERCENTILE]
                       [--limit-until-time LIMIT_UNTIL_TIME] [--run]
                       [--no-timestamp-dir] [--nx NX] [--ny NY]
                       [--tfinal TFINAL] [--cfl CFL] [--gamma GAMMA]
                       [--mach MACH] [--initial-kmin INITIAL_KMIN]
                       [--initial-kmax INITIAL_KMAX] [--viscosity VISCOSITY]
                       [--initial-re-lambda INITIAL_RE_LAMBDA] [--kf KF]
                       [--kf-min KF_MIN] [--kf-max KF_MAX]
                       [--p-target P_TARGET]
                       [--forcing-correlation-time FORCING_CORRELATION_TIME]
                       [--forcing-alpha-memory FORCING_ALPHA_MEMORY]
                       [--forcing-control-mode {filtered_power,instantaneous_power,fixed_rms}]
                       [--forcing-power-filter-time FORCING_POWER_FILTER_TIME]
                       [--forcing-alpha-response-time FORCING_ALPHA_RESPONSE_TIME]
                       [--forcing-alpha-max-fractional-rate FORCING_ALPHA_MAX_FRACTIONAL_RATE]
                       [--seed SEED] [--min-forcing-power MIN_FORCING_POWER]
                       [--max-forcing-rescale MAX_FORCING_RESCALE]
                       [--mach-control] [--mach-control-mode {smooth,legacy}]
                       [--mach-control-target MACH_CONTROL_TARGET]
                       [--mach-control-memory MACH_CONTROL_MEMORY]
                       [--mach-control-exponent MACH_CONTROL_EXPONENT]
                       [--mach-control-filter-time MACH_CONTROL_FILTER_TIME]
                       [--mach-control-response-time MACH_CONTROL_RESPONSE_TIME]
                       [--mach-control-deadband MACH_CONTROL_DEADBAND]
                       [--mach-control-max-log-rate MACH_CONTROL_MAX_LOG_RATE]
                       [--mach-control-min-power MACH_CONTROL_MIN_POWER]
                       [--mach-control-max-power MACH_CONTROL_MAX_POWER]
                       [--mn MN]
                       [--hyperviscosity-interval HYPERVISCOSITY_INTERVAL]
                       [--large-scale-drag LARGE_SCALE_DRAG]
                       [--drag-kmax DRAG_KMAX] [--cooling-time COOLING_TIME]
                       [--cooling-target-pressure COOLING_TARGET_PRESSURE]
                       [--diagnostics-every DIAGNOSTICS_EVERY]
                       [--snapshot-every SNAPSHOT_EVERY]
                       [--backend {auto,numpy,cupy}]
hit2d_viewer.py: error: unrecognized arguments: --diagnostic-plots-only
