Using array backend: cupy
step=     0, t=0.000000, dt=0.000e+00, KE=3.125000e-02, Mt=0.2500, A_K=0.000, Cuv=0.000, P_in=0.000e+00, P_tgt=0.000e+00, A_F=0.000, K_low=0.000, P_drag=0.000e+00, P_cool=0.000e+00, WENO=0.035, rho_mean=1.000000, p_mean=0.714286, div_rms=2.307e-15, vort_rms=9.749e-01, mass_err=0.000e+00
warning: cumulative forcing anisotropy is high (A_F=0.214)
step=  1000, t=1.436061, dt=1.431e-03, KE=3.036956e-02, Mt=0.2484, A_K=0.036, Cuv=-0.052, P_in=1.104e-03, P_tgt=1.073e-03, A_F=0.214, K_low=0.007, P_drag=-3.736e-05, P_cool=-3.872e-04, WENO=0.118, rho_mean=1.000000, p_mean=0.715060, div_rms=1.208e-01, vort_rms=9.715e-01, mass_err=-2.423e-12
step=  2000, t=2.873791, dt=1.451e-03, KE=3.091889e-02, Mt=0.2498, A_K=0.086, Cuv=-0.061, P_in=1.093e-03, P_tgt=1.096e-03, A_F=0.256, K_low=0.011, P_drag=-6.558e-05, P_cool=-4.554e-04, WENO=0.118, rho_mean=1.000000, p_mean=0.715196, div_rms=1.170e-01, vort_rms=9.752e-01, mass_err=-4.832e-12
step=  3000, t=4.331254, dt=1.472e-03, KE=3.131672e-02, Mt=0.2521, A_K=0.089, Cuv=-0.043, P_in=1.046e-03, P_tgt=1.049e-03, A_F=0.089, K_low=0.021, P_drag=-1.307e-04, P_cool=-5.456e-04, WENO=0.093, rho_mean=1.000000, p_mean=0.715377, div_rms=1.297e-01, vort_rms=9.703e-01, mass_err=-7.255e-12
step=  4000, t=5.796650, dt=1.440e-03, KE=3.174622e-02, Mt=0.2528, A_K=0.050, Cuv=-0.041, P_in=9.560e-04, P_tgt=9.448e-04, A_F=0.012, K_low=0.037, P_drag=-2.341e-04, P_cool=-5.431e-04, WENO=0.113, rho_mean=1.000000, p_mean=0.715372, div_rms=1.302e-01, vort_rms=9.588e-01, mass_err=-9.663e-12
step=  5000, t=7.241679, dt=1.455e-03, KE=3.148229e-02, Mt=0.2528, A_K=0.034, Cuv=-0.066, P_in=8.397e-04, P_tgt=8.473e-04, A_F=0.003, K_low=0.069, P_drag=-4.228e-04, P_cool=-6.019e-04, WENO=0.098, rho_mean=1.000000, p_mean=0.715490, div_rms=1.233e-01, vort_rms=9.422e-01, mass_err=-1.210e-11
saved snapshot: results/hit2d/CFL_study_0p08_Mt025_N128/hit2d_step0005000.npz
step=  6000, t=8.696350, dt=1.423e-03, KE=3.098049e-02, Mt=0.2502, A_K=0.070, Cuv=0.061, P_in=8.168e-04, P_tgt=8.088e-04, A_F=0.056, K_low=0.098, P_drag=-5.971e-04, P_cool=-6.106e-04, WENO=0.138, rho_mean=1.000000, p_mean=0.715507, div_rms=1.174e-01, vort_rms=9.344e-01, mass_err=-1.452e-11
step=  7000, t=10.133723, dt=1.443e-03, KE=3.033190e-02, Mt=0.2477, A_K=0.049, Cuv=0.150, P_in=8.383e-04, P_tgt=8.474e-04, A_F=0.008, K_low=0.112, P_drag=-6.685e-04, P_cool=-6.436e-04, WENO=0.099, rho_mean=1.000000, p_mean=0.715573, div_rms=1.128e-01, vort_rms=9.125e-01, mass_err=-1.693e-11
step=  8000, t=11.580715, dt=1.436e-03, KE=2.981813e-02, Mt=0.2457, A_K=0.070, Cuv=0.296, P_in=9.346e-04, P_tgt=9.714e-04, A_F=0.075, K_low=0.095, P_drag=-5.616e-04, P_cool=-6.471e-04, WENO=0.131, rho_mean=1.000000, p_mean=0.715580, div_rms=1.199e-01, vort_rms=8.977e-01, mass_err=-1.935e-11
step=  9000, t=13.035077, dt=1.467e-03, KE=2.978824e-02, Mt=0.2452, A_K=0.076, Cuv=0.272, P_in=1.170e-03, P_tgt=1.169e-03, A_F=0.104, K_low=0.074, P_drag=-4.387e-04, P_cool=-6.370e-04, WENO=0.145, rho_mean=1.000000, p_mean=0.715560, div_rms=1.150e-01, vort_rms=8.759e-01, mass_err=-2.176e-11
step= 10000, t=14.465202, dt=1.414e-03, KE=3.030638e-02, Mt=0.2470, A_K=0.108, Cuv=0.255, P_in=1.388e-03, P_tgt=1.365e-03, A_F=0.106, K_low=0.069, P_drag=-4.103e-04, P_cool=-6.456e-04, WENO=0.104, rho_mean=1.000000, p_mean=0.715577, div_rms=1.192e-01, vort_rms=8.777e-01, mass_err=-2.417e-11
saved snapshot: results/hit2d/CFL_study_0p08_Mt025_N128/hit2d_step0010000.npz
step= 11000, t=15.853578, dt=1.418e-03, KE=3.084594e-02, Mt=0.2492, A_K=0.053, Cuv=0.180, P_in=1.447e-03, P_tgt=1.453e-03, A_F=0.027, K_low=0.072, P_drag=-4.429e-04, P_cool=-6.389e-04, WENO=0.139, rho_mean=1.000000, p_mean=0.715563, div_rms=1.266e-01, vort_rms=8.828e-01, mass_err=-2.660e-11
step= 12000, t=17.288682, dt=1.438e-03, KE=3.130852e-02, Mt=0.2513, A_K=0.052, Cuv=0.143, P_in=1.421e-03, P_tgt=1.428e-03, A_F=0.036, K_low=0.076, P_drag=-4.699e-04, P_cool=-6.717e-04, WENO=0.126, rho_mean=1.000000, p_mean=0.715629, div_rms=1.186e-01, vort_rms=8.941e-01, mass_err=-2.901e-11
step= 13000, t=18.732289, dt=1.423e-03, KE=3.179397e-02, Mt=0.2531, A_K=0.039, Cuv=0.099, P_in=1.294e-03, P_tgt=1.295e-03, A_F=0.063, K_low=0.084, P_drag=-5.286e-04, P_cool=-6.373e-04, WENO=0.108, rho_mean=1.000000, p_mean=0.715560, div_rms=1.127e-01, vort_rms=9.033e-01, mass_err=-3.143e-11
step= 14000, t=20.137704, dt=1.408e-03, KE=3.172683e-02, Mt=0.2530, A_K=0.022, Cuv=0.104, P_in=1.143e-03, P_tgt=1.142e-03, A_F=0.016, K_low=0.097, P_drag=-6.095e-04, P_cool=-6.551e-04, WENO=0.119, rho_mean=1.000000, p_mean=0.715596, div_rms=1.173e-01, vort_rms=8.949e-01, mass_err=-3.386e-11
step= 15000, t=21.551568, dt=1.395e-03, KE=3.161430e-02, Mt=0.2523, A_K=0.049, Cuv=0.092, P_in=1.018e-03, P_tgt=1.027e-03, A_F=0.137, K_low=0.103, P_drag=-6.420e-04, P_cool=-6.206e-04, WENO=0.131, rho_mean=1.000000, p_mean=0.715527, div_rms=1.209e-01, vort_rms=8.798e-01, mass_err=-3.627e-11
saved snapshot: results/hit2d/CFL_study_0p08_Mt025_N128/hit2d_step0015000.npz
step= 16000, t=22.955890, dt=1.406e-03, KE=3.116534e-02, Mt=0.2506, A_K=0.126, Cuv=0.046, P_in=9.686e-04, P_tgt=9.704e-04, A_F=0.043, K_low=0.104, P_drag=-6.354e-04, P_cool=-6.333e-04, WENO=0.101, rho_mean=1.000000, p_mean=0.715552, div_rms=1.147e-01, vort_rms=8.617e-01, mass_err=-3.869e-11
warning: flow component anisotropy has increased over the last three diagnostic samples
step= 17000, t=24.369650, dt=1.402e-03, KE=3.071765e-02, Mt=0.2492, A_K=0.237, Cuv=0.087, P_in=9.762e-04, P_tgt=9.626e-04, A_F=0.216, K_low=0.104, P_drag=-6.327e-04, P_cool=-6.389e-04, WENO=0.110, rho_mean=1.000000, p_mean=0.715563, div_rms=1.094e-01, vort_rms=8.457e-01, mass_err=-4.111e-11
warning: flow component anisotropy has increased over the last three diagnostic samples
step= 18000, t=25.769415, dt=1.375e-03, KE=3.041542e-02, Mt=0.2480, A_K=0.274, Cuv=0.078, P_in=9.963e-04, P_tgt=1.023e-03, A_F=0.020, K_low=0.100, P_drag=-6.049e-04, P_cool=-6.292e-04, WENO=0.100, rho_mean=1.000000, p_mean=0.715544, div_rms=1.105e-01, vort_rms=8.486e-01, mass_err=-4.353e-11
step= 19000, t=27.120459, dt=1.322e-03, KE=3.016973e-02, Mt=0.2478, A_K=0.251, Cuv=0.164, P_in=1.122e-03, P_tgt=1.131e-03, A_F=0.065, K_low=0.104, P_drag=-6.087e-04, P_cool=-6.332e-04, WENO=0.160, rho_mean=1.000000, p_mean=0.715552, div_rms=1.159e-01, vort_rms=8.460e-01, mass_err=-4.596e-11
step= 20000, t=28.475209, dt=1.395e-03, KE=3.016196e-02, Mt=0.2476, A_K=0.236, Cuv=0.164, P_in=1.248e-03, P_tgt=1.247e-03, A_F=0.115, K_low=0.115, P_drag=-6.808e-04, P_cool=-6.235e-04, WENO=0.096, rho_mean=1.000000, p_mean=0.715533, div_rms=1.134e-01, vort_rms=8.566e-01, mass_err=-4.837e-11
saved snapshot: results/hit2d/CFL_study_0p08_Mt025_N128/hit2d_step0020000.npz
step= 21000, t=29.894117, dt=1.454e-03, KE=3.025902e-02, Mt=0.2471, A_K=0.205, Cuv=0.130, P_in=1.373e-03, P_tgt=1.380e-03, A_F=0.112, K_low=0.140, P_drag=-8.378e-04, P_cool=-5.922e-04, WENO=0.126, rho_mean=1.000000, p_mean=0.715470, div_rms=1.123e-01, vort_rms=8.633e-01, mass_err=-5.080e-11
step= 22000, t=31.358664, dt=1.453e-03, KE=2.994480e-02, Mt=0.2460, A_K=0.186, Cuv=0.014, P_in=1.567e-03, P_tgt=1.556e-03, A_F=0.007, K_low=0.166, P_drag=-9.899e-04, P_cool=-6.362e-04, WENO=0.118, rho_mean=1.000000, p_mean=0.715558, div_rms=1.076e-01, vort_rms=8.645e-01, mass_err=-5.323e-11
step= 23000, t=32.792346, dt=1.416e-03, KE=3.009329e-02, Mt=0.2466, A_K=0.140, Cuv=-0.072, P_in=1.818e-03, P_tgt=1.814e-03, A_F=0.049, K_low=0.194, P_drag=-1.153e-03, P_cool=-6.071e-04, WENO=0.093, rho_mean=1.000000, p_mean=0.715500, div_rms=1.068e-01, vort_rms=8.680e-01, mass_err=-5.564e-11
step= 24000, t=34.201731, dt=1.426e-03, KE=3.030371e-02, Mt=0.2474, A_K=0.009, Cuv=-0.118, P_in=2.058e-03, P_tgt=2.050e-03, A_F=0.123, K_low=0.212, P_drag=-1.279e-03, P_cool=-5.977e-04, WENO=0.110, rho_mean=1.000000, p_mean=0.715481, div_rms=1.089e-01, vort_rms=8.855e-01, mass_err=-5.806e-11
step= 25000, t=35.639504, dt=1.441e-03, KE=3.067154e-02, Mt=0.2486, A_K=0.083, Cuv=-0.109, P_in=2.226e-03, P_tgt=2.236e-03, A_F=0.004, K_low=0.215, P_drag=-1.317e-03, P_cool=-6.000e-04, WENO=0.100, rho_mean=1.000000, p_mean=0.715486, div_rms=1.061e-01, vort_rms=9.041e-01, mass_err=-6.047e-11
saved snapshot: results/hit2d/CFL_study_0p08_Mt025_N128/hit2d_step0025000.npz
step= 26000, t=37.083388, dt=1.459e-03, KE=3.122521e-02, Mt=0.2504, A_K=0.155, Cuv=-0.105, P_in=2.296e-03, P_tgt=2.302e-03, A_F=0.026, K_low=0.204, P_drag=-1.268e-03, P_cool=-5.975e-04, WENO=0.131, rho_mean=1.000000, p_mean=0.715481, div_rms=1.077e-01, vort_rms=9.127e-01, mass_err=-6.290e-11
step= 27000, t=38.507813, dt=1.378e-03, KE=3.149231e-02, Mt=0.2518, A_K=0.044, Cuv=-0.154, P_in=2.174e-03, P_tgt=2.221e-03, A_F=0.089, K_low=0.173, P_drag=-1.081e-03, P_cool=-6.748e-04, WENO=0.081, rho_mean=1.000000, p_mean=0.715635, div_rms=1.111e-01, vort_rms=9.288e-01, mass_err=-6.531e-11
step= 28000, t=39.863044, dt=1.331e-03, KE=3.214781e-02, Mt=0.2550, A_K=0.064, Cuv=-0.135, P_in=1.959e-03, P_tgt=1.929e-03, A_F=0.070, K_low=0.133, P_drag=-8.510e-04, P_cool=-6.688e-04, WENO=0.080, rho_mean=1.000000, p_mean=0.715623, div_rms=1.143e-01, vort_rms=9.506e-01, mass_err=-6.771e-11
warning: flow component anisotropy has increased over the last three diagnostic samples
step= 29000, t=41.218256, dt=1.384e-03, KE=3.212957e-02, Mt=0.2558, A_K=0.215, Cuv=-0.055, P_in=1.569e-03, P_tgt=1.575e-03, A_F=0.090, K_low=0.106, P_drag=-6.790e-04, P_cool=-7.447e-04, WENO=0.126, rho_mean=1.000000, p_mean=0.715775, div_rms=1.168e-01, vort_rms=9.475e-01, mass_err=-7.014e-11
warning: flow component anisotropy has increased over the last three diagnostic samples
step= 30000, t=42.587658, dt=1.351e-03, KE=3.235055e-02, Mt=0.2560, A_K=0.252, Cuv=-0.013, P_in=1.239e-03, P_tgt=1.245e-03, A_F=0.074, K_low=0.096, P_drag=-6.158e-04, P_cool=-7.124e-04, WENO=0.107, rho_mean=1.000000, p_mean=0.715711, div_rms=1.194e-01, vort_rms=9.363e-01, mass_err=-7.257e-11
saved snapshot: results/hit2d/CFL_study_0p08_Mt025_N128/hit2d_step0030000.npz
step= 31000, t=43.974275, dt=1.387e-03, KE=3.218222e-02, Mt=0.2550, A_K=0.185, Cuv=0.031, P_in=1.002e-03, P_tgt=1.003e-03, A_F=0.093, K_low=0.084, P_drag=-5.423e-04, P_cool=-7.027e-04, WENO=0.123, rho_mean=1.000000, p_mean=0.715691, div_rms=1.158e-01, vort_rms=9.078e-01, mass_err=-7.498e-11
step= 32000, t=45.370736, dt=1.419e-03, KE=3.156916e-02, Mt=0.2528, A_K=0.143, Cuv=0.074, P_in=8.507e-04, P_tgt=8.484e-04, A_F=0.326, K_low=0.087, P_drag=-5.491e-04, P_cool=-7.366e-04, WENO=0.097, rho_mean=1.000000, p_mean=0.715759, div_rms=1.164e-01, vort_rms=8.780e-01, mass_err=-7.741e-11
step= 33000, t=46.767848, dt=1.391e-03, KE=3.126633e-02, Mt=0.2516, A_K=0.007, Cuv=0.076, P_in=7.667e-04, P_tgt=7.678e-04, A_F=0.188, K_low=0.100, P_drag=-6.238e-04, P_cool=-6.646e-04, WENO=0.161, rho_mean=1.000000, p_mean=0.715615, div_rms=1.192e-01, vort_rms=8.537e-01, mass_err=-7.982e-11
step= 34000, t=48.110295, dt=1.311e-03, KE=3.044685e-02, Mt=0.2494, A_K=0.015, Cuv=0.095, P_in=7.551e-04, P_tgt=7.561e-04, A_F=0.300, K_low=0.121, P_drag=-7.275e-04, P_cool=-6.731e-04, WENO=0.100, rho_mean=1.000000, p_mean=0.715632, div_rms=1.141e-01, vort_rms=8.367e-01, mass_err=-8.225e-11
step= 35000, t=49.440058, dt=1.355e-03, KE=2.965799e-02, Mt=0.2460, A_K=0.009, Cuv=-0.027, P_in=8.209e-04, P_tgt=8.162e-04, A_F=0.042, K_low=0.142, P_drag=-8.375e-04, P_cool=-6.636e-04, WENO=0.116, rho_mean=1.000000, p_mean=0.715613, div_rms=1.158e-01, vort_rms=8.271e-01, mass_err=-8.468e-11
saved snapshot: results/hit2d/CFL_study_0p08_Mt025_N128/hit2d_step0035000.npz
step= 36000, t=50.810859, dt=1.384e-03, KE=2.910047e-02, Mt=0.2431, A_K=0.003, Cuv=-0.142, P_in=9.743e-04, P_tgt=1.017e-03, A_F=0.098, K_low=0.170, P_drag=-9.789e-04, P_cool=-6.017e-04, WENO=0.120, rho_mean=1.000000, p_mean=0.715489, div_rms=1.183e-01, vort_rms=8.272e-01, mass_err=-8.712e-11
step= 37000, t=52.219620, dt=1.404e-03, KE=2.850148e-02, Mt=0.2406, A_K=0.079, Cuv=-0.197, P_in=1.448e-03, P_tgt=1.450e-03, A_F=0.026, K_low=0.193, P_drag=-1.090e-03, P_cool=-6.015e-04, WENO=0.148, rho_mean=1.000000, p_mean=0.715489, div_rms=1.120e-01, vort_rms=8.446e-01, mass_err=-8.955e-11
step= 38000, t=53.626414, dt=1.410e-03, KE=2.850041e-02, Mt=0.2410, A_K=0.173, Cuv=-0.197, P_in=2.101e-03, P_tgt=2.111e-03, A_F=0.119, K_low=0.206, P_drag=-1.161e-03, P_cool=-6.175e-04, WENO=0.122, rho_mean=1.000000, p_mean=0.715521, div_rms=1.113e-01, vort_rms=8.606e-01, mass_err=-9.197e-11
step= 39000, t=55.029834, dt=1.385e-03, KE=2.920843e-02, Mt=0.2440, A_K=0.116, Cuv=-0.192, P_in=2.883e-03, P_tgt=2.901e-03, A_F=0.105, K_low=0.204, P_drag=-1.167e-03, P_cool=-6.795e-04, WENO=0.132, rho_mean=1.000000, p_mean=0.715645, div_rms=1.032e-01, vort_rms=8.956e-01, mass_err=-9.440e-11
step= 40000, t=56.407477, dt=1.389e-03, KE=3.114833e-02, Mt=0.2522, A_K=0.176, Cuv=-0.080, P_in=3.101e-03, P_tgt=3.126e-03, A_F=0.194, K_low=0.196, P_drag=-1.197e-03, P_cool=-6.388e-04, WENO=0.113, rho_mean=1.000000, p_mean=0.715563, div_rms=1.185e-01, vort_rms=9.289e-01, mass_err=-9.683e-11
saved snapshot: results/hit2d/CFL_study_0p08_Mt025_N128/hit2d_step0040000.npz
step= 41000, t=57.763442, dt=1.349e-03, KE=3.234747e-02, Mt=0.2566, A_K=0.199, Cuv=-0.056, P_in=2.580e-03, P_tgt=2.598e-03, A_F=0.101, K_low=0.175, P_drag=-1.116e-03, P_cool=-7.021e-04, WENO=0.119, rho_mean=1.000000, p_mean=0.715690, div_rms=1.233e-01, vort_rms=9.645e-01, mass_err=-9.926e-11
step= 42000, t=59.123593, dt=1.346e-03, KE=3.305888e-02, Mt=0.2593, A_K=0.175, Cuv=-0.019, P_in=1.945e-03, P_tgt=1.904e-03, A_F=0.020, K_low=0.143, P_drag=-9.241e-04, P_cool=-7.087e-04, WENO=0.132, rho_mean=1.000000, p_mean=0.715703, div_rms=1.378e-01, vort_rms=9.932e-01, mass_err=-1.017e-10
step= 43000, t=60.446813, dt=1.347e-03, KE=3.310137e-02, Mt=0.2592, A_K=0.095, Cuv=-0.000, P_in=1.329e-03, P_tgt=1.335e-03, A_F=0.118, K_low=0.117, P_drag=-7.629e-04, P_cool=-7.130e-04, WENO=0.115, rho_mean=1.000000, p_mean=0.715712, div_rms=1.334e-01, vort_rms=9.876e-01, mass_err=-1.041e-10
step= 44000, t=61.805415, dt=1.341e-03, KE=3.254456e-02, Mt=0.2569, A_K=0.022, Cuv=0.144, P_in=9.987e-04, P_tgt=9.800e-04, A_F=0.183, K_low=0.114, P_drag=-7.323e-04, P_cool=-7.383e-04, WENO=0.126, rho_mean=1.000000, p_mean=0.715762, div_rms=1.288e-01, vort_rms=9.608e-01, mass_err=-1.065e-10
step= 45000, t=63.104128, dt=1.275e-03, KE=3.152504e-02, Mt=0.2538, A_K=0.182, Cuv=0.175, P_in=7.798e-04, P_tgt=7.873e-04, A_F=0.061, K_low=0.129, P_drag=-7.893e-04, P_cool=-7.850e-04, WENO=0.135, rho_mean=1.000000, p_mean=0.715856, div_rms=1.427e-01, vort_rms=9.516e-01, mass_err=-1.089e-10
saved snapshot: results/hit2d/CFL_study_0p08_Mt025_N128/hit2d_step0045000.npz
step= 46000, t=64.389354, dt=1.304e-03, KE=3.063841e-02, Mt=0.2499, A_K=0.169, Cuv=0.128, P_in=7.226e-04, P_tgt=7.305e-04, A_F=0.300, K_low=0.127, P_drag=-7.689e-04, P_cool=-7.550e-04, WENO=0.142, rho_mean=1.000000, p_mean=0.715796, div_rms=1.404e-01, vort_rms=9.227e-01, mass_err=-1.114e-10
step= 47000, t=65.725111, dt=1.333e-03, KE=2.993008e-02, Mt=0.2469, A_K=0.146, Cuv=0.189, P_in=7.781e-04, P_tgt=7.795e-04, A_F=0.083, K_low=0.126, P_drag=-7.410e-04, P_cool=-7.023e-04, WENO=0.121, rho_mean=1.000000, p_mean=0.715690, div_rms=1.283e-01, vort_rms=9.058e-01, mass_err=-1.138e-10
step= 48000, t=67.089985, dt=1.382e-03, KE=2.899746e-02, Mt=0.2437, A_K=0.003, Cuv=0.051, P_in=9.622e-04, P_tgt=9.560e-04, A_F=0.129, K_low=0.113, P_drag=-6.424e-04, P_cool=-7.396e-04, WENO=0.139, rho_mean=1.000000, p_mean=0.715765, div_rms=1.374e-01, vort_rms=8.840e-01, mass_err=-1.162e-10
step= 49000, t=68.478795, dt=1.417e-03, KE=2.875202e-02, Mt=0.2422, A_K=0.048, Cuv=0.064, P_in=1.308e-03, P_tgt=1.297e-03, A_F=0.167, K_low=0.105, P_drag=-5.929e-04, P_cool=-7.258e-04, WENO=0.123, rho_mean=1.000000, p_mean=0.715737, div_rms=1.296e-01, vort_rms=8.724e-01, mass_err=-1.186e-10
step= 50000, t=69.894808, dt=1.395e-03, KE=2.933179e-02, Mt=0.2446, A_K=0.133, Cuv=0.031, P_in=1.678e-03, P_tgt=1.710e-03, A_F=0.052, K_low=0.111, P_drag=-6.435e-04, P_cool=-6.669e-04, WENO=0.124, rho_mean=1.000000, p_mean=0.715620, div_rms=1.298e-01, vort_rms=8.826e-01, mass_err=-1.211e-10
saved snapshot: results/hit2d/CFL_study_0p08_Mt025_N128/hit2d_step0050000.npz
step= 51000, t=71.286177, dt=1.388e-03, KE=2.973706e-02, Mt=0.2468, A_K=0.199, Cuv=0.106, P_in=2.009e-03, P_tgt=2.001e-03, A_F=0.039, K_low=0.118, P_drag=-6.841e-04, P_cool=-7.347e-04, WENO=0.132, rho_mean=1.000000, p_mean=0.715755, div_rms=1.206e-01, vort_rms=8.708e-01, mass_err=-1.235e-10
step= 52000, t=72.691402, dt=1.435e-03, KE=3.120722e-02, Mt=0.2518, A_K=0.147, Cuv=0.035, P_in=2.022e-03, P_tgt=2.043e-03, A_F=0.016, K_low=0.116, P_drag=-7.101e-04, P_cool=-6.393e-04, WENO=0.139, rho_mean=1.000000, p_mean=0.715564, div_rms=1.331e-01, vort_rms=8.770e-01, mass_err=-1.259e-10
step= 53000, t=74.079580, dt=1.336e-03, KE=3.203669e-02, Mt=0.2547, A_K=0.074, Cuv=0.018, P_in=1.812e-03, P_tgt=1.810e-03, A_F=0.224, K_low=0.120, P_drag=-7.580e-04, P_cool=-6.360e-04, WENO=0.114, rho_mean=1.000000, p_mean=0.715558, div_rms=1.421e-01, vort_rms=8.792e-01, mass_err=-1.283e-10
step= 54000, t=75.413364, dt=1.323e-03, KE=3.193847e-02, Mt=0.2548, A_K=0.029, Cuv=0.010, P_in=1.486e-03, P_tgt=1.495e-03, A_F=0.136, K_low=0.133, P_drag=-8.350e-04, P_cool=-7.028e-04, WENO=0.098, rho_mean=1.000000, p_mean=0.715691, div_rms=1.380e-01, vort_rms=8.790e-01, mass_err=-1.307e-10
step= 55000, t=76.744995, dt=1.388e-03, KE=3.207133e-02, Mt=0.2544, A_K=0.013, Cuv=-0.044, P_in=1.200e-03, P_tgt=1.225e-03, A_F=0.044, K_low=0.145, P_drag=-9.165e-04, P_cool=-6.349e-04, WENO=0.117, rho_mean=1.000000, p_mean=0.715555, div_rms=1.414e-01, vort_rms=8.816e-01, mass_err=-1.332e-10
saved snapshot: results/hit2d/CFL_study_0p08_Mt025_N128/hit2d_step0055000.npz
step= 56000, t=78.158972, dt=1.415e-03, KE=3.137952e-02, Mt=0.2523, A_K=0.031, Cuv=-0.109, P_in=1.076e-03, P_tgt=1.072e-03, A_F=0.060, K_low=0.154, P_drag=-9.544e-04, P_cool=-6.522e-04, WENO=0.103, rho_mean=1.000000, p_mean=0.715590, div_rms=1.425e-01, vort_rms=8.746e-01, mass_err=-1.356e-10
step= 57000, t=79.544708, dt=1.375e-03, KE=3.071816e-02, Mt=0.2492, A_K=0.008, Cuv=-0.144, P_in=1.024e-03, P_tgt=1.054e-03, A_F=0.133, K_low=0.147, P_drag=-8.907e-04, P_cool=-6.382e-04, WENO=0.138, rho_mean=1.000000, p_mean=0.715562, div_rms=1.402e-01, vort_rms=8.569e-01, mass_err=-1.380e-10
step= 58000, t=80.914758, dt=1.361e-03, KE=2.998809e-02, Mt=0.2472, A_K=0.089, Cuv=-0.116, P_in=1.142e-03, P_tgt=1.135e-03, A_F=0.256, K_low=0.129, P_drag=-7.718e-04, P_cool=-6.701e-04, WENO=0.126, rho_mean=1.000000, p_mean=0.715626, div_rms=1.435e-01, vort_rms=8.467e-01, mass_err=-1.404e-10
step= 59000, t=82.288046, dt=1.378e-03, KE=2.976024e-02, Mt=0.2461, A_K=0.063, Cuv=-0.098, P_in=1.273e-03, P_tgt=1.280e-03, A_F=0.032, K_low=0.100, P_drag=-5.974e-04, P_cool=-6.775e-04, WENO=0.136, rho_mean=1.000000, p_mean=0.715641, div_rms=1.363e-01, vort_rms=8.475e-01, mass_err=-1.428e-10
step= 60000, t=83.593787, dt=1.268e-03, KE=2.988618e-02, Mt=0.2489, A_K=0.182, Cuv=-0.051, P_in=1.417e-03, P_tgt=1.415e-03, A_F=0.186, K_low=0.084, P_drag=-5.032e-04, P_cool=-6.921e-04, WENO=0.137, rho_mean=1.000000, p_mean=0.715670, div_rms=1.426e-01, vort_rms=8.521e-01, mass_err=-1.452e-10
saved snapshot: results/hit2d/CFL_study_0p08_Mt025_N128/hit2d_step0060000.npz
step= 61000, t=84.876637, dt=1.272e-03, KE=3.085653e-02, Mt=0.2513, A_K=0.068, Cuv=-0.061, P_in=1.466e-03, P_tgt=1.471e-03, A_F=0.069, K_low=0.078, P_drag=-4.850e-04, P_cool=-6.265e-04, WENO=0.134, rho_mean=1.000000, p_mean=0.715539, div_rms=1.538e-01, vort_rms=8.811e-01, mass_err=-1.477e-10
step= 62000, t=86.138343, dt=1.306e-03, KE=3.101547e-02, Mt=0.2522, A_K=0.123, Cuv=-0.033, P_in=1.365e-03, P_tgt=1.360e-03, A_F=0.270, K_low=0.090, P_drag=-5.545e-04, P_cool=-6.604e-04, WENO=0.153, rho_mean=1.000000, p_mean=0.715606, div_rms=1.417e-01, vort_rms=8.872e-01, mass_err=-1.501e-10
step= 63000, t=87.470220, dt=1.353e-03, KE=3.110914e-02, Mt=0.2525, A_K=0.049, Cuv=0.001, P_in=1.211e-03, P_tgt=1.218e-03, A_F=0.104, K_low=0.099, P_drag=-6.121e-04, P_cool=-6.594e-04, WENO=0.088, rho_mean=1.000000, p_mean=0.715605, div_rms=1.404e-01, vort_rms=8.812e-01, mass_err=-1.525e-10
step= 64000, t=88.798896, dt=1.293e-03, KE=3.104027e-02, Mt=0.2524, A_K=0.090, Cuv=0.001, P_in=1.105e-03, P_tgt=1.101e-03, A_F=0.003, K_low=0.098, P_drag=-5.985e-04, P_cool=-6.475e-04, WENO=0.138, rho_mean=1.000000, p_mean=0.715581, div_rms=1.305e-01, vort_rms=8.773e-01, mass_err=-1.549e-10
step= 65000, t=90.074267, dt=1.288e-03, KE=3.080042e-02, Mt=0.2519, A_K=0.101, Cuv=0.052, P_in=1.003e-03, P_tgt=1.022e-03, A_F=0.018, K_low=0.094, P_drag=-5.698e-04, P_cool=-6.467e-04, WENO=0.152, rho_mean=1.000000, p_mean=0.715579, div_rms=1.377e-01, vort_rms=8.662e-01, mass_err=-1.574e-10
saved snapshot: results/hit2d/CFL_study_0p08_Mt025_N128/hit2d_step0065000.npz
step= 66000, t=91.409041, dt=1.354e-03, KE=3.067409e-02, Mt=0.2502, A_K=0.129, Cuv=0.123, P_in=9.633e-04, P_tgt=9.633e-04, A_F=0.133, K_low=0.085, P_drag=-5.217e-04, P_cool=-6.265e-04, WENO=0.132, rho_mean=1.000000, p_mean=0.715539, div_rms=1.262e-01, vort_rms=8.568e-01, mass_err=-1.598e-10
step= 67000, t=92.773324, dt=1.373e-03, KE=3.066498e-02, Mt=0.2502, A_K=0.150, Cuv=0.289, P_in=9.514e-04, P_tgt=9.466e-04, A_F=0.031, K_low=0.073, P_drag=-4.412e-04, P_cool=-5.975e-04, WENO=0.121, rho_mean=1.000000, p_mean=0.715481, div_rms=1.261e-01, vort_rms=8.485e-01, mass_err=-1.622e-10
step= 68000, t=94.171803, dt=1.407e-03, KE=3.056453e-02, Mt=0.2495, A_K=0.060, Cuv=0.245, P_in=9.538e-04, P_tgt=9.541e-04, A_F=0.141, K_low=0.066, P_drag=-4.047e-04, P_cool=-5.975e-04, WENO=0.140, rho_mean=1.000000, p_mean=0.715481, div_rms=1.222e-01, vort_rms=8.463e-01, mass_err=-1.646e-10
step= 69000, t=95.552732, dt=1.359e-03, KE=3.067075e-02, Mt=0.2500, A_K=0.013, Cuv=0.194, P_in=9.695e-04, P_tgt=9.580e-04, A_F=0.215, K_low=0.072, P_drag=-4.442e-04, P_cool=-5.681e-04, WENO=0.125, rho_mean=1.000000, p_mean=0.715422, div_rms=1.258e-01, vort_rms=8.328e-01, mass_err=-1.670e-10
step= 70000, t=96.901634, dt=1.348e-03, KE=3.041595e-02, Mt=0.2495, A_K=0.037, Cuv=0.028, P_in=9.561e-04, P_tgt=9.613e-04, A_F=0.210, K_low=0.085, P_drag=-5.116e-04, P_cool=-5.950e-04, WENO=0.079, rho_mean=1.000000, p_mean=0.715476, div_rms=1.264e-01, vort_rms=8.230e-01, mass_err=-1.695e-10
saved snapshot: results/hit2d/CFL_study_0p08_Mt025_N128/hit2d_step0070000.npz
step= 71000, t=98.259011, dt=1.383e-03, KE=3.038960e-02, Mt=0.2488, A_K=0.128, Cuv=-0.101, P_in=1.014e-03, P_tgt=1.011e-03, A_F=0.043, K_low=0.102, P_drag=-6.190e-04, P_cool=-5.540e-04, WENO=0.123, rho_mean=1.000000, p_mean=0.715394, div_rms=1.199e-01, vort_rms=8.162e-01, mass_err=-1.719e-10
warning: flow component anisotropy has increased over the last three diagnostic samples
step= 72000, t=99.629910, dt=1.378e-03, KE=2.978864e-02, Mt=0.2476, A_K=0.208, Cuv=-0.170, P_in=1.065e-03, P_tgt=1.068e-03, A_F=0.108, K_low=0.129, P_drag=-7.523e-04, P_cool=-6.110e-04, WENO=0.113, rho_mean=1.000000, p_mean=0.715508, div_rms=1.176e-01, vort_rms=7.930e-01, mass_err=-1.743e-10
warning: flow component anisotropy has increased over the last three diagnostic samples
step= 73000, t=101.027321, dt=1.413e-03, KE=2.982230e-02, Mt=0.2465, A_K=0.242, Cuv=-0.048, P_in=1.206e-03, P_tgt=1.204e-03, A_F=0.015, K_low=0.148, P_drag=-8.769e-04, P_cool=-5.365e-04, WENO=0.098, rho_mean=1.000000, p_mean=0.715359, div_rms=1.123e-01, vort_rms=7.922e-01, mass_err=-1.768e-10
step= 74000, t=102.396275, dt=1.368e-03, KE=2.973032e-02, Mt=0.2460, A_K=0.220, Cuv=0.039, P_in=1.419e-03, P_tgt=1.394e-03, A_F=0.123, K_low=0.162, P_drag=-9.492e-04, P_cool=-5.166e-04, WENO=0.100, rho_mean=1.000000, p_mean=0.715319, div_rms=1.160e-01, vort_rms=8.096e-01, mass_err=-1.792e-10
step= 75000, t=103.765913, dt=1.375e-03, KE=2.990972e-02, Mt=0.2453, A_K=0.192, Cuv=0.176, P_in=1.685e-03, P_tgt=1.713e-03, A_F=0.276, K_low=0.155, P_drag=-9.267e-04, P_cool=-5.005e-04, WENO=0.164, rho_mean=1.000000, p_mean=0.715287, div_rms=1.174e-01, vort_rms=8.225e-01, mass_err=-1.816e-10
saved snapshot: results/hit2d/CFL_study_0p08_Mt025_N128/hit2d_step0075000.npz
step= 76000, t=105.131743, dt=1.354e-03, KE=3.025216e-02, Mt=0.2482, A_K=0.152, Cuv=0.189, P_in=1.967e-03, P_tgt=1.966e-03, A_F=0.091, K_low=0.141, P_drag=-8.468e-04, P_cool=-5.547e-04, WENO=0.120, rho_mean=1.000000, p_mean=0.715395, div_rms=1.204e-01, vort_rms=8.330e-01, mass_err=-1.840e-10
step= 77000, t=106.480902, dt=1.316e-03, KE=3.118696e-02, Mt=0.2508, A_K=0.022, Cuv=0.102, P_in=2.080e-03, P_tgt=2.038e-03, A_F=0.193, K_low=0.121, P_drag=-7.549e-04, P_cool=-5.474e-04, WENO=0.116, rho_mean=1.000000, p_mean=0.715381, div_rms=1.198e-01, vort_rms=8.865e-01, mass_err=-1.864e-10
step= 78000, t=107.850246, dt=1.438e-03, KE=3.180627e-02, Mt=0.2540, A_K=0.115, Cuv=0.086, P_in=1.838e-03, P_tgt=1.830e-03, A_F=0.136, K_low=0.100, P_drag=-6.309e-04, P_cool=-6.175e-04, WENO=0.132, rho_mean=1.000000, p_mean=0.715521, div_rms=1.218e-01, vort_rms=9.121e-01, mass_err=-1.889e-10
step= 79000, t=109.283953, dt=1.418e-03, KE=3.250407e-02, Mt=0.2562, A_K=0.037, Cuv=0.085, P_in=1.494e-03, P_tgt=1.490e-03, A_F=0.143, K_low=0.074, P_drag=-4.875e-04, P_cool=-6.209e-04, WENO=0.114, rho_mean=1.000000, p_mean=0.715528, div_rms=1.221e-01, vort_rms=9.250e-01, mass_err=-1.913e-10
step= 79502, t=110.000000, dt=9.647e-04, KE=3.251590e-02, Mt=0.2568, A_K=0.044, Cuv=0.133, P_in=1.303e-03, P_tgt=1.310e-03, A_F=0.148, K_low=0.069, P_drag=-4.539e-04, P_cool=-6.609e-04, WENO=0.111, rho_mean=1.000000, p_mean=0.715608, div_rms=1.180e-01, vort_rms=9.282e-01, mass_err=-1.925e-10
saved snapshot: results/hit2d/CFL_study_0p08_Mt025_N128/hit2d_step0079502.npz
completed 2D HIT run at t=110.000000 in 79502 steps
