Using array backend: cupy
step=     0, t=0.000000, dt=0.000e+00, KE=3.125000e-02, Mt=0.2500, A_K=0.000, Cuv=0.000, P_in=0.000e+00, P_tgt=0.000e+00, A_F=0.000, K_low=0.000, P_drag=0.000e+00, P_cool=0.000e+00, WENO=0.035, rho_mean=1.000000, p_mean=0.714286, div_rms=2.307e-15, vort_rms=9.749e-01, mass_err=0.000e+00
warning: cumulative forcing anisotropy is high (A_F=0.226)
step=  1000, t=1.796890, dt=1.794e-03, KE=3.050808e-02, Mt=0.2490, A_K=0.040, Cuv=-0.029, P_in=1.124e-03, P_tgt=1.073e-03, A_F=0.226, K_low=0.009, P_drag=-5.307e-05, P_cool=-4.033e-04, WENO=0.108, rho_mean=1.000000, p_mean=0.715092, div_rms=1.268e-01, vort_rms=9.742e-01, mass_err=-2.423e-12
step=  2000, t=3.600142, dt=1.833e-03, KE=3.112625e-02, Mt=0.2509, A_K=0.095, Cuv=-0.039, P_in=1.069e-03, P_tgt=1.071e-03, A_F=0.233, K_low=0.019, P_drag=-1.124e-04, P_cool=-4.853e-04, WENO=0.100, rho_mean=1.000000, p_mean=0.715256, div_rms=1.290e-01, vort_rms=9.743e-01, mass_err=-4.832e-12
step=  3000, t=5.388377, dt=1.768e-03, KE=3.161580e-02, Mt=0.2531, A_K=0.100, Cuv=-0.038, P_in=1.001e-03, P_tgt=9.960e-04, A_F=0.093, K_low=0.031, P_drag=-1.930e-04, P_cool=-5.535e-04, WENO=0.113, rho_mean=1.000000, p_mean=0.715393, div_rms=1.347e-01, vort_rms=9.732e-01, mass_err=-7.248e-12
step=  4000, t=7.176364, dt=1.761e-03, KE=3.175147e-02, Mt=0.2538, A_K=0.008, Cuv=-0.068, P_in=8.896e-04, P_tgt=8.764e-04, A_F=0.011, K_low=0.049, P_drag=-3.019e-04, P_cool=-6.399e-04, WENO=0.076, rho_mean=1.000000, p_mean=0.715565, div_rms=1.407e-01, vort_rms=9.569e-01, mass_err=-9.663e-12
step=  5000, t=8.936436, dt=1.747e-03, KE=3.211046e-02, Mt=0.2543, A_K=0.097, Cuv=-0.034, P_in=7.549e-04, P_tgt=7.641e-04, A_F=0.010, K_low=0.065, P_drag=-4.119e-04, P_cool=-6.300e-04, WENO=0.119, rho_mean=1.000000, p_mean=0.715546, div_rms=1.372e-01, vort_rms=9.466e-01, mass_err=-1.208e-11
saved snapshot: results/hit2d/CFL_study_0p10_Mt025_N128/hit2d_step0005000.npz
step=  6000, t=10.690436, dt=1.771e-03, KE=3.147999e-02, Mt=0.2520, A_K=0.066, Cuv=0.077, P_in=6.884e-04, P_tgt=6.833e-04, A_F=0.083, K_low=0.087, P_drag=-5.335e-04, P_cool=-6.346e-04, WENO=0.109, rho_mean=1.000000, p_mean=0.715555, div_rms=1.419e-01, vort_rms=9.240e-01, mass_err=-1.450e-11
step=  7000, t=12.480456, dt=1.794e-03, KE=3.058532e-02, Mt=0.2487, A_K=0.076, Cuv=0.204, P_in=6.712e-04, P_tgt=6.700e-04, A_F=0.013, K_low=0.095, P_drag=-5.684e-04, P_cool=-6.908e-04, WENO=0.138, rho_mean=1.000000, p_mean=0.715667, div_rms=1.304e-01, vort_rms=9.205e-01, mass_err=-1.692e-11
step=  8000, t=14.260724, dt=1.782e-03, KE=2.992166e-02, Mt=0.2460, A_K=0.101, Cuv=0.122, P_in=7.424e-04, P_tgt=7.568e-04, A_F=0.088, K_low=0.077, P_drag=-4.593e-04, P_cool=-6.476e-04, WENO=0.117, rho_mean=1.000000, p_mean=0.715581, div_rms=1.374e-01, vort_rms=8.901e-01, mass_err=-1.934e-11
step=  9000, t=16.047634, dt=1.795e-03, KE=2.968128e-02, Mt=0.2447, A_K=0.149, Cuv=0.038, P_in=9.314e-04, P_tgt=9.372e-04, A_F=0.091, K_low=0.055, P_drag=-3.280e-04, P_cool=-6.237e-04, WENO=0.124, rho_mean=1.000000, p_mean=0.715533, div_rms=1.407e-01, vort_rms=8.722e-01, mass_err=-2.176e-11
step= 10000, t=17.829288, dt=1.776e-03, KE=2.966354e-02, Mt=0.2449, A_K=0.189, Cuv=-0.103, P_in=1.181e-03, P_tgt=1.172e-03, A_F=0.109, K_low=0.051, P_drag=-3.100e-04, P_cool=-6.596e-04, WENO=0.154, rho_mean=1.000000, p_mean=0.715605, div_rms=1.295e-01, vort_rms=8.582e-01, mass_err=-2.417e-11
saved snapshot: results/hit2d/CFL_study_0p10_Mt025_N128/hit2d_step0010000.npz
step= 11000, t=19.616091, dt=1.803e-03, KE=3.026507e-02, Mt=0.2474, A_K=0.200, Cuv=-0.131, P_in=1.389e-03, P_tgt=1.344e-03, A_F=0.007, K_low=0.062, P_drag=-3.741e-04, P_cool=-6.484e-04, WENO=0.141, rho_mean=1.000000, p_mean=0.715582, div_rms=1.239e-01, vort_rms=8.548e-01, mass_err=-2.660e-11
step= 12000, t=21.382103, dt=1.772e-03, KE=3.093272e-02, Mt=0.2501, A_K=0.101, Cuv=-0.186, P_in=1.232e-03, P_tgt=1.383e-03, A_F=0.013, K_low=0.079, P_drag=-4.914e-04, P_cool=-6.352e-04, WENO=0.149, rho_mean=1.000000, p_mean=0.715556, div_rms=1.261e-01, vort_rms=8.767e-01, mass_err=-2.901e-11
step= 13000, t=23.120363, dt=1.738e-03, KE=3.142319e-02, Mt=0.2518, A_K=0.000, Cuv=-0.207, P_in=1.321e-03, P_tgt=1.319e-03, A_F=0.053, K_low=0.104, P_drag=-6.508e-04, P_cool=-6.125e-04, WENO=0.115, rho_mean=1.000000, p_mean=0.715511, div_rms=1.268e-01, vort_rms=8.784e-01, mass_err=-3.144e-11
step= 14000, t=24.887174, dt=1.793e-03, KE=3.121981e-02, Mt=0.2516, A_K=0.007, Cuv=-0.190, P_in=1.318e-03, P_tgt=1.238e-03, A_F=0.006, K_low=0.140, P_drag=-8.589e-04, P_cool=-6.370e-04, WENO=0.116, rho_mean=1.000000, p_mean=0.715560, div_rms=1.243e-01, vort_rms=8.752e-01, mass_err=-3.386e-11
step= 15000, t=26.633417, dt=1.709e-03, KE=3.057166e-02, Mt=0.2491, A_K=0.097, Cuv=-0.141, P_in=1.205e-03, P_tgt=1.205e-03, A_F=0.121, K_low=0.161, P_drag=-9.800e-04, P_cool=-6.463e-04, WENO=0.112, rho_mean=1.000000, p_mean=0.715578, div_rms=1.331e-01, vort_rms=8.605e-01, mass_err=-3.629e-11
saved snapshot: results/hit2d/CFL_study_0p10_Mt025_N128/hit2d_step0015000.npz
step= 16000, t=28.343561, dt=1.718e-03, KE=2.995497e-02, Mt=0.2468, A_K=0.100, Cuv=-0.084, P_in=1.305e-03, P_tgt=1.310e-03, A_F=0.049, K_low=0.175, P_drag=-1.039e-03, P_cool=-6.303e-04, WENO=0.118, rho_mean=1.000000, p_mean=0.715546, div_rms=1.248e-01, vort_rms=8.344e-01, mass_err=-3.870e-11
step= 17000, t=30.066340, dt=1.730e-03, KE=2.951165e-02, Mt=0.2449, A_K=0.008, Cuv=0.007, P_in=1.546e-03, P_tgt=1.530e-03, A_F=0.227, K_low=0.176, P_drag=-1.029e-03, P_cool=-6.399e-04, WENO=0.118, rho_mean=1.000000, p_mean=0.715565, div_rms=1.271e-01, vort_rms=8.447e-01, mass_err=-4.113e-11
step= 18000, t=31.778525, dt=1.683e-03, KE=2.960388e-02, Mt=0.2452, A_K=0.157, Cuv=-0.104, P_in=1.845e-03, P_tgt=1.832e-03, A_F=0.001, K_low=0.187, P_drag=-1.103e-03, P_cool=-6.291e-04, WENO=0.126, rho_mean=1.000000, p_mean=0.715544, div_rms=1.284e-01, vort_rms=8.673e-01, mass_err=-4.354e-11
step= 19000, t=33.419640, dt=1.670e-03, KE=3.000994e-02, Mt=0.2472, A_K=0.177, Cuv=-0.126, P_in=1.996e-03, P_tgt=2.089e-03, A_F=0.105, K_low=0.193, P_drag=-1.147e-03, P_cool=-6.166e-04, WENO=0.128, rho_mean=1.000000, p_mean=0.715519, div_rms=1.264e-01, vort_rms=9.009e-01, mass_err=-4.597e-11
warning: flow component anisotropy has increased over the last three diagnostic samples
step= 20000, t=35.109332, dt=1.759e-03, KE=3.090934e-02, Mt=0.2501, A_K=0.212, Cuv=-0.162, P_in=2.251e-03, P_tgt=2.253e-03, A_F=0.127, K_low=0.173, P_drag=-1.065e-03, P_cool=-5.895e-04, WENO=0.103, rho_mean=1.000000, p_mean=0.715465, div_rms=1.367e-01, vort_rms=9.106e-01, mass_err=-4.840e-11
saved snapshot: results/hit2d/CFL_study_0p10_Mt025_N128/hit2d_step0020000.npz
step= 21000, t=36.863824, dt=1.724e-03, KE=3.156343e-02, Mt=0.2531, A_K=0.170, Cuv=-0.052, P_in=2.089e-03, P_tgt=2.086e-03, A_F=0.127, K_low=0.129, P_drag=-8.129e-04, P_cool=-6.690e-04, WENO=0.102, rho_mean=1.000000, p_mean=0.715624, div_rms=1.376e-01, vort_rms=9.287e-01, mass_err=-5.081e-11
step= 22000, t=38.565090, dt=1.708e-03, KE=3.231410e-02, Mt=0.2572, A_K=0.021, Cuv=-0.079, P_in=1.713e-03, P_tgt=1.700e-03, A_F=0.006, K_low=0.109, P_drag=-6.868e-04, P_cool=-7.031e-04, WENO=0.113, rho_mean=1.000000, p_mean=0.715692, div_rms=1.308e-01, vort_rms=9.666e-01, mass_err=-5.323e-11
step= 23000, t=40.257910, dt=1.679e-03, KE=3.263496e-02, Mt=0.2581, A_K=0.163, Cuv=-0.192, P_in=1.294e-03, P_tgt=1.293e-03, A_F=0.051, K_low=0.103, P_drag=-6.627e-04, P_cool=-6.713e-04, WENO=0.116, rho_mean=1.000000, p_mean=0.715628, div_rms=1.531e-01, vort_rms=9.681e-01, mass_err=-5.566e-11
step= 24000, t=41.958307, dt=1.677e-03, KE=3.201903e-02, Mt=0.2556, A_K=0.189, Cuv=-0.209, P_in=1.037e-03, P_tgt=1.015e-03, A_F=0.122, K_low=0.099, P_drag=-6.243e-04, P_cool=-7.281e-04, WENO=0.124, rho_mean=1.000000, p_mean=0.715742, div_rms=1.446e-01, vort_rms=9.642e-01, mass_err=-5.807e-11
step= 25000, t=43.646780, dt=1.713e-03, KE=3.179336e-02, Mt=0.2549, A_K=0.056, Cuv=-0.205, P_in=8.424e-04, P_tgt=8.398e-04, A_F=0.004, K_low=0.080, P_drag=-4.947e-04, P_cool=-7.687e-04, WENO=0.101, rho_mean=1.000000, p_mean=0.715823, div_rms=1.497e-01, vort_rms=9.499e-01, mass_err=-6.050e-11
saved snapshot: results/hit2d/CFL_study_0p10_Mt025_N128/hit2d_step0025000.npz
step= 26000, t=45.360116, dt=1.727e-03, KE=3.150073e-02, Mt=0.2530, A_K=0.091, Cuv=-0.191, P_in=7.103e-04, P_tgt=7.127e-04, A_F=0.039, K_low=0.066, P_drag=-4.145e-04, P_cool=-6.910e-04, WENO=0.138, rho_mean=1.000000, p_mean=0.715668, div_rms=1.492e-01, vort_rms=9.272e-01, mass_err=-6.292e-11
step= 27000, t=47.104066, dt=1.740e-03, KE=3.057490e-02, Mt=0.2501, A_K=0.140, Cuv=-0.195, P_in=6.657e-04, P_tgt=6.792e-04, A_F=0.092, K_low=0.078, P_drag=-4.770e-04, P_cool=-7.140e-04, WENO=0.125, rho_mean=1.000000, p_mean=0.715714, div_rms=1.474e-01, vort_rms=8.929e-01, mass_err=-6.534e-11
step= 28000, t=48.841698, dt=1.736e-03, KE=3.030295e-02, Mt=0.2488, A_K=0.076, Cuv=-0.105, P_in=7.200e-04, P_tgt=7.182e-04, A_F=0.047, K_low=0.102, P_drag=-6.054e-04, P_cool=-7.008e-04, WENO=0.120, rho_mean=1.000000, p_mean=0.715687, div_rms=1.451e-01, vort_rms=8.755e-01, mass_err=-6.776e-11
step= 29000, t=50.574677, dt=1.741e-03, KE=2.954128e-02, Mt=0.2449, A_K=0.000, Cuv=-0.034, P_in=8.047e-04, P_tgt=8.089e-04, A_F=0.025, K_low=0.103, P_drag=-6.016e-04, P_cool=-6.657e-04, WENO=0.147, rho_mean=1.000000, p_mean=0.715617, div_rms=1.349e-01, vort_rms=8.535e-01, mass_err=-7.020e-11
step= 30000, t=52.342191, dt=1.775e-03, KE=2.916194e-02, Mt=0.2436, A_K=0.090, Cuv=-0.154, P_in=1.037e-03, P_tgt=1.030e-03, A_F=0.064, K_low=0.090, P_drag=-5.229e-04, P_cool=-6.426e-04, WENO=0.150, rho_mean=1.000000, p_mean=0.715571, div_rms=1.356e-01, vort_rms=8.399e-01, mass_err=-7.262e-11
saved snapshot: results/hit2d/CFL_study_0p10_Mt025_N128/hit2d_step0030000.npz
step= 31000, t=54.100744, dt=1.713e-03, KE=2.945119e-02, Mt=0.2448, A_K=0.176, Cuv=-0.295, P_in=1.299e-03, P_tgt=1.308e-03, A_F=0.073, K_low=0.075, P_drag=-4.396e-04, P_cool=-6.189e-04, WENO=0.151, rho_mean=1.000000, p_mean=0.715524, div_rms=1.400e-01, vort_rms=8.590e-01, mass_err=-7.504e-11
step= 32000, t=55.771680, dt=1.682e-03, KE=3.002013e-02, Mt=0.2472, A_K=0.113, Cuv=-0.348, P_in=1.558e-03, P_tgt=1.540e-03, A_F=0.305, K_low=0.071, P_drag=-4.206e-04, P_cool=-6.364e-04, WENO=0.105, rho_mean=1.000000, p_mean=0.715559, div_rms=1.414e-01, vort_rms=8.549e-01, mass_err=-7.746e-11
step= 33000, t=57.480943, dt=1.717e-03, KE=3.084295e-02, Mt=0.2511, A_K=0.047, Cuv=-0.335, P_in=1.572e-03, P_tgt=1.581e-03, A_F=0.168, K_low=0.081, P_drag=-4.985e-04, P_cool=-6.480e-04, WENO=0.109, rho_mean=1.000000, p_mean=0.715582, div_rms=1.305e-01, vort_rms=8.582e-01, mass_err=-7.989e-11
step= 34000, t=59.230898, dt=1.732e-03, KE=3.145219e-02, Mt=0.2532, A_K=0.054, Cuv=-0.237, P_in=1.439e-03, P_tgt=1.434e-03, A_F=0.300, K_low=0.101, P_drag=-6.364e-04, P_cool=-6.402e-04, WENO=0.153, rho_mean=1.000000, p_mean=0.715566, div_rms=1.318e-01, vort_rms=8.630e-01, mass_err=-8.232e-11
step= 35000, t=60.943817, dt=1.725e-03, KE=3.157904e-02, Mt=0.2540, A_K=0.167, Cuv=-0.260, P_in=1.230e-03, P_tgt=1.229e-03, A_F=0.067, K_low=0.129, P_drag=-8.038e-04, P_cool=-6.123e-04, WENO=0.122, rho_mean=1.000000, p_mean=0.715510, div_rms=1.352e-01, vort_rms=8.659e-01, mass_err=-8.474e-11
saved snapshot: results/hit2d/CFL_study_0p10_Mt025_N128/hit2d_step0035000.npz
step= 36000, t=62.655539, dt=1.733e-03, KE=3.087879e-02, Mt=0.2516, A_K=0.154, Cuv=-0.212, P_in=1.084e-03, P_tgt=1.086e-03, A_F=0.109, K_low=0.174, P_drag=-1.067e-03, P_cool=-6.210e-04, WENO=0.120, rho_mean=1.000000, p_mean=0.715528, div_rms=1.270e-01, vort_rms=8.556e-01, mass_err=-8.717e-11
step= 37000, t=64.372287, dt=1.715e-03, KE=3.001695e-02, Mt=0.2472, A_K=0.142, Cuv=-0.159, P_in=1.095e-03, P_tgt=1.116e-03, A_F=0.061, K_low=0.209, P_drag=-1.246e-03, P_cool=-5.679e-04, WENO=0.161, rho_mean=1.000000, p_mean=0.715421, div_rms=1.261e-01, vort_rms=8.483e-01, mass_err=-8.959e-11
step= 38000, t=66.093367, dt=1.716e-03, KE=2.891527e-02, Mt=0.2425, A_K=0.221, Cuv=-0.066, P_in=1.453e-03, P_tgt=1.396e-03, A_F=0.108, K_low=0.195, P_drag=-1.115e-03, P_cool=-6.080e-04, WENO=0.114, rho_mean=1.000000, p_mean=0.715502, div_rms=1.284e-01, vort_rms=8.701e-01, mass_err=-9.202e-11
step= 39000, t=67.839773, dt=1.763e-03, KE=2.915838e-02, Mt=0.2427, A_K=0.138, Cuv=-0.086, P_in=1.954e-03, P_tgt=1.955e-03, A_F=0.049, K_low=0.154, P_drag=-8.997e-04, P_cool=-5.845e-04, WENO=0.121, rho_mean=1.000000, p_mean=0.715455, div_rms=1.325e-01, vort_rms=8.872e-01, mass_err=-9.443e-11
step= 40000, t=69.621479, dt=1.754e-03, KE=3.061273e-02, Mt=0.2487, A_K=0.068, Cuv=-0.118, P_in=2.390e-03, P_tgt=2.402e-03, A_F=0.220, K_low=0.108, P_drag=-6.669e-04, P_cool=-5.896e-04, WENO=0.126, rho_mean=1.000000, p_mean=0.715465, div_rms=1.453e-01, vort_rms=9.177e-01, mass_err=-9.685e-11
saved snapshot: results/hit2d/CFL_study_0p10_Mt025_N128/hit2d_step0040000.npz
step= 41000, t=71.367667, dt=1.712e-03, KE=3.228660e-02, Mt=0.2552, A_K=0.142, Cuv=-0.067, P_in=2.160e-03, P_tgt=2.215e-03, A_F=0.131, K_low=0.078, P_drag=-5.027e-04, P_cool=-6.561e-04, WENO=0.135, rho_mean=1.000000, p_mean=0.715598, div_rms=1.513e-01, vort_rms=9.473e-01, mass_err=-9.927e-11
warning: flow component anisotropy has increased over the last three diagnostic samples
step= 42000, t=73.115155, dt=1.760e-03, KE=3.336710e-02, Mt=0.2612, A_K=0.223, Cuv=0.117, P_in=1.652e-03, P_tgt=1.591e-03, A_F=0.006, K_low=0.079, P_drag=-5.130e-04, P_cool=-7.155e-04, WENO=0.125, rho_mean=1.000000, p_mean=0.715717, div_rms=1.567e-01, vort_rms=9.619e-01, mass_err=-1.017e-10
step= 43000, t=74.860145, dt=1.717e-03, KE=3.316285e-02, Mt=0.2602, A_K=0.180, Cuv=0.198, P_in=1.047e-03, P_tgt=1.060e-03, A_F=0.125, K_low=0.080, P_drag=-5.130e-04, P_cool=-7.740e-04, WENO=0.141, rho_mean=1.000000, p_mean=0.715834, div_rms=1.571e-01, vort_rms=9.446e-01, mass_err=-1.041e-10
step= 44000, t=76.563649, dt=1.664e-03, KE=3.258925e-02, Mt=0.2585, A_K=0.041, Cuv=0.115, P_in=7.615e-04, P_tgt=7.561e-04, A_F=0.164, K_low=0.092, P_drag=-5.727e-04, P_cool=-7.450e-04, WENO=0.128, rho_mean=1.000000, p_mean=0.715776, div_rms=1.581e-01, vort_rms=9.094e-01, mass_err=-1.065e-10
step= 45000, t=78.221317, dt=1.693e-03, KE=3.186923e-02, Mt=0.2541, A_K=0.037, Cuv=-0.044, P_in=5.896e-04, P_tgt=5.917e-04, A_F=0.045, K_low=0.088, P_drag=-5.513e-04, P_cool=-6.912e-04, WENO=0.149, rho_mean=1.000000, p_mean=0.715668, div_rms=1.512e-01, vort_rms=8.849e-01, mass_err=-1.089e-10
saved snapshot: results/hit2d/CFL_study_0p10_Mt025_N128/hit2d_step0045000.npz
step= 46000, t=79.927396, dt=1.703e-03, KE=3.095191e-02, Mt=0.2506, A_K=0.025, Cuv=-0.172, P_in=5.460e-04, P_tgt=5.414e-04, A_F=0.309, K_low=0.094, P_drag=-5.682e-04, P_cool=-6.568e-04, WENO=0.147, rho_mean=1.000000, p_mean=0.715599, div_rms=1.528e-01, vort_rms=8.549e-01, mass_err=-1.114e-10
step= 47000, t=81.664911, dt=1.708e-03, KE=3.046104e-02, Mt=0.2486, A_K=0.090, Cuv=-0.079, P_in=5.453e-04, P_tgt=5.592e-04, A_F=0.062, K_low=0.094, P_drag=-5.609e-04, P_cool=-6.403e-04, WENO=0.091, rho_mean=1.000000, p_mean=0.715566, div_rms=1.451e-01, vort_rms=8.365e-01, mass_err=-1.138e-10
step= 48000, t=83.387240, dt=1.736e-03, KE=2.952940e-02, Mt=0.2446, A_K=0.149, Cuv=-0.016, P_in=6.356e-04, P_tgt=6.439e-04, A_F=0.134, K_low=0.104, P_drag=-6.024e-04, P_cool=-6.143e-04, WENO=0.126, rho_mean=1.000000, p_mean=0.715514, div_rms=1.402e-01, vort_rms=8.058e-01, mass_err=-1.162e-10
step= 49000, t=85.091292, dt=1.668e-03, KE=2.867540e-02, Mt=0.2414, A_K=0.099, Cuv=-0.062, P_in=8.752e-04, P_tgt=8.691e-04, A_F=0.174, K_low=0.106, P_drag=-6.025e-04, P_cool=-6.291e-04, WENO=0.117, rho_mean=1.000000, p_mean=0.715544, div_rms=1.293e-01, vort_rms=7.867e-01, mass_err=-1.186e-10
step= 50000, t=86.753491, dt=1.690e-03, KE=2.911852e-02, Mt=0.2428, A_K=0.076, Cuv=-0.084, P_in=1.218e-03, P_tgt=1.197e-03, A_F=0.050, K_low=0.109, P_drag=-6.308e-04, P_cool=-5.568e-04, WENO=0.129, rho_mean=1.000000, p_mean=0.715399, div_rms=1.395e-01, vort_rms=7.871e-01, mass_err=-1.210e-10
saved snapshot: results/hit2d/CFL_study_0p10_Mt025_N128/hit2d_step0050000.npz
step= 51000, t=88.477978, dt=1.728e-03, KE=2.965606e-02, Mt=0.2452, A_K=0.038, Cuv=-0.231, P_in=1.576e-03, P_tgt=1.557e-03, A_F=0.022, K_low=0.103, P_drag=-6.089e-04, P_cool=-5.224e-04, WENO=0.121, rho_mean=1.000000, p_mean=0.715330, div_rms=1.348e-01, vort_rms=7.998e-01, mass_err=-1.234e-10
step= 52000, t=90.270964, dt=1.791e-03, KE=3.041962e-02, Mt=0.2485, A_K=0.092, Cuv=-0.191, P_in=1.762e-03, P_tgt=1.766e-03, A_F=0.006, K_low=0.103, P_drag=-6.183e-04, P_cool=-5.633e-04, WENO=0.132, rho_mean=1.000000, p_mean=0.715412, div_rms=1.331e-01, vort_rms=8.358e-01, mass_err=-1.259e-10
step= 53000, t=92.069160, dt=1.741e-03, KE=3.171641e-02, Mt=0.2528, A_K=0.025, Cuv=-0.143, P_in=1.758e-03, P_tgt=1.748e-03, A_F=0.227, K_low=0.105, P_drag=-6.614e-04, P_cool=-5.159e-04, WENO=0.129, rho_mean=1.000000, p_mean=0.715318, div_rms=1.313e-01, vort_rms=8.540e-01, mass_err=-1.283e-10
step= 54000, t=93.811174, dt=1.720e-03, KE=3.197671e-02, Mt=0.2543, A_K=0.021, Cuv=-0.077, P_in=1.455e-03, P_tgt=1.499e-03, A_F=0.141, K_low=0.110, P_drag=-7.038e-04, P_cool=-6.034e-04, WENO=0.117, rho_mean=1.000000, p_mean=0.715492, div_rms=1.246e-01, vort_rms=8.699e-01, mass_err=-1.307e-10
step= 55000, t=95.548072, dt=1.754e-03, KE=3.213523e-02, Mt=0.2549, A_K=0.086, Cuv=0.005, P_in=1.182e-03, P_tgt=1.211e-03, A_F=0.044, K_low=0.134, P_drag=-8.535e-04, P_cool=-5.774e-04, WENO=0.159, rho_mean=1.000000, p_mean=0.715441, div_rms=1.278e-01, vort_rms=8.877e-01, mass_err=-1.331e-10
saved snapshot: results/hit2d/CFL_study_0p10_Mt025_N128/hit2d_step0055000.npz
step= 56000, t=97.314724, dt=1.760e-03, KE=3.152960e-02, Mt=0.2530, A_K=0.072, Cuv=0.009, P_in=1.061e-03, P_tgt=1.058e-03, A_F=0.034, K_low=0.132, P_drag=-8.239e-04, P_cool=-6.170e-04, WENO=0.138, rho_mean=1.000000, p_mean=0.715520, div_rms=1.367e-01, vort_rms=8.861e-01, mass_err=-1.355e-10
step= 57000, t=99.068805, dt=1.717e-03, KE=3.092217e-02, Mt=0.2502, A_K=0.007, Cuv=0.010, P_in=1.007e-03, P_tgt=1.006e-03, A_F=0.126, K_low=0.105, P_drag=-6.484e-04, P_cool=-6.237e-04, WENO=0.150, rho_mean=1.000000, p_mean=0.715533, div_rms=1.413e-01, vort_rms=8.815e-01, mass_err=-1.380e-10
step= 58000, t=100.804683, dt=1.763e-03, KE=3.043748e-02, Mt=0.2487, A_K=0.068, Cuv=-0.084, P_in=1.036e-03, P_tgt=1.029e-03, A_F=0.270, K_low=0.085, P_drag=-5.041e-04, P_cool=-6.489e-04, WENO=0.147, rho_mean=1.000000, p_mean=0.715584, div_rms=1.288e-01, vort_rms=8.611e-01, mass_err=-1.404e-10
step= 59000, t=102.591970, dt=1.837e-03, KE=3.028281e-02, Mt=0.2484, A_K=0.187, Cuv=-0.099, P_in=1.070e-03, P_tgt=1.075e-03, A_F=0.040, K_low=0.081, P_drag=-4.804e-04, P_cool=-6.606e-04, WENO=0.121, rho_mean=1.000000, p_mean=0.715607, div_rms=1.327e-01, vort_rms=8.557e-01, mass_err=-1.428e-10
step= 60000, t=104.365759, dt=1.787e-03, KE=3.075907e-02, Mt=0.2494, A_K=0.105, Cuv=-0.066, P_in=1.126e-03, P_tgt=1.118e-03, A_F=0.248, K_low=0.073, P_drag=-4.460e-04, P_cool=-5.820e-04, WENO=0.154, rho_mean=1.000000, p_mean=0.715450, div_rms=1.291e-01, vort_rms=8.596e-01, mass_err=-1.452e-10
saved snapshot: results/hit2d/CFL_study_0p10_Mt025_N128/hit2d_step0060000.npz
step= 61000, t=106.155437, dt=1.807e-03, KE=3.059130e-02, Mt=0.2494, A_K=0.127, Cuv=-0.053, P_in=1.146e-03, P_tgt=1.148e-03, A_F=0.077, K_low=0.066, P_drag=-3.916e-04, P_cool=-6.569e-04, WENO=0.138, rho_mean=1.000000, p_mean=0.715600, div_rms=1.319e-01, vort_rms=8.520e-01, mass_err=-1.476e-10
step= 62000, t=107.938847, dt=1.759e-03, KE=3.122545e-02, Mt=0.2514, A_K=0.102, Cuv=-0.010, P_in=1.127e-03, P_tgt=1.143e-03, A_F=0.267, K_low=0.064, P_drag=-3.883e-04, P_cool=-5.856e-04, WENO=0.123, rho_mean=1.000000, p_mean=0.715457, div_rms=1.333e-01, vort_rms=8.506e-01, mass_err=-1.500e-10
step= 63000, t=109.718268, dt=1.785e-03, KE=3.153048e-02, Mt=0.2528, A_K=0.144, Cuv=0.124, P_in=1.043e-03, P_tgt=1.066e-03, A_F=0.050, K_low=0.066, P_drag=-4.074e-04, P_cool=-5.696e-04, WENO=0.128, rho_mean=1.000000, p_mean=0.715425, div_rms=1.311e-01, vort_rms=8.692e-01, mass_err=-1.525e-10
step= 63157, t=110.000000, dt=1.703e-03, KE=3.143938e-02, Mt=0.2527, A_K=0.144, Cuv=0.155, P_in=1.035e-03, P_tgt=1.047e-03, A_F=0.141, K_low=0.069, P_drag=-4.224e-04, P_cool=-5.915e-04, WENO=0.147, rho_mean=1.000000, p_mean=0.715469, div_rms=1.240e-01, vort_rms=8.712e-01, mass_err=-1.529e-10
saved snapshot: results/hit2d/CFL_study_0p10_Mt025_N128/hit2d_step0063157.npz
completed 2D HIT run at t=110.000000 in 63157 steps
