Using array backend: cupy
step=     0, t=0.000000, dt=0.000e+00, KE=3.125000e-02, Mt=0.2500, A_K=0.000, Cuv=0.000, P_in=0.000e+00, P_tgt=0.000e+00, A_F=0.000, K_low=0.000, P_drag=0.000e+00, P_cool=0.000e+00, WENO=0.035, rho_mean=1.000000, p_mean=0.714286, div_rms=2.307e-15, vort_rms=9.749e-01, mass_err=0.000e+00
step=   500, t=0.892356, dt=1.811e-03, KE=3.000088e-02, Mt=0.2479, A_K=0.004, Cuv=-0.060, P_in=1.034e-03, P_tgt=1.040e-03, A_F=0.147, K_low=0.008, P_drag=-4.444e-05, P_cool=-3.862e-04, WENO=0.073, rho_mean=1.000000, p_mean=0.715058, div_rms=1.341e-01, vort_rms=9.648e-01, mass_err=-1.215e-12
step=  1000, t=1.796890, dt=1.794e-03, KE=3.050808e-02, Mt=0.2490, A_K=0.040, Cuv=-0.029, P_in=1.124e-03, P_tgt=1.073e-03, A_F=0.226, K_low=0.009, P_drag=-5.307e-05, P_cool=-4.033e-04, WENO=0.108, rho_mean=1.000000, p_mean=0.715092, div_rms=1.268e-01, vort_rms=9.742e-01, mass_err=-2.423e-12
step=  1500, t=2.692480, dt=1.794e-03, KE=3.092818e-02, Mt=0.2501, A_K=0.061, Cuv=-0.065, P_in=1.087e-03, P_tgt=1.080e-03, A_F=0.111, K_low=0.012, P_drag=-7.281e-05, P_cool=-4.266e-04, WENO=0.130, rho_mean=1.000000, p_mean=0.715139, div_rms=1.256e-01, vort_rms=9.779e-01, mass_err=-3.631e-12
step=  2000, t=3.600142, dt=1.833e-03, KE=3.112625e-02, Mt=0.2509, A_K=0.095, Cuv=-0.039, P_in=1.069e-03, P_tgt=1.071e-03, A_F=0.233, K_low=0.019, P_drag=-1.124e-04, P_cool=-4.853e-04, WENO=0.100, rho_mean=1.000000, p_mean=0.715256, div_rms=1.290e-01, vort_rms=9.743e-01, mass_err=-4.832e-12
saved snapshot: results/hit2d/solenoidal_Mt025_N128/hit2d_step0002000.npz
warning: cumulative forcing cross-correlation is high (|Fxy|/(Fxx+Fyy)=0.107)
step=  2500, t=4.507589, dt=1.804e-03, KE=3.138862e-02, Mt=0.2521, A_K=0.114, Cuv=-0.080, P_in=1.123e-03, P_tgt=1.042e-03, A_F=0.009, K_low=0.023, P_drag=-1.404e-04, P_cool=-5.413e-04, WENO=0.117, rho_mean=1.000000, p_mean=0.715368, div_rms=1.269e-01, vort_rms=9.758e-01, mass_err=-6.040e-12
step=  3000, t=5.388377, dt=1.768e-03, KE=3.161580e-02, Mt=0.2531, A_K=0.100, Cuv=-0.038, P_in=1.001e-03, P_tgt=9.960e-04, A_F=0.093, K_low=0.031, P_drag=-1.930e-04, P_cool=-5.535e-04, WENO=0.113, rho_mean=1.000000, p_mean=0.715393, div_rms=1.347e-01, vort_rms=9.732e-01, mass_err=-7.248e-12
step=  3500, t=6.287883, dt=1.796e-03, KE=3.160753e-02, Mt=0.2525, A_K=0.067, Cuv=-0.042, P_in=9.194e-04, P_tgt=9.441e-04, A_F=0.022, K_low=0.034, P_drag=-2.178e-04, P_cool=-5.931e-04, WENO=0.099, rho_mean=1.000000, p_mean=0.715472, div_rms=1.369e-01, vort_rms=9.620e-01, mass_err=-8.463e-12
step=  4000, t=7.176364, dt=1.761e-03, KE=3.175147e-02, Mt=0.2538, A_K=0.008, Cuv=-0.068, P_in=8.896e-04, P_tgt=8.764e-04, A_F=0.011, K_low=0.049, P_drag=-3.019e-04, P_cool=-6.399e-04, WENO=0.076, rho_mean=1.000000, p_mean=0.715565, div_rms=1.407e-01, vort_rms=9.569e-01, mass_err=-9.663e-12
saved snapshot: results/hit2d/solenoidal_Mt025_N128/hit2d_step0004000.npz
step=  4500, t=8.063579, dt=1.746e-03, KE=3.162767e-02, Mt=0.2527, A_K=0.038, Cuv=0.004, P_in=8.121e-04, P_tgt=8.250e-04, A_F=0.031, K_low=0.060, P_drag=-3.733e-04, P_cool=-6.412e-04, WENO=0.133, rho_mean=1.000000, p_mean=0.715568, div_rms=1.289e-01, vort_rms=9.452e-01, mass_err=-1.088e-11
step=  5000, t=8.936436, dt=1.747e-03, KE=3.211046e-02, Mt=0.2543, A_K=0.097, Cuv=-0.034, P_in=7.549e-04, P_tgt=7.641e-04, A_F=0.010, K_low=0.065, P_drag=-4.119e-04, P_cool=-6.300e-04, WENO=0.119, rho_mean=1.000000, p_mean=0.715546, div_rms=1.372e-01, vort_rms=9.466e-01, mass_err=-1.208e-11
step=  5500, t=9.816923, dt=1.746e-03, KE=3.159281e-02, Mt=0.2527, A_K=0.011, Cuv=0.011, P_in=7.055e-04, P_tgt=7.113e-04, A_F=0.009, K_low=0.079, P_drag=-4.920e-04, P_cool=-6.712e-04, WENO=0.118, rho_mean=1.000000, p_mean=0.715628, div_rms=1.328e-01, vort_rms=9.318e-01, mass_err=-1.329e-11
step=  6000, t=10.690436, dt=1.771e-03, KE=3.147999e-02, Mt=0.2520, A_K=0.066, Cuv=0.077, P_in=6.884e-04, P_tgt=6.833e-04, A_F=0.083, K_low=0.087, P_drag=-5.335e-04, P_cool=-6.346e-04, WENO=0.109, rho_mean=1.000000, p_mean=0.715555, div_rms=1.419e-01, vort_rms=9.240e-01, mass_err=-1.450e-11
saved snapshot: results/hit2d/solenoidal_Mt025_N128/hit2d_step0006000.npz
step=  6500, t=11.582308, dt=1.779e-03, KE=3.108963e-02, Mt=0.2504, A_K=0.026, Cuv=0.213, P_in=6.691e-04, P_tgt=6.700e-04, A_F=0.079, K_low=0.093, P_drag=-5.753e-04, P_cool=-6.905e-04, WENO=0.096, rho_mean=1.000000, p_mean=0.715667, div_rms=1.324e-01, vort_rms=9.332e-01, mass_err=-1.570e-11
step=  7000, t=12.480456, dt=1.794e-03, KE=3.058532e-02, Mt=0.2487, A_K=0.076, Cuv=0.204, P_in=6.712e-04, P_tgt=6.700e-04, A_F=0.013, K_low=0.095, P_drag=-5.684e-04, P_cool=-6.908e-04, WENO=0.138, rho_mean=1.000000, p_mean=0.715667, div_rms=1.304e-01, vort_rms=9.205e-01, mass_err=-1.692e-11
step=  7500, t=13.378461, dt=1.782e-03, KE=3.002700e-02, Mt=0.2467, A_K=0.074, Cuv=0.193, P_in=6.917e-04, P_tgt=7.020e-04, A_F=0.043, K_low=0.088, P_drag=-5.158e-04, P_cool=-7.014e-04, WENO=0.094, rho_mean=1.000000, p_mean=0.715688, div_rms=1.329e-01, vort_rms=9.079e-01, mass_err=-1.813e-11
step=  8000, t=14.260724, dt=1.782e-03, KE=2.992166e-02, Mt=0.2460, A_K=0.101, Cuv=0.122, P_in=7.424e-04, P_tgt=7.568e-04, A_F=0.088, K_low=0.077, P_drag=-4.593e-04, P_cool=-6.476e-04, WENO=0.117, rho_mean=1.000000, p_mean=0.715581, div_rms=1.374e-01, vort_rms=8.901e-01, mass_err=-1.934e-11
saved snapshot: results/hit2d/solenoidal_Mt025_N128/hit2d_step0008000.npz
step=  8500, t=15.151261, dt=1.795e-03, KE=2.959615e-02, Mt=0.2448, A_K=0.140, Cuv=0.078, P_in=8.303e-04, P_tgt=8.299e-04, A_F=0.043, K_low=0.063, P_drag=-3.726e-04, P_cool=-6.639e-04, WENO=0.122, rho_mean=1.000000, p_mean=0.715613, div_rms=1.380e-01, vort_rms=8.778e-01, mass_err=-2.053e-11
step=  9000, t=16.047634, dt=1.795e-03, KE=2.968128e-02, Mt=0.2447, A_K=0.149, Cuv=0.038, P_in=9.314e-04, P_tgt=9.372e-04, A_F=0.091, K_low=0.055, P_drag=-3.280e-04, P_cool=-6.237e-04, WENO=0.124, rho_mean=1.000000, p_mean=0.715533, div_rms=1.407e-01, vort_rms=8.722e-01, mass_err=-2.176e-11
step=  9500, t=16.941927, dt=1.772e-03, KE=2.954667e-02, Mt=0.2448, A_K=0.152, Cuv=0.017, P_in=1.060e-03, P_tgt=1.056e-03, A_F=0.058, K_low=0.053, P_drag=-3.124e-04, P_cool=-6.554e-04, WENO=0.134, rho_mean=1.000000, p_mean=0.715597, div_rms=1.315e-01, vort_rms=8.625e-01, mass_err=-2.296e-11
step= 10000, t=17.829288, dt=1.776e-03, KE=2.966354e-02, Mt=0.2449, A_K=0.189, Cuv=-0.103, P_in=1.181e-03, P_tgt=1.172e-03, A_F=0.109, K_low=0.051, P_drag=-3.100e-04, P_cool=-6.596e-04, WENO=0.154, rho_mean=1.000000, p_mean=0.715605, div_rms=1.295e-01, vort_rms=8.582e-01, mass_err=-2.417e-11
saved snapshot: results/hit2d/solenoidal_Mt025_N128/hit2d_step0010000.npz
step= 10500, t=18.720839, dt=1.780e-03, KE=3.005344e-02, Mt=0.2470, A_K=0.193, Cuv=-0.065, P_in=1.274e-03, P_tgt=1.274e-03, A_F=0.220, K_low=0.055, P_drag=-3.344e-04, P_cool=-6.329e-04, WENO=0.124, rho_mean=1.000000, p_mean=0.715552, div_rms=1.210e-01, vort_rms=8.555e-01, mass_err=-2.539e-11
step= 11000, t=19.616091, dt=1.803e-03, KE=3.026507e-02, Mt=0.2474, A_K=0.200, Cuv=-0.131, P_in=1.389e-03, P_tgt=1.344e-03, A_F=0.007, K_low=0.062, P_drag=-3.741e-04, P_cool=-6.484e-04, WENO=0.141, rho_mean=1.000000, p_mean=0.715582, div_rms=1.239e-01, vort_rms=8.548e-01, mass_err=-2.660e-11
step= 11500, t=20.503467, dt=1.753e-03, KE=3.089913e-02, Mt=0.2496, A_K=0.132, Cuv=-0.200, P_in=1.416e-03, P_tgt=1.385e-03, A_F=0.091, K_low=0.072, P_drag=-4.402e-04, P_cool=-5.851e-04, WENO=0.108, rho_mean=1.000000, p_mean=0.715456, div_rms=1.303e-01, vort_rms=8.718e-01, mass_err=-2.781e-11
step= 12000, t=21.382103, dt=1.772e-03, KE=3.093272e-02, Mt=0.2501, A_K=0.101, Cuv=-0.186, P_in=1.232e-03, P_tgt=1.383e-03, A_F=0.013, K_low=0.079, P_drag=-4.914e-04, P_cool=-6.352e-04, WENO=0.149, rho_mean=1.000000, p_mean=0.715556, div_rms=1.261e-01, vort_rms=8.767e-01, mass_err=-2.901e-11
saved snapshot: results/hit2d/solenoidal_Mt025_N128/hit2d_step0012000.npz
step= 12500, t=22.254017, dt=1.728e-03, KE=3.132819e-02, Mt=0.2515, A_K=0.099, Cuv=-0.265, P_in=1.379e-03, P_tgt=1.361e-03, A_F=0.001, K_low=0.094, P_drag=-5.859e-04, P_cool=-6.124e-04, WENO=0.131, rho_mean=1.000000, p_mean=0.715510, div_rms=1.327e-01, vort_rms=8.796e-01, mass_err=-3.023e-11
step= 13000, t=23.120363, dt=1.738e-03, KE=3.142319e-02, Mt=0.2518, A_K=0.000, Cuv=-0.207, P_in=1.321e-03, P_tgt=1.319e-03, A_F=0.053, K_low=0.104, P_drag=-6.508e-04, P_cool=-6.125e-04, WENO=0.115, rho_mean=1.000000, p_mean=0.715511, div_rms=1.268e-01, vort_rms=8.784e-01, mass_err=-3.144e-11
step= 13500, t=23.998942, dt=1.776e-03, KE=3.135186e-02, Mt=0.2518, A_K=0.026, Cuv=-0.231, P_in=1.273e-03, P_tgt=1.275e-03, A_F=0.151, K_low=0.119, P_drag=-7.428e-04, P_cool=-6.460e-04, WENO=0.104, rho_mean=1.000000, p_mean=0.715578, div_rms=1.256e-01, vort_rms=8.788e-01, mass_err=-3.265e-11
step= 14000, t=24.887174, dt=1.793e-03, KE=3.121981e-02, Mt=0.2516, A_K=0.007, Cuv=-0.190, P_in=1.318e-03, P_tgt=1.238e-03, A_F=0.006, K_low=0.140, P_drag=-8.589e-04, P_cool=-6.370e-04, WENO=0.116, rho_mean=1.000000, p_mean=0.715560, div_rms=1.243e-01, vort_rms=8.752e-01, mass_err=-3.386e-11
saved snapshot: results/hit2d/solenoidal_Mt025_N128/hit2d_step0014000.npz
step= 14500, t=25.771739, dt=1.744e-03, KE=3.101278e-02, Mt=0.2509, A_K=0.015, Cuv=-0.173, P_in=1.200e-03, P_tgt=1.206e-03, A_F=0.227, K_low=0.151, P_drag=-9.278e-04, P_cool=-6.275e-04, WENO=0.136, rho_mean=1.000000, p_mean=0.715541, div_rms=1.307e-01, vort_rms=8.707e-01, mass_err=-3.508e-11
step= 15000, t=26.633417, dt=1.709e-03, KE=3.057166e-02, Mt=0.2491, A_K=0.097, Cuv=-0.141, P_in=1.205e-03, P_tgt=1.205e-03, A_F=0.121, K_low=0.161, P_drag=-9.800e-04, P_cool=-6.463e-04, WENO=0.112, rho_mean=1.000000, p_mean=0.715578, div_rms=1.331e-01, vort_rms=8.605e-01, mass_err=-3.629e-11
step= 15500, t=27.484972, dt=1.691e-03, KE=3.015553e-02, Mt=0.2482, A_K=0.090, Cuv=-0.011, P_in=1.210e-03, P_tgt=1.255e-03, A_F=0.046, K_low=0.171, P_drag=-1.017e-03, P_cool=-6.559e-04, WENO=0.133, rho_mean=1.000000, p_mean=0.715597, div_rms=1.264e-01, vort_rms=8.421e-01, mass_err=-3.749e-11
step= 16000, t=28.343561, dt=1.718e-03, KE=2.995497e-02, Mt=0.2468, A_K=0.100, Cuv=-0.084, P_in=1.305e-03, P_tgt=1.310e-03, A_F=0.049, K_low=0.175, P_drag=-1.039e-03, P_cool=-6.303e-04, WENO=0.118, rho_mean=1.000000, p_mean=0.715546, div_rms=1.248e-01, vort_rms=8.344e-01, mass_err=-3.870e-11
saved snapshot: results/hit2d/solenoidal_Mt025_N128/hit2d_step0016000.npz
step= 16500, t=29.206333, dt=1.731e-03, KE=2.987102e-02, Mt=0.2467, A_K=0.037, Cuv=-0.016, P_in=1.370e-03, P_tgt=1.401e-03, A_F=0.219, K_low=0.174, P_drag=-1.021e-03, P_cool=-5.985e-04, WENO=0.110, rho_mean=1.000000, p_mean=0.715483, div_rms=1.205e-01, vort_rms=8.313e-01, mass_err=-3.992e-11
step= 17000, t=30.066340, dt=1.730e-03, KE=2.951165e-02, Mt=0.2449, A_K=0.008, Cuv=0.007, P_in=1.546e-03, P_tgt=1.530e-03, A_F=0.227, K_low=0.176, P_drag=-1.029e-03, P_cool=-6.399e-04, WENO=0.118, rho_mean=1.000000, p_mean=0.715565, div_rms=1.271e-01, vort_rms=8.447e-01, mass_err=-4.113e-11
step= 17500, t=30.934475, dt=1.710e-03, KE=2.982822e-02, Mt=0.2463, A_K=0.114, Cuv=-0.055, P_in=1.695e-03, P_tgt=1.678e-03, A_F=0.039, K_low=0.178, P_drag=-1.055e-03, P_cool=-5.707e-04, WENO=0.074, rho_mean=1.000000, p_mean=0.715427, div_rms=1.322e-01, vort_rms=8.584e-01, mass_err=-4.233e-11
step= 18000, t=31.778525, dt=1.683e-03, KE=2.960388e-02, Mt=0.2452, A_K=0.157, Cuv=-0.104, P_in=1.845e-03, P_tgt=1.832e-03, A_F=0.001, K_low=0.187, P_drag=-1.103e-03, P_cool=-6.291e-04, WENO=0.126, rho_mean=1.000000, p_mean=0.715544, div_rms=1.284e-01, vort_rms=8.673e-01, mass_err=-4.354e-11
saved snapshot: results/hit2d/solenoidal_Mt025_N128/hit2d_step0018000.npz
step= 18500, t=32.593245, dt=1.623e-03, KE=2.982131e-02, Mt=0.2473, A_K=0.183, Cuv=-0.157, P_in=1.967e-03, P_tgt=1.969e-03, A_F=0.229, K_low=0.201, P_drag=-1.173e-03, P_cool=-6.110e-04, WENO=0.145, rho_mean=1.000000, p_mean=0.715508, div_rms=1.332e-01, vort_rms=8.812e-01, mass_err=-4.476e-11
step= 19000, t=33.419640, dt=1.670e-03, KE=3.000994e-02, Mt=0.2472, A_K=0.177, Cuv=-0.126, P_in=1.996e-03, P_tgt=2.089e-03, A_F=0.105, K_low=0.193, P_drag=-1.147e-03, P_cool=-6.166e-04, WENO=0.128, rho_mean=1.000000, p_mean=0.715519, div_rms=1.264e-01, vort_rms=9.009e-01, mass_err=-4.597e-11
step= 19500, t=34.260870, dt=1.674e-03, KE=3.004165e-02, Mt=0.2478, A_K=0.144, Cuv=-0.106, P_in=2.187e-03, P_tgt=2.190e-03, A_F=0.243, K_low=0.187, P_drag=-1.110e-03, P_cool=-6.751e-04, WENO=0.057, rho_mean=1.000000, p_mean=0.715636, div_rms=1.240e-01, vort_rms=9.136e-01, mass_err=-4.719e-11
step= 20000, t=35.109332, dt=1.759e-03, KE=3.090934e-02, Mt=0.2501, A_K=0.212, Cuv=-0.162, P_in=2.251e-03, P_tgt=2.253e-03, A_F=0.127, K_low=0.173, P_drag=-1.065e-03, P_cool=-5.895e-04, WENO=0.103, rho_mean=1.000000, p_mean=0.715465, div_rms=1.367e-01, vort_rms=9.106e-01, mass_err=-4.840e-11
saved snapshot: results/hit2d/solenoidal_Mt025_N128/hit2d_step0020000.npz
step= 20500, t=35.987684, dt=1.760e-03, KE=3.108213e-02, Mt=0.2524, A_K=0.193, Cuv=-0.087, P_in=2.207e-03, P_tgt=2.197e-03, A_F=0.065, K_low=0.156, P_drag=-9.479e-04, P_cool=-6.629e-04, WENO=0.098, rho_mean=1.000000, p_mean=0.715612, div_rms=1.359e-01, vort_rms=9.133e-01, mass_err=-4.960e-11
step= 21000, t=36.863824, dt=1.724e-03, KE=3.156343e-02, Mt=0.2531, A_K=0.170, Cuv=-0.052, P_in=2.089e-03, P_tgt=2.086e-03, A_F=0.127, K_low=0.129, P_drag=-8.129e-04, P_cool=-6.690e-04, WENO=0.102, rho_mean=1.000000, p_mean=0.715624, div_rms=1.376e-01, vort_rms=9.287e-01, mass_err=-5.081e-11
step= 21500, t=37.721435, dt=1.703e-03, KE=3.211679e-02, Mt=0.2557, A_K=0.186, Cuv=-0.025, P_in=1.916e-03, P_tgt=1.917e-03, A_F=0.022, K_low=0.115, P_drag=-7.249e-04, P_cool=-6.582e-04, WENO=0.146, rho_mean=1.000000, p_mean=0.715602, div_rms=1.386e-01, vort_rms=9.457e-01, mass_err=-5.202e-11
step= 22000, t=38.565090, dt=1.708e-03, KE=3.231410e-02, Mt=0.2572, A_K=0.021, Cuv=-0.079, P_in=1.713e-03, P_tgt=1.700e-03, A_F=0.006, K_low=0.109, P_drag=-6.868e-04, P_cool=-7.031e-04, WENO=0.113, rho_mean=1.000000, p_mean=0.715692, div_rms=1.308e-01, vort_rms=9.666e-01, mass_err=-5.323e-11
saved snapshot: results/hit2d/solenoidal_Mt025_N128/hit2d_step0022000.npz
step= 22500, t=39.416714, dt=1.707e-03, KE=3.181801e-02, Mt=0.2562, A_K=0.088, Cuv=-0.095, P_in=1.637e-03, P_tgt=1.491e-03, A_F=0.192, K_low=0.102, P_drag=-6.378e-04, P_cool=-8.322e-04, WENO=0.138, rho_mean=1.000000, p_mean=0.715950, div_rms=1.470e-01, vort_rms=9.635e-01, mass_err=-5.444e-11
step= 23000, t=40.257910, dt=1.679e-03, KE=3.263496e-02, Mt=0.2581, A_K=0.163, Cuv=-0.192, P_in=1.294e-03, P_tgt=1.293e-03, A_F=0.051, K_low=0.103, P_drag=-6.627e-04, P_cool=-6.713e-04, WENO=0.116, rho_mean=1.000000, p_mean=0.715628, div_rms=1.531e-01, vort_rms=9.681e-01, mass_err=-5.566e-11
warning: flow component anisotropy has increased over the last three diagnostic samples
step= 23500, t=41.104749, dt=1.721e-03, KE=3.212029e-02, Mt=0.2558, A_K=0.207, Cuv=-0.209, P_in=1.111e-03, P_tgt=1.126e-03, A_F=0.048, K_low=0.098, P_drag=-6.287e-04, P_cool=-7.520e-04, WENO=0.131, rho_mean=1.000000, p_mean=0.715790, div_rms=1.536e-01, vort_rms=9.667e-01, mass_err=-5.686e-11
step= 24000, t=41.958307, dt=1.677e-03, KE=3.201903e-02, Mt=0.2556, A_K=0.189, Cuv=-0.209, P_in=1.037e-03, P_tgt=1.015e-03, A_F=0.122, K_low=0.099, P_drag=-6.243e-04, P_cool=-7.281e-04, WENO=0.124, rho_mean=1.000000, p_mean=0.715742, div_rms=1.446e-01, vort_rms=9.642e-01, mass_err=-5.807e-11
saved snapshot: results/hit2d/solenoidal_Mt025_N128/hit2d_step0024000.npz
step= 24500, t=42.789722, dt=1.696e-03, KE=3.194103e-02, Mt=0.2547, A_K=0.116, Cuv=-0.240, P_in=8.526e-04, P_tgt=9.242e-04, A_F=0.115, K_low=0.092, P_drag=-5.777e-04, P_cool=-6.863e-04, WENO=0.120, rho_mean=1.000000, p_mean=0.715658, div_rms=1.508e-01, vort_rms=9.529e-01, mass_err=-5.928e-11
step= 25000, t=43.646780, dt=1.713e-03, KE=3.179336e-02, Mt=0.2549, A_K=0.056, Cuv=-0.205, P_in=8.424e-04, P_tgt=8.398e-04, A_F=0.004, K_low=0.080, P_drag=-4.947e-04, P_cool=-7.687e-04, WENO=0.101, rho_mean=1.000000, p_mean=0.715823, div_rms=1.497e-01, vort_rms=9.499e-01, mass_err=-6.050e-11
step= 25500, t=44.499529, dt=1.689e-03, KE=3.157977e-02, Mt=0.2542, A_K=0.054, Cuv=-0.208, P_in=7.477e-04, P_tgt=7.664e-04, A_F=0.031, K_low=0.067, P_drag=-4.286e-04, P_cool=-7.396e-04, WENO=0.125, rho_mean=1.000000, p_mean=0.715765, div_rms=1.493e-01, vort_rms=9.368e-01, mass_err=-6.170e-11
step= 26000, t=45.360116, dt=1.727e-03, KE=3.150073e-02, Mt=0.2530, A_K=0.091, Cuv=-0.191, P_in=7.103e-04, P_tgt=7.127e-04, A_F=0.039, K_low=0.066, P_drag=-4.145e-04, P_cool=-6.910e-04, WENO=0.138, rho_mean=1.000000, p_mean=0.715668, div_rms=1.492e-01, vort_rms=9.272e-01, mass_err=-6.292e-11
saved snapshot: results/hit2d/solenoidal_Mt025_N128/hit2d_step0026000.npz
step= 26500, t=46.234383, dt=1.759e-03, KE=3.103631e-02, Mt=0.2516, A_K=0.100, Cuv=-0.203, P_in=6.885e-04, P_tgt=6.863e-04, A_F=0.097, K_low=0.071, P_drag=-4.380e-04, P_cool=-7.069e-04, WENO=0.169, rho_mean=1.000000, p_mean=0.715700, div_rms=1.524e-01, vort_rms=9.102e-01, mass_err=-6.412e-11
step= 27000, t=47.104066, dt=1.740e-03, KE=3.057490e-02, Mt=0.2501, A_K=0.140, Cuv=-0.195, P_in=6.657e-04, P_tgt=6.792e-04, A_F=0.092, K_low=0.078, P_drag=-4.770e-04, P_cool=-7.140e-04, WENO=0.125, rho_mean=1.000000, p_mean=0.715714, div_rms=1.474e-01, vort_rms=8.929e-01, mass_err=-6.534e-11
step= 27500, t=47.973766, dt=1.763e-03, KE=3.028631e-02, Mt=0.2479, A_K=0.101, Cuv=-0.098, P_in=7.185e-04, P_tgt=6.909e-04, A_F=0.279, K_low=0.092, P_drag=-5.527e-04, P_cool=-6.799e-04, WENO=0.140, rho_mean=1.000000, p_mean=0.715646, div_rms=1.415e-01, vort_rms=8.783e-01, mass_err=-6.656e-11
step= 28000, t=48.841698, dt=1.736e-03, KE=3.030295e-02, Mt=0.2488, A_K=0.076, Cuv=-0.105, P_in=7.200e-04, P_tgt=7.182e-04, A_F=0.047, K_low=0.102, P_drag=-6.054e-04, P_cool=-7.008e-04, WENO=0.120, rho_mean=1.000000, p_mean=0.715687, div_rms=1.451e-01, vort_rms=8.755e-01, mass_err=-6.776e-11
saved snapshot: results/hit2d/solenoidal_Mt025_N128/hit2d_step0028000.npz
step= 28500, t=49.703022, dt=1.720e-03, KE=3.004162e-02, Mt=0.2473, A_K=0.061, Cuv=-0.024, P_in=7.438e-04, P_tgt=7.451e-04, A_F=0.088, K_low=0.106, P_drag=-6.342e-04, P_cool=-6.518e-04, WENO=0.163, rho_mean=1.000000, p_mean=0.715589, div_rms=1.381e-01, vort_rms=8.603e-01, mass_err=-6.898e-11
step= 29000, t=50.574677, dt=1.741e-03, KE=2.954128e-02, Mt=0.2449, A_K=0.000, Cuv=-0.034, P_in=8.047e-04, P_tgt=8.089e-04, A_F=0.025, K_low=0.103, P_drag=-6.016e-04, P_cool=-6.657e-04, WENO=0.147, rho_mean=1.000000, p_mean=0.715617, div_rms=1.349e-01, vort_rms=8.535e-01, mass_err=-7.020e-11
step= 29500, t=51.441338, dt=1.791e-03, KE=2.940798e-02, Mt=0.2440, A_K=0.010, Cuv=-0.084, P_in=9.053e-04, P_tgt=9.072e-04, A_F=0.077, K_low=0.098, P_drag=-5.691e-04, P_cool=-6.306e-04, WENO=0.156, rho_mean=1.000000, p_mean=0.715547, div_rms=1.404e-01, vort_rms=8.444e-01, mass_err=-7.140e-11
step= 30000, t=52.342191, dt=1.775e-03, KE=2.916194e-02, Mt=0.2436, A_K=0.090, Cuv=-0.154, P_in=1.037e-03, P_tgt=1.030e-03, A_F=0.064, K_low=0.090, P_drag=-5.229e-04, P_cool=-6.426e-04, WENO=0.150, rho_mean=1.000000, p_mean=0.715571, div_rms=1.356e-01, vort_rms=8.399e-01, mass_err=-7.262e-11
saved snapshot: results/hit2d/solenoidal_Mt025_N128/hit2d_step0030000.npz
step= 30500, t=53.226198, dt=1.750e-03, KE=2.932437e-02, Mt=0.2440, A_K=0.161, Cuv=-0.237, P_in=1.156e-03, P_tgt=1.163e-03, A_F=0.015, K_low=0.083, P_drag=-4.813e-04, P_cool=-6.155e-04, WENO=0.148, rho_mean=1.000000, p_mean=0.715517, div_rms=1.378e-01, vort_rms=8.554e-01, mass_err=-7.383e-11
step= 31000, t=54.100744, dt=1.713e-03, KE=2.945119e-02, Mt=0.2448, A_K=0.176, Cuv=-0.295, P_in=1.299e-03, P_tgt=1.308e-03, A_F=0.073, K_low=0.075, P_drag=-4.396e-04, P_cool=-6.189e-04, WENO=0.151, rho_mean=1.000000, p_mean=0.715524, div_rms=1.400e-01, vort_rms=8.590e-01, mass_err=-7.504e-11
step= 31500, t=54.935308, dt=1.649e-03, KE=2.976721e-02, Mt=0.2464, A_K=0.160, Cuv=-0.340, P_in=1.417e-03, P_tgt=1.445e-03, A_F=0.236, K_low=0.071, P_drag=-4.172e-04, P_cool=-6.098e-04, WENO=0.110, rho_mean=1.000000, p_mean=0.715505, div_rms=1.429e-01, vort_rms=8.587e-01, mass_err=-7.626e-11
step= 32000, t=55.771680, dt=1.682e-03, KE=3.002013e-02, Mt=0.2472, A_K=0.113, Cuv=-0.348, P_in=1.558e-03, P_tgt=1.540e-03, A_F=0.305, K_low=0.071, P_drag=-4.206e-04, P_cool=-6.364e-04, WENO=0.105, rho_mean=1.000000, p_mean=0.715559, div_rms=1.414e-01, vort_rms=8.549e-01, mass_err=-7.746e-11
saved snapshot: results/hit2d/solenoidal_Mt025_N128/hit2d_step0032000.npz
step= 32500, t=56.620277, dt=1.720e-03, KE=3.050675e-02, Mt=0.2494, A_K=0.112, Cuv=-0.296, P_in=1.594e-03, P_tgt=1.595e-03, A_F=0.054, K_low=0.071, P_drag=-4.317e-04, P_cool=-6.270e-04, WENO=0.091, rho_mean=1.000000, p_mean=0.715540, div_rms=1.324e-01, vort_rms=8.611e-01, mass_err=-7.868e-11
step= 33000, t=57.480943, dt=1.717e-03, KE=3.084295e-02, Mt=0.2511, A_K=0.047, Cuv=-0.335, P_in=1.572e-03, P_tgt=1.581e-03, A_F=0.168, K_low=0.081, P_drag=-4.985e-04, P_cool=-6.480e-04, WENO=0.109, rho_mean=1.000000, p_mean=0.715582, div_rms=1.305e-01, vort_rms=8.582e-01, mass_err=-7.989e-11
step= 33500, t=58.355419, dt=1.759e-03, KE=3.142975e-02, Mt=0.2527, A_K=0.048, Cuv=-0.254, P_in=1.514e-03, P_tgt=1.528e-03, A_F=0.125, K_low=0.093, P_drag=-5.779e-04, P_cool=-5.986e-04, WENO=0.127, rho_mean=1.000000, p_mean=0.715483, div_rms=1.312e-01, vort_rms=8.630e-01, mass_err=-8.111e-11
step= 34000, t=59.230898, dt=1.732e-03, KE=3.145219e-02, Mt=0.2532, A_K=0.054, Cuv=-0.237, P_in=1.439e-03, P_tgt=1.434e-03, A_F=0.300, K_low=0.101, P_drag=-6.364e-04, P_cool=-6.402e-04, WENO=0.153, rho_mean=1.000000, p_mean=0.715566, div_rms=1.318e-01, vort_rms=8.630e-01, mass_err=-8.232e-11
saved snapshot: results/hit2d/solenoidal_Mt025_N128/hit2d_step0034000.npz
step= 34500, t=60.089028, dt=1.702e-03, KE=3.164718e-02, Mt=0.2544, A_K=0.112, Cuv=-0.251, P_in=1.331e-03, P_tgt=1.329e-03, A_F=0.080, K_low=0.114, P_drag=-7.167e-04, P_cool=-6.165e-04, WENO=0.116, rho_mean=1.000000, p_mean=0.715519, div_rms=1.334e-01, vort_rms=8.642e-01, mass_err=-8.352e-11
step= 35000, t=60.943817, dt=1.725e-03, KE=3.157904e-02, Mt=0.2540, A_K=0.167, Cuv=-0.260, P_in=1.230e-03, P_tgt=1.229e-03, A_F=0.067, K_low=0.129, P_drag=-8.038e-04, P_cool=-6.123e-04, WENO=0.122, rho_mean=1.000000, p_mean=0.715510, div_rms=1.352e-01, vort_rms=8.659e-01, mass_err=-8.474e-11
step= 35500, t=61.798386, dt=1.689e-03, KE=3.128188e-02, Mt=0.2530, A_K=0.102, Cuv=-0.238, P_in=1.153e-03, P_tgt=1.140e-03, A_F=0.367, K_low=0.153, P_drag=-9.492e-04, P_cool=-6.204e-04, WENO=0.134, rho_mean=1.000000, p_mean=0.715527, div_rms=1.288e-01, vort_rms=8.645e-01, mass_err=-8.595e-11
step= 36000, t=62.655539, dt=1.733e-03, KE=3.087879e-02, Mt=0.2516, A_K=0.154, Cuv=-0.212, P_in=1.084e-03, P_tgt=1.086e-03, A_F=0.109, K_low=0.174, P_drag=-1.067e-03, P_cool=-6.210e-04, WENO=0.120, rho_mean=1.000000, p_mean=0.715528, div_rms=1.270e-01, vort_rms=8.556e-01, mass_err=-8.717e-11
saved snapshot: results/hit2d/solenoidal_Mt025_N128/hit2d_step0036000.npz
step= 36500, t=63.516905, dt=1.704e-03, KE=3.044970e-02, Mt=0.2485, A_K=0.143, Cuv=-0.210, P_in=1.086e-03, P_tgt=1.081e-03, A_F=0.219, K_low=0.193, P_drag=-1.173e-03, P_cool=-5.954e-04, WENO=0.150, rho_mean=1.000000, p_mean=0.715476, div_rms=1.326e-01, vort_rms=8.559e-01, mass_err=-8.838e-11
step= 37000, t=64.372287, dt=1.715e-03, KE=3.001695e-02, Mt=0.2472, A_K=0.142, Cuv=-0.159, P_in=1.095e-03, P_tgt=1.116e-03, A_F=0.061, K_low=0.209, P_drag=-1.246e-03, P_cool=-5.679e-04, WENO=0.161, rho_mean=1.000000, p_mean=0.715421, div_rms=1.261e-01, vort_rms=8.483e-01, mass_err=-8.959e-11
step= 37500, t=65.233114, dt=1.744e-03, KE=2.932090e-02, Mt=0.2443, A_K=0.205, Cuv=-0.112, P_in=1.217e-03, P_tgt=1.221e-03, A_F=0.037, K_low=0.205, P_drag=-1.199e-03, P_cool=-5.997e-04, WENO=0.160, rho_mean=1.000000, p_mean=0.715485, div_rms=1.276e-01, vort_rms=8.552e-01, mass_err=-9.081e-11
warning: flow component anisotropy has increased over the last three diagnostic samples
step= 38000, t=66.093367, dt=1.716e-03, KE=2.891527e-02, Mt=0.2425, A_K=0.221, Cuv=-0.066, P_in=1.453e-03, P_tgt=1.396e-03, A_F=0.108, K_low=0.195, P_drag=-1.115e-03, P_cool=-6.080e-04, WENO=0.114, rho_mean=1.000000, p_mean=0.715502, div_rms=1.284e-01, vort_rms=8.701e-01, mass_err=-9.202e-11
saved snapshot: results/hit2d/solenoidal_Mt025_N128/hit2d_step0038000.npz
step= 38500, t=66.967802, dt=1.730e-03, KE=2.889956e-02, Mt=0.2419, A_K=0.151, Cuv=-0.026, P_in=1.609e-03, P_tgt=1.647e-03, A_F=0.005, K_low=0.173, P_drag=-9.986e-04, P_cool=-5.930e-04, WENO=0.134, rho_mean=1.000000, p_mean=0.715472, div_rms=1.410e-01, vort_rms=8.775e-01, mass_err=-9.322e-11
step= 39000, t=67.839773, dt=1.763e-03, KE=2.915838e-02, Mt=0.2427, A_K=0.138, Cuv=-0.086, P_in=1.954e-03, P_tgt=1.955e-03, A_F=0.049, K_low=0.154, P_drag=-8.997e-04, P_cool=-5.845e-04, WENO=0.121, rho_mean=1.000000, p_mean=0.715455, div_rms=1.325e-01, vort_rms=8.872e-01, mass_err=-9.443e-11
step= 39500, t=68.733858, dt=1.792e-03, KE=2.948653e-02, Mt=0.2442, A_K=0.076, Cuv=-0.136, P_in=2.238e-03, P_tgt=2.224e-03, A_F=0.196, K_low=0.133, P_drag=-7.801e-04, P_cool=-6.368e-04, WENO=0.142, rho_mean=1.000000, p_mean=0.715559, div_rms=1.360e-01, vort_rms=9.057e-01, mass_err=-9.565e-11
step= 40000, t=69.621479, dt=1.754e-03, KE=3.061273e-02, Mt=0.2487, A_K=0.068, Cuv=-0.118, P_in=2.390e-03, P_tgt=2.402e-03, A_F=0.220, K_low=0.108, P_drag=-6.669e-04, P_cool=-5.896e-04, WENO=0.126, rho_mean=1.000000, p_mean=0.715465, div_rms=1.453e-01, vort_rms=9.177e-01, mass_err=-9.685e-11
saved snapshot: results/hit2d/solenoidal_Mt025_N128/hit2d_step0040000.npz
step= 40500, t=70.507196, dt=1.759e-03, KE=3.129952e-02, Mt=0.2521, A_K=0.049, Cuv=-0.104, P_in=2.405e-03, P_tgt=2.397e-03, A_F=0.156, K_low=0.093, P_drag=-5.726e-04, P_cool=-6.566e-04, WENO=0.144, rho_mean=1.000000, p_mean=0.715599, div_rms=1.456e-01, vort_rms=9.342e-01, mass_err=-9.806e-11
step= 41000, t=71.367667, dt=1.712e-03, KE=3.228660e-02, Mt=0.2552, A_K=0.142, Cuv=-0.067, P_in=2.160e-03, P_tgt=2.215e-03, A_F=0.131, K_low=0.078, P_drag=-5.027e-04, P_cool=-6.561e-04, WENO=0.135, rho_mean=1.000000, p_mean=0.715598, div_rms=1.513e-01, vort_rms=9.473e-01, mass_err=-9.927e-11
step= 41500, t=72.237171, dt=1.736e-03, KE=3.305707e-02, Mt=0.2587, A_K=0.160, Cuv=-0.020, P_in=1.948e-03, P_tgt=1.931e-03, A_F=0.166, K_low=0.072, P_drag=-4.800e-04, P_cool=-6.662e-04, WENO=0.129, rho_mean=1.000000, p_mean=0.715618, div_rms=1.405e-01, vort_rms=9.560e-01, mass_err=-1.005e-10
warning: flow component anisotropy has increased over the last three diagnostic samples
step= 42000, t=73.115155, dt=1.760e-03, KE=3.336710e-02, Mt=0.2612, A_K=0.223, Cuv=0.117, P_in=1.652e-03, P_tgt=1.591e-03, A_F=0.006, K_low=0.079, P_drag=-5.130e-04, P_cool=-7.155e-04, WENO=0.125, rho_mean=1.000000, p_mean=0.715717, div_rms=1.567e-01, vort_rms=9.619e-01, mass_err=-1.017e-10
saved snapshot: results/hit2d/solenoidal_Mt025_N128/hit2d_step0042000.npz
step= 42500, t=73.992891, dt=1.781e-03, KE=3.344815e-02, Mt=0.2608, A_K=0.220, Cuv=0.125, P_in=1.304e-03, P_tgt=1.302e-03, A_F=0.070, K_low=0.081, P_drag=-5.280e-04, P_cool=-7.293e-04, WENO=0.137, rho_mean=1.000000, p_mean=0.715744, div_rms=1.503e-01, vort_rms=9.604e-01, mass_err=-1.029e-10
step= 43000, t=74.860145, dt=1.717e-03, KE=3.316285e-02, Mt=0.2602, A_K=0.180, Cuv=0.198, P_in=1.047e-03, P_tgt=1.060e-03, A_F=0.125, K_low=0.080, P_drag=-5.130e-04, P_cool=-7.740e-04, WENO=0.141, rho_mean=1.000000, p_mean=0.715834, div_rms=1.571e-01, vort_rms=9.446e-01, mass_err=-1.041e-10
step= 43500, t=75.714327, dt=1.706e-03, KE=3.281948e-02, Mt=0.2588, A_K=0.038, Cuv=0.209, P_in=8.705e-04, P_tgt=8.874e-04, A_F=0.047, K_low=0.082, P_drag=-5.251e-04, P_cool=-7.885e-04, WENO=0.134, rho_mean=1.000000, p_mean=0.715863, div_rms=1.498e-01, vort_rms=9.291e-01, mass_err=-1.053e-10
step= 44000, t=76.563649, dt=1.664e-03, KE=3.258925e-02, Mt=0.2585, A_K=0.041, Cuv=0.115, P_in=7.615e-04, P_tgt=7.561e-04, A_F=0.164, K_low=0.092, P_drag=-5.727e-04, P_cool=-7.450e-04, WENO=0.128, rho_mean=1.000000, p_mean=0.715776, div_rms=1.581e-01, vort_rms=9.094e-01, mass_err=-1.065e-10
saved snapshot: results/hit2d/solenoidal_Mt025_N128/hit2d_step0044000.npz
step= 44500, t=77.376841, dt=1.634e-03, KE=3.250987e-02, Mt=0.2562, A_K=0.040, Cuv=0.023, P_in=6.463e-04, P_tgt=6.539e-04, A_F=0.153, K_low=0.092, P_drag=-5.862e-04, P_cool=-6.705e-04, WENO=0.105, rho_mean=1.000000, p_mean=0.715627, div_rms=1.585e-01, vort_rms=8.994e-01, mass_err=-1.077e-10
step= 45000, t=78.221317, dt=1.693e-03, KE=3.186923e-02, Mt=0.2541, A_K=0.037, Cuv=-0.044, P_in=5.896e-04, P_tgt=5.917e-04, A_F=0.045, K_low=0.088, P_drag=-5.513e-04, P_cool=-6.912e-04, WENO=0.149, rho_mean=1.000000, p_mean=0.715668, div_rms=1.512e-01, vort_rms=8.849e-01, mass_err=-1.089e-10
step= 45500, t=79.073699, dt=1.716e-03, KE=3.150567e-02, Mt=0.2519, A_K=0.034, Cuv=-0.160, P_in=5.567e-04, P_tgt=5.565e-04, A_F=0.106, K_low=0.086, P_drag=-5.393e-04, P_cool=-6.553e-04, WENO=0.182, rho_mean=1.000000, p_mean=0.715596, div_rms=1.530e-01, vort_rms=8.697e-01, mass_err=-1.102e-10
step= 46000, t=79.927396, dt=1.703e-03, KE=3.095191e-02, Mt=0.2506, A_K=0.025, Cuv=-0.172, P_in=5.460e-04, P_tgt=5.414e-04, A_F=0.309, K_low=0.094, P_drag=-5.682e-04, P_cool=-6.568e-04, WENO=0.147, rho_mean=1.000000, p_mean=0.715599, div_rms=1.528e-01, vort_rms=8.549e-01, mass_err=-1.114e-10
saved snapshot: results/hit2d/solenoidal_Mt025_N128/hit2d_step0046000.npz
step= 46500, t=80.797090, dt=1.753e-03, KE=3.081634e-02, Mt=0.2500, A_K=0.080, Cuv=-0.108, P_in=5.516e-04, P_tgt=5.467e-04, A_F=0.049, K_low=0.093, P_drag=-5.634e-04, P_cool=-6.866e-04, WENO=0.104, rho_mean=1.000000, p_mean=0.715659, div_rms=1.477e-01, vort_rms=8.524e-01, mass_err=-1.126e-10
step= 47000, t=81.664911, dt=1.708e-03, KE=3.046104e-02, Mt=0.2486, A_K=0.090, Cuv=-0.079, P_in=5.453e-04, P_tgt=5.592e-04, A_F=0.062, K_low=0.094, P_drag=-5.609e-04, P_cool=-6.403e-04, WENO=0.091, rho_mean=1.000000, p_mean=0.715566, div_rms=1.451e-01, vort_rms=8.365e-01, mass_err=-1.138e-10
step= 47500, t=82.529104, dt=1.710e-03, KE=2.999976e-02, Mt=0.2464, A_K=0.151, Cuv=-0.073, P_in=5.874e-04, P_tgt=5.857e-04, A_F=0.099, K_low=0.100, P_drag=-5.848e-04, P_cool=-6.231e-04, WENO=0.126, rho_mean=1.000000, p_mean=0.715532, div_rms=1.392e-01, vort_rms=8.217e-01, mass_err=-1.150e-10
step= 48000, t=83.387240, dt=1.736e-03, KE=2.952940e-02, Mt=0.2446, A_K=0.149, Cuv=-0.016, P_in=6.356e-04, P_tgt=6.439e-04, A_F=0.134, K_low=0.104, P_drag=-6.024e-04, P_cool=-6.143e-04, WENO=0.126, rho_mean=1.000000, p_mean=0.715514, div_rms=1.402e-01, vort_rms=8.058e-01, mass_err=-1.162e-10
saved snapshot: results/hit2d/solenoidal_Mt025_N128/hit2d_step0048000.npz
step= 48500, t=84.248983, dt=1.725e-03, KE=2.921793e-02, Mt=0.2428, A_K=0.071, Cuv=0.008, P_in=7.362e-04, P_tgt=7.353e-04, A_F=0.028, K_low=0.102, P_drag=-5.968e-04, P_cool=-5.894e-04, WENO=0.115, rho_mean=1.000000, p_mean=0.715464, div_rms=1.419e-01, vort_rms=7.967e-01, mass_err=-1.174e-10
step= 49000, t=85.091292, dt=1.668e-03, KE=2.867540e-02, Mt=0.2414, A_K=0.099, Cuv=-0.062, P_in=8.752e-04, P_tgt=8.691e-04, A_F=0.174, K_low=0.106, P_drag=-6.025e-04, P_cool=-6.291e-04, WENO=0.117, rho_mean=1.000000, p_mean=0.715544, div_rms=1.293e-01, vort_rms=7.867e-01, mass_err=-1.186e-10
step= 49500, t=85.914256, dt=1.649e-03, KE=2.888533e-02, Mt=0.2423, A_K=0.133, Cuv=-0.131, P_in=1.050e-03, P_tgt=1.019e-03, A_F=0.006, K_low=0.111, P_drag=-6.329e-04, P_cool=-5.475e-04, WENO=0.163, rho_mean=1.000000, p_mean=0.715381, div_rms=1.315e-01, vort_rms=7.841e-01, mass_err=-1.198e-10
step= 50000, t=86.753491, dt=1.690e-03, KE=2.911852e-02, Mt=0.2428, A_K=0.076, Cuv=-0.084, P_in=1.218e-03, P_tgt=1.197e-03, A_F=0.050, K_low=0.109, P_drag=-6.308e-04, P_cool=-5.568e-04, WENO=0.129, rho_mean=1.000000, p_mean=0.715399, div_rms=1.395e-01, vort_rms=7.871e-01, mass_err=-1.210e-10
saved snapshot: results/hit2d/solenoidal_Mt025_N128/hit2d_step0050000.npz
step= 50500, t=87.617681, dt=1.759e-03, KE=2.917789e-02, Mt=0.2436, A_K=0.056, Cuv=-0.194, P_in=1.378e-03, P_tgt=1.377e-03, A_F=0.129, K_low=0.107, P_drag=-6.135e-04, P_cool=-5.639e-04, WENO=0.141, rho_mean=1.000000, p_mean=0.715413, div_rms=1.259e-01, vort_rms=7.925e-01, mass_err=-1.222e-10
step= 51000, t=88.477978, dt=1.728e-03, KE=2.965606e-02, Mt=0.2452, A_K=0.038, Cuv=-0.231, P_in=1.576e-03, P_tgt=1.557e-03, A_F=0.022, K_low=0.103, P_drag=-6.089e-04, P_cool=-5.224e-04, WENO=0.121, rho_mean=1.000000, p_mean=0.715330, div_rms=1.348e-01, vort_rms=7.998e-01, mass_err=-1.234e-10
step= 51500, t=89.366746, dt=1.821e-03, KE=3.016604e-02, Mt=0.2471, A_K=0.065, Cuv=-0.217, P_in=1.678e-03, P_tgt=1.688e-03, A_F=0.001, K_low=0.105, P_drag=-6.250e-04, P_cool=-5.086e-04, WENO=0.139, rho_mean=1.000000, p_mean=0.715303, div_rms=1.357e-01, vort_rms=8.080e-01, mass_err=-1.247e-10
step= 52000, t=90.270964, dt=1.791e-03, KE=3.041962e-02, Mt=0.2485, A_K=0.092, Cuv=-0.191, P_in=1.762e-03, P_tgt=1.766e-03, A_F=0.006, K_low=0.103, P_drag=-6.183e-04, P_cool=-5.633e-04, WENO=0.132, rho_mean=1.000000, p_mean=0.715412, div_rms=1.331e-01, vort_rms=8.358e-01, mass_err=-1.259e-10
saved snapshot: results/hit2d/solenoidal_Mt025_N128/hit2d_step0052000.npz
step= 52500, t=91.179803, dt=1.814e-03, KE=3.093287e-02, Mt=0.2503, A_K=0.065, Cuv=-0.139, P_in=1.804e-03, P_tgt=1.800e-03, A_F=0.149, K_low=0.104, P_drag=-6.348e-04, P_cool=-5.667e-04, WENO=0.113, rho_mean=1.000000, p_mean=0.715419, div_rms=1.372e-01, vort_rms=8.524e-01, mass_err=-1.271e-10
step= 53000, t=92.069160, dt=1.741e-03, KE=3.171641e-02, Mt=0.2528, A_K=0.025, Cuv=-0.143, P_in=1.758e-03, P_tgt=1.748e-03, A_F=0.227, K_low=0.105, P_drag=-6.614e-04, P_cool=-5.159e-04, WENO=0.129, rho_mean=1.000000, p_mean=0.715318, div_rms=1.313e-01, vort_rms=8.540e-01, mass_err=-1.283e-10
step= 53500, t=92.950572, dt=1.746e-03, KE=3.200518e-02, Mt=0.2541, A_K=0.011, Cuv=-0.096, P_in=1.638e-03, P_tgt=1.630e-03, A_F=0.008, K_low=0.109, P_drag=-6.926e-04, P_cool=-5.458e-04, WENO=0.106, rho_mean=1.000000, p_mean=0.715377, div_rms=1.344e-01, vort_rms=8.591e-01, mass_err=-1.295e-10
step= 54000, t=93.811174, dt=1.720e-03, KE=3.197671e-02, Mt=0.2543, A_K=0.021, Cuv=-0.077, P_in=1.455e-03, P_tgt=1.499e-03, A_F=0.141, K_low=0.110, P_drag=-7.038e-04, P_cool=-6.034e-04, WENO=0.117, rho_mean=1.000000, p_mean=0.715492, div_rms=1.246e-01, vort_rms=8.699e-01, mass_err=-1.307e-10
saved snapshot: results/hit2d/solenoidal_Mt025_N128/hit2d_step0054000.npz
step= 54500, t=94.670742, dt=1.741e-03, KE=3.235832e-02, Mt=0.2561, A_K=0.064, Cuv=-0.001, P_in=1.326e-03, P_tgt=1.353e-03, A_F=0.178, K_low=0.122, P_drag=-7.819e-04, P_cool=-5.517e-04, WENO=0.126, rho_mean=1.000000, p_mean=0.715389, div_rms=1.303e-01, vort_rms=8.853e-01, mass_err=-1.319e-10
step= 55000, t=95.548072, dt=1.754e-03, KE=3.213523e-02, Mt=0.2549, A_K=0.086, Cuv=0.005, P_in=1.182e-03, P_tgt=1.211e-03, A_F=0.044, K_low=0.134, P_drag=-8.535e-04, P_cool=-5.774e-04, WENO=0.159, rho_mean=1.000000, p_mean=0.715441, div_rms=1.278e-01, vort_rms=8.877e-01, mass_err=-1.331e-10
step= 55500, t=96.428263, dt=1.785e-03, KE=3.170824e-02, Mt=0.2528, A_K=0.115, Cuv=0.015, P_in=1.103e-03, P_tgt=1.121e-03, A_F=0.003, K_low=0.139, P_drag=-8.709e-04, P_cool=-6.185e-04, WENO=0.156, rho_mean=1.000000, p_mean=0.715523, div_rms=1.306e-01, vort_rms=8.892e-01, mass_err=-1.343e-10
step= 56000, t=97.314724, dt=1.760e-03, KE=3.152960e-02, Mt=0.2530, A_K=0.072, Cuv=0.009, P_in=1.061e-03, P_tgt=1.058e-03, A_F=0.034, K_low=0.132, P_drag=-8.239e-04, P_cool=-6.170e-04, WENO=0.138, rho_mean=1.000000, p_mean=0.715520, div_rms=1.367e-01, vort_rms=8.861e-01, mass_err=-1.355e-10
saved snapshot: results/hit2d/solenoidal_Mt025_N128/hit2d_step0056000.npz
step= 56500, t=98.193074, dt=1.749e-03, KE=3.123808e-02, Mt=0.2515, A_K=0.095, Cuv=-0.046, P_in=1.030e-03, P_tgt=1.017e-03, A_F=0.016, K_low=0.117, P_drag=-7.262e-04, P_cool=-6.114e-04, WENO=0.148, rho_mean=1.000000, p_mean=0.715509, div_rms=1.424e-01, vort_rms=8.869e-01, mass_err=-1.367e-10
step= 57000, t=99.068805, dt=1.717e-03, KE=3.092217e-02, Mt=0.2502, A_K=0.007, Cuv=0.010, P_in=1.007e-03, P_tgt=1.006e-03, A_F=0.126, K_low=0.105, P_drag=-6.484e-04, P_cool=-6.237e-04, WENO=0.150, rho_mean=1.000000, p_mean=0.715533, div_rms=1.413e-01, vort_rms=8.815e-01, mass_err=-1.380e-10
step= 57500, t=99.924585, dt=1.734e-03, KE=3.062818e-02, Mt=0.2496, A_K=0.057, Cuv=-0.056, P_in=1.010e-03, P_tgt=1.000e-03, A_F=0.112, K_low=0.095, P_drag=-5.730e-04, P_cool=-6.453e-04, WENO=0.110, rho_mean=1.000000, p_mean=0.715576, div_rms=1.397e-01, vort_rms=8.694e-01, mass_err=-1.392e-10
step= 58000, t=100.804683, dt=1.763e-03, KE=3.043748e-02, Mt=0.2487, A_K=0.068, Cuv=-0.084, P_in=1.036e-03, P_tgt=1.029e-03, A_F=0.270, K_low=0.085, P_drag=-5.041e-04, P_cool=-6.489e-04, WENO=0.147, rho_mean=1.000000, p_mean=0.715584, div_rms=1.288e-01, vort_rms=8.611e-01, mass_err=-1.404e-10
saved snapshot: results/hit2d/solenoidal_Mt025_N128/hit2d_step0058000.npz
step= 58500, t=101.690047, dt=1.780e-03, KE=3.054439e-02, Mt=0.2490, A_K=0.142, Cuv=-0.102, P_in=1.045e-03, P_tgt=1.048e-03, A_F=0.137, K_low=0.084, P_drag=-4.991e-04, P_cool=-6.149e-04, WENO=0.161, rho_mean=1.000000, p_mean=0.715515, div_rms=1.234e-01, vort_rms=8.514e-01, mass_err=-1.416e-10
step= 59000, t=102.591970, dt=1.837e-03, KE=3.028281e-02, Mt=0.2484, A_K=0.187, Cuv=-0.099, P_in=1.070e-03, P_tgt=1.075e-03, A_F=0.040, K_low=0.081, P_drag=-4.804e-04, P_cool=-6.606e-04, WENO=0.121, rho_mean=1.000000, p_mean=0.715607, div_rms=1.327e-01, vort_rms=8.557e-01, mass_err=-1.428e-10
step= 59500, t=103.479418, dt=1.744e-03, KE=3.057849e-02, Mt=0.2488, A_K=0.137, Cuv=-0.123, P_in=1.108e-03, P_tgt=1.107e-03, A_F=0.085, K_low=0.076, P_drag=-4.605e-04, P_cool=-6.022e-04, WENO=0.143, rho_mean=1.000000, p_mean=0.715490, div_rms=1.284e-01, vort_rms=8.621e-01, mass_err=-1.440e-10
step= 60000, t=104.365759, dt=1.787e-03, KE=3.075907e-02, Mt=0.2494, A_K=0.105, Cuv=-0.066, P_in=1.126e-03, P_tgt=1.118e-03, A_F=0.248, K_low=0.073, P_drag=-4.460e-04, P_cool=-5.820e-04, WENO=0.154, rho_mean=1.000000, p_mean=0.715450, div_rms=1.291e-01, vort_rms=8.596e-01, mass_err=-1.452e-10
saved snapshot: results/hit2d/solenoidal_Mt025_N128/hit2d_step0060000.npz
step= 60500, t=105.261717, dt=1.778e-03, KE=3.083936e-02, Mt=0.2499, A_K=0.118, Cuv=-0.018, P_in=1.158e-03, P_tgt=1.139e-03, A_F=0.058, K_low=0.069, P_drag=-4.188e-04, P_cool=-5.854e-04, WENO=0.106, rho_mean=1.000000, p_mean=0.715456, div_rms=1.294e-01, vort_rms=8.609e-01, mass_err=-1.464e-10
step= 61000, t=106.155437, dt=1.807e-03, KE=3.059130e-02, Mt=0.2494, A_K=0.127, Cuv=-0.053, P_in=1.146e-03, P_tgt=1.148e-03, A_F=0.077, K_low=0.066, P_drag=-3.916e-04, P_cool=-6.569e-04, WENO=0.138, rho_mean=1.000000, p_mean=0.715600, div_rms=1.319e-01, vort_rms=8.520e-01, mass_err=-1.476e-10
step= 61500, t=107.052786, dt=1.800e-03, KE=3.092403e-02, Mt=0.2499, A_K=0.075, Cuv=-0.029, P_in=1.144e-03, P_tgt=1.155e-03, A_F=0.186, K_low=0.064, P_drag=-3.863e-04, P_cool=-6.133e-04, WENO=0.142, rho_mean=1.000000, p_mean=0.715512, div_rms=1.261e-01, vort_rms=8.524e-01, mass_err=-1.488e-10
step= 62000, t=107.938847, dt=1.759e-03, KE=3.122545e-02, Mt=0.2514, A_K=0.102, Cuv=-0.010, P_in=1.127e-03, P_tgt=1.143e-03, A_F=0.267, K_low=0.064, P_drag=-3.883e-04, P_cool=-5.856e-04, WENO=0.123, rho_mean=1.000000, p_mean=0.715457, div_rms=1.333e-01, vort_rms=8.506e-01, mass_err=-1.500e-10
saved snapshot: results/hit2d/solenoidal_Mt025_N128/hit2d_step0062000.npz
step= 62500, t=108.831984, dt=1.777e-03, KE=3.110867e-02, Mt=0.2515, A_K=0.000, Cuv=0.068, P_in=1.115e-03, P_tgt=1.110e-03, A_F=0.054, K_low=0.062, P_drag=-3.811e-04, P_cool=-6.313e-04, WENO=0.144, rho_mean=1.000000, p_mean=0.715548, div_rms=1.290e-01, vort_rms=8.576e-01, mass_err=-1.513e-10
step= 63000, t=109.718268, dt=1.785e-03, KE=3.153048e-02, Mt=0.2528, A_K=0.144, Cuv=0.124, P_in=1.043e-03, P_tgt=1.066e-03, A_F=0.050, K_low=0.066, P_drag=-4.074e-04, P_cool=-5.696e-04, WENO=0.128, rho_mean=1.000000, p_mean=0.715425, div_rms=1.311e-01, vort_rms=8.692e-01, mass_err=-1.525e-10
step= 63157, t=110.000000, dt=1.703e-03, KE=3.143938e-02, Mt=0.2527, A_K=0.144, Cuv=0.155, P_in=1.035e-03, P_tgt=1.047e-03, A_F=0.141, K_low=0.069, P_drag=-4.224e-04, P_cool=-5.915e-04, WENO=0.147, rho_mean=1.000000, p_mean=0.715469, div_rms=1.240e-01, vort_rms=8.712e-01, mass_err=-1.529e-10
saved snapshot: results/hit2d/solenoidal_Mt025_N128/hit2d_step0063157.npz
completed 2D HIT run at t=110.000000 in 63157 steps
