Using array backend: cupy
step=     0, t=0.000000, dt=0.000e+00, KE=1.250000e-01, Mt=0.5000, A_K=0.000, Cuv=0.000, P_in=0.000e+00, P_tgt=0.000e+00, A_F=0.000, K_low=0.000, P_drag=0.000e+00, P_cool=0.000e+00, WENO=0.012, rho_mean=1.000000, p_mean=0.714286, div_rms=3.220e-14, vort_rms=1.950e+00, mass_err=0.000e+00
warning: cumulative forcing cross-correlation is high (|Fxy|/(Fxx+Fyy)=0.132)
step=  1000, t=0.173147, dt=1.736e-04, KE=1.237893e-01, Mt=0.4977, A_K=0.003, Cuv=-0.008, P_in=1.013e-03, P_tgt=1.014e-03, A_F=0.035, K_low=0.003, P_drag=-7.203e-05, P_cool=-2.739e-04, WENO=0.021, rho_mean=1.000000, p_mean=0.714833, div_rms=4.403e-01, vort_rms=1.906e+00, mass_err=-2.430e-12
step=  2000, t=0.347570, dt=1.758e-04, KE=1.165554e-01, Mt=0.4851, A_K=0.003, Cuv=-0.014, P_in=1.192e-03, P_tgt=1.187e-03, A_F=0.198, K_low=0.011, P_drag=-2.444e-04, P_cool=-1.722e-03, WENO=0.026, rho_mean=1.000000, p_mean=0.717729, div_rms=4.950e-01, vort_rms=1.842e+00, mass_err=-4.853e-12
step=  3000, t=0.525792, dt=1.814e-04, KE=1.088024e-01, Mt=0.4747, A_K=0.006, Cuv=-0.025, P_in=1.947e-03, P_tgt=1.874e-03, A_F=0.041, K_low=0.019, P_drag=-4.107e-04, P_cool=-3.223e-03, WENO=0.044, rho_mean=1.000000, p_mean=0.720731, div_rms=6.001e-01, vort_rms=1.823e+00, mass_err=-7.205e-12
step=  4000, t=0.708905, dt=1.854e-04, KE=1.066620e-01, Mt=0.4794, A_K=0.019, Cuv=-0.030, P_in=3.159e-03, P_tgt=3.129e-03, A_F=0.192, K_low=0.024, P_drag=-4.949e-04, P_cool=-3.598e-03, WENO=0.051, rho_mean=1.000000, p_mean=0.721482, div_rms=8.916e-01, vort_rms=1.846e+00, mass_err=-9.550e-12
step=  5000, t=0.895148, dt=1.861e-04, KE=1.076266e-01, Mt=0.4868, A_K=0.029, Cuv=-0.051, P_in=4.442e-03, P_tgt=4.427e-03, A_F=0.036, K_low=0.026, P_drag=-4.976e-04, P_cool=-3.398e-03, WENO=0.061, rho_mean=1.000000, p_mean=0.721082, div_rms=1.135e+00, vort_rms=1.868e+00, mass_err=-1.187e-11
step=  6000, t=1.080882, dt=1.858e-04, KE=1.086604e-01, Mt=0.4878, A_K=0.025, Cuv=-0.061, P_in=5.665e-03, P_tgt=5.694e-03, A_F=0.333, K_low=0.028, P_drag=-4.763e-04, P_cool=-3.240e-03, WENO=0.064, rho_mean=1.000000, p_mean=0.720765, div_rms=1.182e+00, vort_rms=1.871e+00, mass_err=-1.420e-11
step=  7000, t=1.263929, dt=1.780e-04, KE=1.094064e-01, Mt=0.4853, A_K=0.003, Cuv=-0.044, P_in=7.493e-03, P_tgt=7.538e-03, A_F=0.025, K_low=0.030, P_drag=-4.872e-04, P_cool=-3.194e-03, WENO=0.062, rho_mean=1.000000, p_mean=0.720675, div_rms=1.095e+00, vort_rms=1.869e+00, mass_err=-1.656e-11
step=  8000, t=1.439361, dt=1.762e-04, KE=1.107455e-01, Mt=0.4848, A_K=0.039, Cuv=-0.017, P_in=1.040e-02, P_tgt=1.036e-02, A_F=0.182, K_low=0.032, P_drag=-5.496e-04, P_cool=-3.108e-03, WENO=0.064, rho_mean=1.000000, p_mean=0.720502, div_rms=1.007e+00, vort_rms=1.874e+00, mass_err=-1.890e-11
step=  9000, t=1.617788, dt=1.808e-04, KE=1.124251e-01, Mt=0.4874, A_K=0.067, Cuv=0.013, P_in=1.398e-02, P_tgt=1.393e-02, A_F=0.309, K_low=0.035, P_drag=-6.740e-04, P_cool=-3.071e-03, WENO=0.085, rho_mean=1.000000, p_mean=0.720429, div_rms=9.427e-01, vort_rms=1.891e+00, mass_err=-2.125e-11
step= 10000, t=1.800568, dt=1.828e-04, KE=1.145002e-01, Mt=0.4911, A_K=0.088, Cuv=0.025, P_in=1.739e-02, P_tgt=1.739e-02, A_F=0.313, K_low=0.041, P_drag=-8.363e-04, P_cool=-3.091e-03, WENO=0.111, rho_mean=1.000000, p_mean=0.720467, div_rms=9.292e-01, vort_rms=1.914e+00, mass_err=-2.360e-11
saved snapshot: results/hit2d/solenoidal_Mt050_N512_CFL_0p05/hit2d_step0010000.npz
step= 11000, t=1.978834, dt=1.750e-04, KE=1.168974e-01, Mt=0.4951, A_K=0.101, Cuv=0.014, P_in=2.003e-02, P_tgt=2.000e-02, A_F=0.128, K_low=0.045, P_drag=-9.721e-04, P_cool=-3.140e-03, WENO=0.117, rho_mean=1.000000, p_mean=0.720566, div_rms=9.882e-01, vort_rms=1.936e+00, mass_err=-2.597e-11
step= 12000, t=2.154047, dt=1.744e-04, KE=1.190529e-01, Mt=0.4984, A_K=0.105, Cuv=0.011, P_in=2.143e-02, P_tgt=2.142e-02, A_F=0.062, K_low=0.046, P_drag=-1.030e-03, P_cool=-3.291e-03, WENO=0.112, rho_mean=1.000000, p_mean=0.720868, div_rms=1.028e+00, vort_rms=1.964e+00, mass_err=-2.832e-11
step= 13000, t=2.326694, dt=1.716e-04, KE=1.214355e-01, Mt=0.5030, A_K=0.112, Cuv=0.012, P_in=2.108e-02, P_tgt=2.112e-02, A_F=0.088, K_low=0.044, P_drag=-1.007e-03, P_cool=-3.402e-03, WENO=0.121, rho_mean=1.000000, p_mean=0.721090, div_rms=1.074e+00, vort_rms=1.997e+00, mass_err=-3.069e-11
step= 14000, t=2.497800, dt=1.700e-04, KE=1.228828e-01, Mt=0.5067, A_K=0.131, Cuv=0.005, P_in=1.920e-02, P_tgt=1.916e-02, A_F=0.143, K_low=0.041, P_drag=-9.437e-04, P_cool=-3.651e-03, WENO=0.120, rho_mean=1.000000, p_mean=0.721587, div_rms=1.091e+00, vort_rms=2.027e+00, mass_err=-3.304e-11
step= 15000, t=2.666064, dt=1.671e-04, KE=1.234284e-01, Mt=0.5098, A_K=0.155, Cuv=0.013, P_in=1.645e-02, P_tgt=1.633e-02, A_F=0.134, K_low=0.040, P_drag=-9.043e-04, P_cool=-3.982e-03, WENO=0.116, rho_mean=1.000000, p_mean=0.722250, div_rms=1.113e+00, vort_rms=2.045e+00, mass_err=-3.539e-11
step= 16000, t=2.831753, dt=1.641e-04, KE=1.239417e-01, Mt=0.5135, A_K=0.175, Cuv=0.039, P_in=1.302e-02, P_tgt=1.303e-02, A_F=0.019, K_low=0.042, P_drag=-9.302e-04, P_cool=-4.202e-03, WENO=0.109, rho_mean=1.000000, p_mean=0.722691, div_rms=1.150e+00, vort_rms=2.053e+00, mass_err=-3.771e-11
warning: flow component anisotropy has increased over the last three diagnostic samples
step= 17000, t=2.993260, dt=1.595e-04, KE=1.246100e-01, Mt=0.5166, A_K=0.202, Cuv=0.072, P_in=9.437e-03, P_tgt=9.755e-03, A_F=0.184, K_low=0.046, P_drag=-1.028e-03, P_cool=-4.268e-03, WENO=0.112, rho_mean=1.000000, p_mean=0.722822, div_rms=1.183e+00, vort_rms=2.061e+00, mass_err=-4.002e-11
warning: flow component anisotropy has increased over the last three diagnostic samples
step= 18000, t=3.153232, dt=1.609e-04, KE=1.253452e-01, Mt=0.5178, A_K=0.236, Cuv=0.083, P_in=7.047e-03, P_tgt=7.032e-03, A_F=0.113, K_low=0.053, P_drag=-1.180e-03, P_cool=-4.221e-03, WENO=0.108, rho_mean=1.000000, p_mean=0.722727, div_rms=1.232e+00, vort_rms=2.068e+00, mass_err=-4.237e-11
warning: flow component anisotropy has increased over the last three diagnostic samples
step= 19000, t=3.315140, dt=1.637e-04, KE=1.255802e-01, Mt=0.5183, A_K=0.250, Cuv=0.075, P_in=4.965e-03, P_tgt=4.985e-03, A_F=0.047, K_low=0.062, P_drag=-1.353e-03, P_cool=-4.193e-03, WENO=0.105, rho_mean=1.000000, p_mean=0.722672, div_rms=1.276e+00, vort_rms=2.062e+00, mass_err=-4.471e-11
warning: flow component anisotropy has increased over the last three diagnostic samples
step= 20000, t=3.482221, dt=1.679e-04, KE=1.251746e-01, Mt=0.5172, A_K=0.265, Cuv=0.050, P_in=3.633e-03, P_tgt=3.575e-03, A_F=0.037, K_low=0.071, P_drag=-1.530e-03, P_cool=-4.229e-03, WENO=0.106, rho_mean=1.000000, p_mean=0.722744, div_rms=1.293e+00, vort_rms=2.059e+00, mass_err=-4.706e-11
saved snapshot: results/hit2d/solenoidal_Mt050_N512_CFL_0p05/hit2d_step0020000.npz
step= 21000, t=3.652309, dt=1.724e-04, KE=1.243107e-01, Mt=0.5158, A_K=0.264, Cuv=0.002, P_in=2.601e-03, P_tgt=2.604e-03, A_F=0.051, K_low=0.077, P_drag=-1.683e-03, P_cool=-4.305e-03, WENO=0.106, rho_mean=1.000000, p_mean=0.722897, div_rms=1.270e+00, vort_rms=2.059e+00, mass_err=-4.940e-11
step= 22000, t=3.827482, dt=1.783e-04, KE=1.232394e-01, Mt=0.5127, A_K=0.245, Cuv=-0.045, P_in=1.980e-03, P_tgt=1.978e-03, A_F=0.133, K_low=0.081, P_drag=-1.807e-03, P_cool=-4.382e-03, WENO=0.106, rho_mean=1.000000, p_mean=0.723050, div_rms=1.220e+00, vort_rms=2.043e+00, mass_err=-5.174e-11
step= 23000, t=4.009614, dt=1.835e-04, KE=1.225188e-01, Mt=0.5103, A_K=0.219, Cuv=-0.074, P_in=1.667e-03, P_tgt=1.588e-03, A_F=0.239, K_low=0.083, P_drag=-1.915e-03, P_cool=-4.361e-03, WENO=0.121, rho_mean=1.000000, p_mean=0.723008, div_rms=1.167e+00, vort_rms=2.029e+00, mass_err=-5.407e-11
step= 24000, t=4.190314, dt=1.799e-04, KE=1.224472e-01, Mt=0.5096, A_K=0.192, Cuv=-0.066, P_in=1.325e-03, P_tgt=1.310e-03, A_F=0.164, K_low=0.086, P_drag=-2.037e-03, P_cool=-4.201e-03, WENO=0.123, rho_mean=1.000000, p_mean=0.722689, div_rms=1.166e+00, vort_rms=2.025e+00, mass_err=-5.642e-11
step= 25000, t=4.371744, dt=1.835e-04, KE=1.220676e-01, Mt=0.5092, A_K=0.163, Cuv=-0.047, P_in=1.081e-03, P_tgt=1.090e-03, A_F=0.263, K_low=0.091, P_drag=-2.196e-03, P_cool=-4.096e-03, WENO=0.127, rho_mean=1.000000, p_mean=0.722479, div_rms=1.164e+00, vort_rms=2.022e+00, mass_err=-5.878e-11
step= 26000, t=4.555373, dt=1.837e-04, KE=1.212698e-01, Mt=0.5072, A_K=0.142, Cuv=-0.020, P_in=9.327e-04, P_tgt=9.253e-04, A_F=0.168, K_low=0.098, P_drag=-2.379e-03, P_cool=-4.060e-03, WENO=0.118, rho_mean=1.000000, p_mean=0.722406, div_rms=1.180e+00, vort_rms=2.011e+00, mass_err=-6.114e-11
step= 27000, t=4.739281, dt=1.853e-04, KE=1.196593e-01, Mt=0.5032, A_K=0.145, Cuv=0.011, P_in=8.390e-04, P_tgt=8.351e-04, A_F=0.085, K_low=0.107, P_drag=-2.559e-03, P_cool=-4.173e-03, WENO=0.115, rho_mean=1.000000, p_mean=0.722631, div_rms=1.185e+00, vort_rms=2.002e+00, mass_err=-6.350e-11
step= 28000, t=4.924511, dt=1.845e-04, KE=1.178033e-01, Mt=0.4985, A_K=0.172, Cuv=0.028, P_in=8.327e-04, P_tgt=8.190e-04, A_F=0.053, K_low=0.115, P_drag=-2.719e-03, P_cool=-4.321e-03, WENO=0.113, rho_mean=1.000000, p_mean=0.722928, div_rms=1.184e+00, vort_rms=1.995e+00, mass_err=-6.585e-11
step= 29000, t=5.103592, dt=1.788e-04, KE=1.159951e-01, Mt=0.4938, A_K=0.194, Cuv=0.016, P_in=9.065e-04, P_tgt=8.855e-04, A_F=0.075, K_low=0.123, P_drag=-2.863e-03, P_cool=-4.457e-03, WENO=0.110, rho_mean=1.000000, p_mean=0.723200, div_rms=1.160e+00, vort_rms=1.978e+00, mass_err=-6.818e-11
warning: flow component anisotropy has increased over the last three diagnostic samples
step= 30000, t=5.283282, dt=1.792e-04, KE=1.141776e-01, Mt=0.4909, A_K=0.202, Cuv=-0.011, P_in=1.045e-03, P_tgt=1.041e-03, A_F=0.233, K_low=0.133, P_drag=-3.006e-03, P_cool=-4.589e-03, WENO=0.113, rho_mean=1.000000, p_mean=0.723463, div_rms=1.134e+00, vort_rms=1.961e+00, mass_err=-7.052e-11
saved snapshot: results/hit2d/solenoidal_Mt050_N512_CFL_0p05/hit2d_step0030000.npz
step= 31000, t=5.462415, dt=1.794e-04, KE=1.134028e-01, Mt=0.4910, A_K=0.196, Cuv=-0.037, P_in=1.256e-03, P_tgt=1.257e-03, A_F=0.027, K_low=0.142, P_drag=-3.125e-03, P_cool=-4.513e-03, WENO=0.110, rho_mean=1.000000, p_mean=0.723311, div_rms=1.129e+00, vort_rms=1.949e+00, mass_err=-7.287e-11
step= 32000, t=5.641940, dt=1.773e-04, KE=1.130598e-01, Mt=0.4896, A_K=0.185, Cuv=-0.060, P_in=1.518e-03, P_tgt=1.521e-03, A_F=0.094, K_low=0.147, P_drag=-3.198e-03, P_cool=-4.360e-03, WENO=0.108, rho_mean=1.000000, p_mean=0.723006, div_rms=1.159e+00, vort_rms=1.929e+00, mass_err=-7.521e-11
step= 33000, t=5.817200, dt=1.754e-04, KE=1.118088e-01, Mt=0.4843, A_K=0.184, Cuv=-0.070, P_in=1.976e-03, P_tgt=1.991e-03, A_F=0.062, K_low=0.151, P_drag=-3.236e-03, P_cool=-4.405e-03, WENO=0.105, rho_mean=1.000000, p_mean=0.723095, div_rms=1.153e+00, vort_rms=1.909e+00, mass_err=-7.756e-11
step= 34000, t=5.991713, dt=1.726e-04, KE=1.108550e-01, Mt=0.4797, A_K=0.189, Cuv=-0.068, P_in=2.935e-03, P_tgt=2.924e-03, A_F=0.216, K_low=0.154, P_drag=-3.280e-03, P_cool=-4.411e-03, WENO=0.108, rho_mean=1.000000, p_mean=0.723107, div_rms=1.108e+00, vort_rms=1.888e+00, mass_err=-7.990e-11
step= 35000, t=6.162777, dt=1.702e-04, KE=1.104347e-01, Mt=0.4782, A_K=0.197, Cuv=-0.064, P_in=4.628e-03, P_tgt=4.609e-03, A_F=0.125, K_low=0.159, P_drag=-3.363e-03, P_cool=-4.356e-03, WENO=0.114, rho_mean=1.000000, p_mean=0.722997, div_rms=1.067e+00, vort_rms=1.873e+00, mass_err=-8.224e-11
warning: flow component anisotropy has increased over the last three diagnostic samples
step= 36000, t=6.331407, dt=1.664e-04, KE=1.103870e-01, Mt=0.4778, A_K=0.200, Cuv=-0.058, P_in=7.432e-03, P_tgt=7.377e-03, A_F=0.180, K_low=0.166, P_drag=-3.481e-03, P_cool=-4.301e-03, WENO=0.109, rho_mean=1.000000, p_mean=0.722888, div_rms=1.051e+00, vort_rms=1.860e+00, mass_err=-8.458e-11
step= 37000, t=6.495835, dt=1.635e-04, KE=1.109275e-01, Mt=0.4784, A_K=0.198, Cuv=-0.058, P_in=1.186e-02, P_tgt=1.181e-02, A_F=0.079, K_low=0.170, P_drag=-3.598e-03, P_cool=-4.245e-03, WENO=0.109, rho_mean=1.000000, p_mean=0.722776, div_rms=1.038e+00, vort_rms=1.850e+00, mass_err=-8.695e-11
step= 38000, t=6.660291, dt=1.658e-04, KE=1.123914e-01, Mt=0.4818, A_K=0.190, Cuv=-0.063, P_in=1.814e-02, P_tgt=1.812e-02, A_F=0.060, K_low=0.171, P_drag=-3.702e-03, P_cool=-4.181e-03, WENO=0.115, rho_mean=1.000000, p_mean=0.722647, div_rms=1.026e+00, vort_rms=1.843e+00, mass_err=-8.932e-11
step= 39000, t=6.827290, dt=1.677e-04, KE=1.146927e-01, Mt=0.4876, A_K=0.179, Cuv=-0.086, P_in=2.505e-02, P_tgt=2.508e-02, A_F=0.133, K_low=0.170, P_drag=-3.775e-03, P_cool=-4.179e-03, WENO=0.117, rho_mean=1.000000, p_mean=0.722643, div_rms=1.001e+00, vort_rms=1.856e+00, mass_err=-9.169e-11
step= 40000, t=6.995630, dt=1.697e-04, KE=1.177959e-01, Mt=0.4956, A_K=0.178, Cuv=-0.116, P_in=3.002e-02, P_tgt=2.985e-02, A_F=0.144, K_low=0.165, P_drag=-3.799e-03, P_cool=-4.226e-03, WENO=0.118, rho_mean=1.000000, p_mean=0.722738, div_rms=1.004e+00, vort_rms=1.873e+00, mass_err=-9.405e-11
saved snapshot: results/hit2d/solenoidal_Mt050_N512_CFL_0p05/hit2d_step0040000.npz
step= 41000, t=7.166392, dt=1.716e-04, KE=1.208645e-01, Mt=0.5033, A_K=0.188, Cuv=-0.145, P_in=3.015e-02, P_tgt=3.016e-02, A_F=0.015, K_low=0.159, P_drag=-3.762e-03, P_cool=-4.379e-03, WENO=0.113, rho_mean=1.000000, p_mean=0.723044, div_rms=1.038e+00, vort_rms=1.884e+00, mass_err=-9.641e-11
warning: flow component anisotropy has increased over the last three diagnostic samples
step= 42000, t=7.339557, dt=1.747e-04, KE=1.234260e-01, Mt=0.5088, A_K=0.205, Cuv=-0.148, P_in=2.660e-02, P_tgt=2.668e-02, A_F=0.143, K_low=0.152, P_drag=-3.677e-03, P_cool=-4.579e-03, WENO=0.117, rho_mean=1.000000, p_mean=0.723444, div_rms=1.071e+00, vort_rms=1.895e+00, mass_err=-9.875e-11
warning: flow component anisotropy has increased over the last three diagnostic samples
step= 43000, t=7.514093, dt=1.749e-04, KE=1.256551e-01, Mt=0.5130, A_K=0.221, Cuv=-0.144, P_in=2.181e-02, P_tgt=2.165e-02, A_F=0.282, K_low=0.145, P_drag=-3.572e-03, P_cool=-4.690e-03, WENO=0.114, rho_mean=1.000000, p_mean=0.723665, div_rms=1.101e+00, vort_rms=1.915e+00, mass_err=-1.011e-10
warning: flow component anisotropy has increased over the last three diagnostic samples
step= 44000, t=7.687574, dt=1.728e-04, KE=1.280586e-01, Mt=0.5182, A_K=0.233, Cuv=-0.130, P_in=1.585e-02, P_tgt=1.602e-02, A_F=0.039, K_low=0.141, P_drag=-3.477e-03, P_cool=-4.575e-03, WENO=0.105, rho_mean=1.000000, p_mean=0.723435, div_rms=1.153e+00, vort_rms=1.934e+00, mass_err=-1.034e-10
step= 45000, t=7.860262, dt=1.700e-04, KE=1.291984e-01, Mt=0.5197, A_K=0.232, Cuv=-0.118, P_in=1.116e-02, P_tgt=1.113e-02, A_F=0.076, K_low=0.137, P_drag=-3.381e-03, P_cool=-4.538e-03, WENO=0.103, rho_mean=1.000000, p_mean=0.723361, div_rms=1.194e+00, vort_rms=1.939e+00, mass_err=-1.058e-10
step= 46000, t=8.033471, dt=1.756e-04, KE=1.293573e-01, Mt=0.5192, A_K=0.222, Cuv=-0.119, P_in=7.641e-03, P_tgt=7.685e-03, A_F=0.099, K_low=0.132, P_drag=-3.274e-03, P_cool=-4.563e-03, WENO=0.109, rho_mean=1.000000, p_mean=0.723411, div_rms=1.224e+00, vort_rms=1.933e+00, mass_err=-1.081e-10
step= 47000, t=8.209098, dt=1.740e-04, KE=1.283106e-01, Mt=0.5175, A_K=0.210, Cuv=-0.116, P_in=5.328e-03, P_tgt=5.434e-03, A_F=0.087, K_low=0.127, P_drag=-3.134e-03, P_cool=-4.729e-03, WENO=0.113, rho_mean=1.000000, p_mean=0.723743, div_rms=1.199e+00, vort_rms=1.933e+00, mass_err=-1.105e-10
step= 48000, t=8.383241, dt=1.747e-04, KE=1.273359e-01, Mt=0.5175, A_K=0.188, Cuv=-0.103, P_in=3.886e-03, P_tgt=3.898e-03, A_F=0.039, K_low=0.122, P_drag=-2.983e-03, P_cool=-4.810e-03, WENO=0.120, rho_mean=1.000000, p_mean=0.723906, div_rms=1.184e+00, vort_rms=1.944e+00, mass_err=-1.128e-10
step= 49000, t=8.558601, dt=1.759e-04, KE=1.265237e-01, Mt=0.5178, A_K=0.176, Cuv=-0.088, P_in=2.771e-03, P_tgt=2.786e-03, A_F=0.021, K_low=0.116, P_drag=-2.814e-03, P_cool=-4.814e-03, WENO=0.120, rho_mean=1.000000, p_mean=0.723915, div_rms=1.207e+00, vort_rms=1.940e+00, mass_err=-1.152e-10
step= 50000, t=8.732602, dt=1.725e-04, KE=1.247411e-01, Mt=0.5147, A_K=0.166, Cuv=-0.090, P_in=2.038e-03, P_tgt=2.028e-03, A_F=0.056, K_low=0.109, P_drag=-2.636e-03, P_cool=-4.987e-03, WENO=0.126, rho_mean=1.000000, p_mean=0.724259, div_rms=1.200e+00, vort_rms=1.927e+00, mass_err=-1.175e-10
saved snapshot: results/hit2d/solenoidal_Mt050_N512_CFL_0p05/hit2d_step0050000.npz
step= 51000, t=8.906383, dt=1.744e-04, KE=1.226122e-01, Mt=0.5094, A_K=0.157, Cuv=-0.097, P_in=1.622e-03, P_tgt=1.610e-03, A_F=0.155, K_low=0.102, P_drag=-2.471e-03, P_cool=-5.208e-03, WENO=0.114, rho_mean=1.000000, p_mean=0.724702, div_rms=1.173e+00, vort_rms=1.906e+00, mass_err=-1.198e-10
step= 52000, t=9.080069, dt=1.711e-04, KE=1.208157e-01, Mt=0.5045, A_K=0.148, Cuv=-0.104, P_in=1.410e-03, P_tgt=1.406e-03, A_F=0.272, K_low=0.097, P_drag=-2.339e-03, P_cool=-5.351e-03, WENO=0.115, rho_mean=1.000000, p_mean=0.724987, div_rms=1.152e+00, vort_rms=1.889e+00, mass_err=-1.222e-10
step= 53000, t=9.249795, dt=1.693e-04, KE=1.200664e-01, Mt=0.5015, A_K=0.138, Cuv=-0.110, P_in=1.306e-03, P_tgt=1.331e-03, A_F=0.310, K_low=0.094, P_drag=-2.262e-03, P_cool=-5.288e-03, WENO=0.114, rho_mean=1.000000, p_mean=0.724861, div_rms=1.124e+00, vort_rms=1.874e+00, mass_err=-1.245e-10
step= 54000, t=9.419970, dt=1.714e-04, KE=1.203716e-01, Mt=0.5014, A_K=0.127, Cuv=-0.098, P_in=1.291e-03, P_tgt=1.299e-03, A_F=0.080, K_low=0.094, P_drag=-2.242e-03, P_cool=-5.020e-03, WENO=0.115, rho_mean=1.000000, p_mean=0.724325, div_rms=1.105e+00, vort_rms=1.865e+00, mass_err=-1.268e-10
step= 55000, t=9.594015, dt=1.767e-04, KE=1.204408e-01, Mt=0.5020, A_K=0.122, Cuv=-0.062, P_in=1.237e-03, P_tgt=1.254e-03, A_F=0.070, K_low=0.096, P_drag=-2.265e-03, P_cool=-4.802e-03, WENO=0.117, rho_mean=1.000000, p_mean=0.723890, div_rms=1.086e+00, vort_rms=1.856e+00, mass_err=-1.292e-10
step= 56000, t=9.771475, dt=1.772e-04, KE=1.202868e-01, Mt=0.5024, A_K=0.126, Cuv=-0.017, P_in=1.209e-03, P_tgt=1.199e-03, A_F=0.073, K_low=0.100, P_drag=-2.296e-03, P_cool=-4.630e-03, WENO=0.116, rho_mean=1.000000, p_mean=0.723545, div_rms=1.107e+00, vort_rms=1.843e+00, mass_err=-1.315e-10
step= 57000, t=9.949529, dt=1.790e-04, KE=1.197808e-01, Mt=0.5020, A_K=0.136, Cuv=0.017, P_in=1.163e-03, P_tgt=1.148e-03, A_F=0.065, K_low=0.103, P_drag=-2.312e-03, P_cool=-4.527e-03, WENO=0.117, rho_mean=1.000000, p_mean=0.723340, div_rms=1.113e+00, vort_rms=1.831e+00, mass_err=-1.339e-10
step= 58000, t=10.130447, dt=1.818e-04, KE=1.188467e-01, Mt=0.5010, A_K=0.144, Cuv=0.030, P_in=1.102e-03, P_tgt=1.114e-03, A_F=0.186, K_low=0.105, P_drag=-2.303e-03, P_cool=-4.507e-03, WENO=0.114, rho_mean=1.000000, p_mean=0.723299, div_rms=1.105e+00, vort_rms=1.818e+00, mass_err=-1.362e-10
step= 59000, t=10.312102, dt=1.816e-04, KE=1.175918e-01, Mt=0.4990, A_K=0.146, Cuv=0.028, P_in=1.106e-03, P_tgt=1.110e-03, A_F=0.188, K_low=0.103, P_drag=-2.252e-03, P_cool=-4.551e-03, WENO=0.112, rho_mean=1.000000, p_mean=0.723387, div_rms=1.130e+00, vort_rms=1.796e+00, mass_err=-1.386e-10
step= 60000, t=10.491700, dt=1.777e-04, KE=1.157144e-01, Mt=0.4947, A_K=0.135, Cuv=0.024, P_in=1.186e-03, P_tgt=1.179e-03, A_F=0.035, K_low=0.100, P_drag=-2.166e-03, P_cool=-4.722e-03, WENO=0.102, rho_mean=1.000000, p_mean=0.723729, div_rms=1.131e+00, vort_rms=1.769e+00, mass_err=-1.409e-10
saved snapshot: results/hit2d/solenoidal_Mt050_N512_CFL_0p05/hit2d_step0060000.npz
step= 61000, t=10.669701, dt=1.797e-04, KE=1.140886e-01, Mt=0.4903, A_K=0.112, Cuv=0.027, P_in=1.367e-03, P_tgt=1.376e-03, A_F=0.107, K_low=0.096, P_drag=-2.055e-03, P_cool=-4.847e-03, WENO=0.098, rho_mean=1.000000, p_mean=0.723979, div_rms=1.114e+00, vort_rms=1.748e+00, mass_err=-1.433e-10
step= 62000, t=10.850025, dt=1.799e-04, KE=1.134086e-01, Mt=0.4872, A_K=0.086, Cuv=0.036, P_in=1.747e-03, P_tgt=1.741e-03, A_F=0.104, K_low=0.090, P_drag=-1.934e-03, P_cool=-4.792e-03, WENO=0.091, rho_mean=1.000000, p_mean=0.723870, div_rms=1.098e+00, vort_rms=1.730e+00, mass_err=-1.456e-10
step= 63000, t=11.027313, dt=1.744e-04, KE=1.134427e-01, Mt=0.4850, A_K=0.060, Cuv=0.042, P_in=2.342e-03, P_tgt=2.331e-03, A_F=0.030, K_low=0.085, P_drag=-1.828e-03, P_cool=-4.623e-03, WENO=0.090, rho_mean=1.000000, p_mean=0.723531, div_rms=1.061e+00, vort_rms=1.714e+00, mass_err=-1.480e-10
step= 64000, t=11.201452, dt=1.742e-04, KE=1.138973e-01, Mt=0.4843, A_K=0.039, Cuv=0.042, P_in=3.213e-03, P_tgt=3.220e-03, A_F=0.059, K_low=0.081, P_drag=-1.757e-03, P_cool=-4.408e-03, WENO=0.089, rho_mean=1.000000, p_mean=0.723102, div_rms=1.061e+00, vort_rms=1.704e+00, mass_err=-1.504e-10
step= 65000, t=11.378420, dt=1.795e-04, KE=1.140439e-01, Mt=0.4838, A_K=0.031, Cuv=0.037, P_in=4.503e-03, P_tgt=4.502e-03, A_F=0.119, K_low=0.080, P_drag=-1.725e-03, P_cool=-4.299e-03, WENO=0.093, rho_mean=1.000000, p_mean=0.722883, div_rms=1.049e+00, vort_rms=1.698e+00, mass_err=-1.527e-10
step= 66000, t=11.556246, dt=1.760e-04, KE=1.139311e-01, Mt=0.4834, A_K=0.031, Cuv=0.041, P_in=6.422e-03, P_tgt=6.363e-03, A_F=0.072, K_low=0.080, P_drag=-1.729e-03, P_cool=-4.298e-03, WENO=0.094, rho_mean=1.000000, p_mean=0.722882, div_rms=9.919e-01, vort_rms=1.700e+00, mass_err=-1.551e-10
step= 67000, t=11.729676, dt=1.713e-04, KE=1.136435e-01, Mt=0.4830, A_K=0.039, Cuv=0.056, P_in=9.060e-03, P_tgt=9.068e-03, A_F=0.035, K_low=0.082, P_drag=-1.749e-03, P_cool=-4.409e-03, WENO=0.097, rho_mean=1.000000, p_mean=0.723105, div_rms=9.501e-01, vort_rms=1.706e+00, mass_err=-1.575e-10
step= 68000, t=11.900049, dt=1.679e-04, KE=1.139708e-01, Mt=0.4841, A_K=0.054, Cuv=0.081, P_in=1.287e-02, P_tgt=1.288e-02, A_F=0.164, K_low=0.082, P_drag=-1.772e-03, P_cool=-4.503e-03, WENO=0.110, rho_mean=1.000000, p_mean=0.723291, div_rms=9.226e-01, vort_rms=1.711e+00, mass_err=-1.598e-10
step= 69000, t=12.067855, dt=1.680e-04, KE=1.153201e-01, Mt=0.4883, A_K=0.067, Cuv=0.116, P_in=1.719e-02, P_tgt=1.728e-02, A_F=0.202, K_low=0.080, P_drag=-1.791e-03, P_cool=-4.528e-03, WENO=0.109, rho_mean=1.000000, p_mean=0.723342, div_rms=9.170e-01, vort_rms=1.727e+00, mass_err=-1.622e-10
step= 70000, t=12.239247, dt=1.757e-04, KE=1.172498e-01, Mt=0.4944, A_K=0.087, Cuv=0.155, P_in=2.070e-02, P_tgt=2.063e-02, A_F=0.265, K_low=0.077, P_drag=-1.800e-03, P_cool=-4.581e-03, WENO=0.108, rho_mean=1.000000, p_mean=0.723448, div_rms=9.606e-01, vort_rms=1.751e+00, mass_err=-1.645e-10
saved snapshot: results/hit2d/solenoidal_Mt050_N512_CFL_0p05/hit2d_step0070000.npz
step= 71000, t=12.415182, dt=1.755e-04, KE=1.192385e-01, Mt=0.5010, A_K=0.110, Cuv=0.193, P_in=2.169e-02, P_tgt=2.164e-02, A_F=0.219, K_low=0.074, P_drag=-1.800e-03, P_cool=-4.710e-03, WENO=0.096, rho_mean=1.000000, p_mean=0.723705, div_rms=1.024e+00, vort_rms=1.782e+00, mass_err=-1.669e-10
step= 72000, t=12.589007, dt=1.691e-04, KE=1.218037e-01, Mt=0.5075, A_K=0.131, Cuv=0.223, P_in=1.983e-02, P_tgt=1.986e-02, A_F=0.125, K_low=0.073, P_drag=-1.824e-03, P_cool=-4.700e-03, WENO=0.084, rho_mean=1.000000, p_mean=0.723685, div_rms=1.106e+00, vort_rms=1.810e+00, mass_err=-1.692e-10
step= 73000, t=12.754090, dt=1.628e-04, KE=1.238739e-01, Mt=0.5116, A_K=0.147, Cuv=0.246, P_in=1.638e-02, P_tgt=1.642e-02, A_F=0.001, K_low=0.075, P_drag=-1.875e-03, P_cool=-4.672e-03, WENO=0.081, rho_mean=1.000000, p_mean=0.723629, div_rms=1.169e+00, vort_rms=1.837e+00, mass_err=-1.716e-10
step= 74000, t=12.915865, dt=1.613e-04, KE=1.252211e-01, Mt=0.5133, A_K=0.152, Cuv=0.273, P_in=1.285e-02, P_tgt=1.288e-02, A_F=0.087, K_low=0.077, P_drag=-1.937e-03, P_cool=-4.662e-03, WENO=0.075, rho_mean=1.000000, p_mean=0.723610, div_rms=1.253e+00, vort_rms=1.859e+00, mass_err=-1.740e-10
step= 75000, t=13.078346, dt=1.643e-04, KE=1.256445e-01, Mt=0.5130, A_K=0.146, Cuv=0.304, P_in=9.936e-03, P_tgt=9.981e-03, A_F=0.182, K_low=0.080, P_drag=-1.990e-03, P_cool=-4.730e-03, WENO=0.074, rho_mean=1.000000, p_mean=0.723747, div_rms=1.225e+00, vort_rms=1.874e+00, mass_err=-1.763e-10
step= 76000, t=13.244759, dt=1.686e-04, KE=1.256687e-01, Mt=0.5120, A_K=0.121, Cuv=0.325, P_in=7.687e-03, P_tgt=7.847e-03, A_F=0.192, K_low=0.082, P_drag=-2.026e-03, P_cool=-4.795e-03, WENO=0.082, rho_mean=1.000000, p_mean=0.723875, div_rms=1.159e+00, vort_rms=1.880e+00, mass_err=-1.786e-10
step= 77000, t=13.415302, dt=1.725e-04, KE=1.258801e-01, Mt=0.5114, A_K=0.087, Cuv=0.326, P_in=6.249e-03, P_tgt=6.270e-03, A_F=0.079, K_low=0.082, P_drag=-2.055e-03, P_cool=-4.759e-03, WENO=0.086, rho_mean=1.000000, p_mean=0.723803, div_rms=1.089e+00, vort_rms=1.874e+00, mass_err=-1.810e-10
step= 78000, t=13.588159, dt=1.734e-04, KE=1.259072e-01, Mt=0.5114, A_K=0.081, Cuv=0.312, P_in=4.900e-03, P_tgt=5.035e-03, A_F=0.059, K_low=0.083, P_drag=-2.095e-03, P_cool=-4.715e-03, WENO=0.094, rho_mean=1.000000, p_mean=0.723715, div_rms=1.035e+00, vort_rms=1.860e+00, mass_err=-1.834e-10
step= 79000, t=13.762858, dt=1.766e-04, KE=1.254992e-01, Mt=0.5114, A_K=0.097, Cuv=0.305, P_in=4.035e-03, P_tgt=4.037e-03, A_F=0.105, K_low=0.087, P_drag=-2.155e-03, P_cool=-4.718e-03, WENO=0.095, rho_mean=1.000000, p_mean=0.723723, div_rms=9.964e-01, vort_rms=1.849e+00, mass_err=-1.857e-10
step= 80000, t=13.940837, dt=1.787e-04, KE=1.247431e-01, Mt=0.5106, A_K=0.117, Cuv=0.290, P_in=3.285e-03, P_tgt=3.249e-03, A_F=0.099, K_low=0.092, P_drag=-2.245e-03, P_cool=-4.755e-03, WENO=0.093, rho_mean=1.000000, p_mean=0.723795, div_rms=9.975e-01, vort_rms=1.838e+00, mass_err=-1.881e-10
saved snapshot: results/hit2d/solenoidal_Mt050_N512_CFL_0p05/hit2d_step0080000.npz
step= 81000, t=14.118215, dt=1.762e-04, KE=1.234500e-01, Mt=0.5092, A_K=0.145, Cuv=0.273, P_in=2.680e-03, P_tgt=2.681e-03, A_F=0.078, K_low=0.098, P_drag=-2.351e-03, P_cool=-4.868e-03, WENO=0.098, rho_mean=1.000000, p_mean=0.724022, div_rms=1.004e+00, vort_rms=1.840e+00, mass_err=-1.904e-10
step= 82000, t=14.295009, dt=1.778e-04, KE=1.224368e-01, Mt=0.5076, A_K=0.160, Cuv=0.248, P_in=2.257e-03, P_tgt=2.277e-03, A_F=0.027, K_low=0.104, P_drag=-2.483e-03, P_cool=-4.901e-03, WENO=0.099, rho_mean=1.000000, p_mean=0.724088, div_rms=1.013e+00, vort_rms=1.843e+00, mass_err=-1.928e-10
step= 83000, t=14.474364, dt=1.797e-04, KE=1.219526e-01, Mt=0.5058, A_K=0.167, Cuv=0.223, P_in=2.034e-03, P_tgt=1.996e-03, A_F=0.014, K_low=0.112, P_drag=-2.659e-03, P_cool=-4.807e-03, WENO=0.098, rho_mean=1.000000, p_mean=0.723900, div_rms=1.022e+00, vort_rms=1.843e+00, mass_err=-1.951e-10
step= 84000, t=14.653773, dt=1.792e-04, KE=1.217686e-01, Mt=0.5037, A_K=0.171, Cuv=0.206, P_in=1.812e-03, P_tgt=1.816e-03, A_F=0.128, K_low=0.122, P_drag=-2.879e-03, P_cool=-4.642e-03, WENO=0.098, rho_mean=1.000000, p_mean=0.723570, div_rms=1.022e+00, vort_rms=1.839e+00, mass_err=-1.975e-10
step= 85000, t=14.834618, dt=1.808e-04, KE=1.214062e-01, Mt=0.5017, A_K=0.180, Cuv=0.198, P_in=1.757e-03, P_tgt=1.723e-03, A_F=0.052, K_low=0.135, P_drag=-3.142e-03, P_cool=-4.505e-03, WENO=0.103, rho_mean=1.000000, p_mean=0.723296, div_rms=1.002e+00, vort_rms=1.826e+00, mass_err=-1.998e-10
step= 86000, t=15.012604, dt=1.763e-04, KE=1.209357e-01, Mt=0.5007, A_K=0.182, Cuv=0.194, P_in=1.687e-03, P_tgt=1.681e-03, A_F=0.240, K_low=0.149, P_drag=-3.433e-03, P_cool=-4.384e-03, WENO=0.098, rho_mean=1.000000, p_mean=0.723053, div_rms=1.011e+00, vort_rms=1.814e+00, mass_err=-2.022e-10
step= 87000, t=15.188948, dt=1.759e-04, KE=1.203119e-01, Mt=0.4999, A_K=0.179, Cuv=0.195, P_in=1.672e-03, P_tgt=1.672e-03, A_F=0.158, K_low=0.163, P_drag=-3.746e-03, P_cool=-4.287e-03, WENO=0.097, rho_mean=1.000000, p_mean=0.722860, div_rms=1.006e+00, vort_rms=1.804e+00, mass_err=-2.045e-10
step= 88000, t=15.365135, dt=1.777e-04, KE=1.195562e-01, Mt=0.4992, A_K=0.179, Cuv=0.191, P_in=1.680e-03, P_tgt=1.685e-03, A_F=0.142, K_low=0.178, P_drag=-4.057e-03, P_cool=-4.210e-03, WENO=0.102, rho_mean=1.000000, p_mean=0.722706, div_rms=1.008e+00, vort_rms=1.793e+00, mass_err=-2.069e-10
step= 89000, t=15.544671, dt=1.825e-04, KE=1.181299e-01, Mt=0.4972, A_K=0.177, Cuv=0.179, P_in=1.741e-03, P_tgt=1.742e-03, A_F=0.062, K_low=0.195, P_drag=-4.361e-03, P_cool=-4.255e-03, WENO=0.101, rho_mean=1.000000, p_mean=0.722795, div_rms=9.826e-01, vort_rms=1.782e+00, mass_err=-2.093e-10
step= 90000, t=15.727503, dt=1.823e-04, KE=1.163591e-01, Mt=0.4932, A_K=0.165, Cuv=0.153, P_in=1.904e-03, P_tgt=1.912e-03, A_F=0.093, K_low=0.211, P_drag=-4.643e-03, P_cool=-4.355e-03, WENO=0.104, rho_mean=1.000000, p_mean=0.722995, div_rms=9.367e-01, vort_rms=1.763e+00, mass_err=-2.116e-10
saved snapshot: results/hit2d/solenoidal_Mt050_N512_CFL_0p05/hit2d_step0090000.npz
step= 91000, t=15.906848, dt=1.761e-04, KE=1.143177e-01, Mt=0.4883, A_K=0.148, Cuv=0.126, P_in=2.314e-03, P_tgt=2.313e-03, A_F=0.083, K_low=0.224, P_drag=-4.882e-03, P_cool=-4.511e-03, WENO=0.104, rho_mean=1.000000, p_mean=0.723308, div_rms=8.914e-01, vort_rms=1.745e+00, mass_err=-2.140e-10
step= 92000, t=16.080299, dt=1.709e-04, KE=1.124439e-01, Mt=0.4841, A_K=0.132, Cuv=0.095, P_in=3.023e-03, P_tgt=3.091e-03, A_F=0.232, K_low=0.237, P_drag=-5.099e-03, P_cool=-4.650e-03, WENO=0.108, rho_mean=1.000000, p_mean=0.723586, div_rms=8.663e-01, vort_rms=1.729e+00, mass_err=-2.164e-10
step= 93000, t=16.251109, dt=1.712e-04, KE=1.108921e-01, Mt=0.4814, A_K=0.122, Cuv=0.063, P_in=4.457e-03, P_tgt=4.465e-03, A_F=0.083, K_low=0.250, P_drag=-5.310e-03, P_cool=-4.752e-03, WENO=0.110, rho_mean=1.000000, p_mean=0.723789, div_rms=8.496e-01, vort_rms=1.719e+00, mass_err=-2.187e-10
step= 94000, t=16.422804, dt=1.717e-04, KE=1.099735e-01, Mt=0.4811, A_K=0.112, Cuv=0.037, P_in=6.621e-03, P_tgt=6.664e-03, A_F=0.104, K_low=0.262, P_drag=-5.516e-03, P_cool=-4.773e-03, WENO=0.112, rho_mean=1.000000, p_mean=0.723831, div_rms=8.545e-01, vort_rms=1.717e+00, mass_err=-2.211e-10
step= 95000, t=16.593606, dt=1.702e-04, KE=1.099894e-01, Mt=0.4821, A_K=0.109, Cuv=0.014, P_in=9.832e-03, P_tgt=9.849e-03, A_F=0.005, K_low=0.272, P_drag=-5.710e-03, P_cool=-4.690e-03, WENO=0.108, rho_mean=1.000000, p_mean=0.723666, div_rms=8.785e-01, vort_rms=1.715e+00, mass_err=-2.234e-10
step= 96000, t=16.763544, dt=1.702e-04, KE=1.108053e-01, Mt=0.4845, A_K=0.106, Cuv=-0.005, P_in=1.407e-02, P_tgt=1.403e-02, A_F=0.211, K_low=0.280, P_drag=-5.898e-03, P_cool=-4.570e-03, WENO=0.098, rho_mean=1.000000, p_mean=0.723425, div_rms=9.212e-01, vort_rms=1.721e+00, mass_err=-2.258e-10
step= 97000, t=16.934748, dt=1.713e-04, KE=1.123778e-01, Mt=0.4885, A_K=0.096, Cuv=-0.026, P_in=1.873e-02, P_tgt=1.867e-02, A_F=0.055, K_low=0.287, P_drag=-6.108e-03, P_cool=-4.453e-03, WENO=0.092, rho_mean=1.000000, p_mean=0.723192, div_rms=9.373e-01, vort_rms=1.740e+00, mass_err=-2.281e-10
step= 98000, t=17.104730, dt=1.680e-04, KE=1.142628e-01, Mt=0.4938, A_K=0.086, Cuv=-0.050, P_in=2.235e-02, P_tgt=2.240e-02, A_F=0.097, K_low=0.293, P_drag=-6.312e-03, P_cool=-4.417e-03, WENO=0.087, rho_mean=1.000000, p_mean=0.723120, div_rms=9.519e-01, vort_rms=1.765e+00, mass_err=-2.304e-10
step= 99000, t=17.271609, dt=1.654e-04, KE=1.165734e-01, Mt=0.4997, A_K=0.079, Cuv=-0.080, P_in=2.396e-02, P_tgt=2.394e-02, A_F=0.018, K_low=0.295, P_drag=-6.464e-03, P_cool=-4.376e-03, WENO=0.078, rho_mean=1.000000, p_mean=0.723037, div_rms=9.960e-01, vort_rms=1.800e+00, mass_err=-2.328e-10
step=100000, t=17.433522, dt=1.597e-04, KE=1.190183e-01, Mt=0.5048, A_K=0.069, Cuv=-0.112, P_in=2.275e-02, P_tgt=2.277e-02, A_F=0.071, K_low=0.292, P_drag=-6.541e-03, P_cool=-4.298e-03, WENO=0.073, rho_mean=1.000000, p_mean=0.722882, div_rms=1.019e+00, vort_rms=1.838e+00, mass_err=-2.351e-10
saved snapshot: results/hit2d/solenoidal_Mt050_N512_CFL_0p05/hit2d_step0100000.npz
step=101000, t=17.592818, dt=1.588e-04, KE=1.209748e-01, Mt=0.5070, A_K=0.055, Cuv=-0.145, P_in=2.028e-02, P_tgt=2.021e-02, A_F=0.079, K_low=0.286, P_drag=-6.562e-03, P_cool=-4.248e-03, WENO=0.078, rho_mean=1.000000, p_mean=0.722782, div_rms=9.878e-01, vort_rms=1.866e+00, mass_err=-2.375e-10
step=102000, t=17.751800, dt=1.580e-04, KE=1.222804e-01, Mt=0.5080, A_K=0.047, Cuv=-0.154, P_in=1.741e-02, P_tgt=1.743e-02, A_F=0.194, K_low=0.279, P_drag=-6.550e-03, P_cool=-4.242e-03, WENO=0.082, rho_mean=1.000000, p_mean=0.722770, div_rms=9.384e-01, vort_rms=1.880e+00, mass_err=-2.399e-10
step=103000, t=17.908342, dt=1.579e-04, KE=1.231596e-01, Mt=0.5089, A_K=0.047, Cuv=-0.159, P_in=1.480e-02, P_tgt=1.479e-02, A_F=0.055, K_low=0.273, P_drag=-6.509e-03, P_cool=-4.233e-03, WENO=0.093, rho_mean=1.000000, p_mean=0.722752, div_rms=9.232e-01, vort_rms=1.890e+00, mass_err=-2.422e-10
step=104000, t=18.069865, dt=1.650e-04, KE=1.238682e-01, Mt=0.5103, A_K=0.053, Cuv=-0.159, P_in=1.228e-02, P_tgt=1.228e-02, A_F=0.155, K_low=0.270, P_drag=-6.467e-03, P_cool=-4.182e-03, WENO=0.096, rho_mean=1.000000, p_mean=0.722649, div_rms=9.314e-01, vort_rms=1.898e+00, mass_err=-2.446e-10
step=105000, t=18.237503, dt=1.698e-04, KE=1.244128e-01, Mt=0.5116, A_K=0.064, Cuv=-0.156, P_in=9.917e-03, P_tgt=9.931e-03, A_F=0.171, K_low=0.268, P_drag=-6.438e-03, P_cool=-4.088e-03, WENO=0.092, rho_mean=1.000000, p_mean=0.722463, div_rms=9.658e-01, vort_rms=1.903e+00, mass_err=-2.469e-10
step=106000, t=18.407755, dt=1.716e-04, KE=1.243140e-01, Mt=0.5114, A_K=0.072, Cuv=-0.141, P_in=7.921e-03, P_tgt=7.918e-03, A_F=0.070, K_low=0.268, P_drag=-6.429e-03, P_cool=-4.054e-03, WENO=0.090, rho_mean=1.000000, p_mean=0.722393, div_rms=9.908e-01, vort_rms=1.900e+00, mass_err=-2.493e-10
step=107000, t=18.578532, dt=1.696e-04, KE=1.236734e-01, Mt=0.5102, A_K=0.077, Cuv=-0.122, P_in=6.403e-03, P_tgt=6.418e-03, A_F=0.030, K_low=0.270, P_drag=-6.437e-03, P_cool=-4.067e-03, WENO=0.094, rho_mean=1.000000, p_mean=0.722420, div_rms=9.794e-01, vort_rms=1.895e+00, mass_err=-2.516e-10
step=108000, t=18.747523, dt=1.687e-04, KE=1.227698e-01, Mt=0.5089, A_K=0.078, Cuv=-0.111, P_in=5.324e-03, P_tgt=5.328e-03, A_F=0.174, K_low=0.273, P_drag=-6.455e-03, P_cool=-4.089e-03, WENO=0.104, rho_mean=1.000000, p_mean=0.722464, div_rms=9.435e-01, vort_rms=1.886e+00, mass_err=-2.540e-10
step=109000, t=18.915511, dt=1.677e-04, KE=1.217992e-01, Mt=0.5070, A_K=0.069, Cuv=-0.108, P_in=4.532e-03, P_tgt=4.552e-03, A_F=0.226, K_low=0.275, P_drag=-6.472e-03, P_cool=-4.093e-03, WENO=0.113, rho_mean=1.000000, p_mean=0.722473, div_rms=9.238e-01, vort_rms=1.872e+00, mass_err=-2.564e-10
step=110000, t=19.083700, dt=1.688e-04, KE=1.206964e-01, Mt=0.5043, A_K=0.051, Cuv=-0.104, P_in=4.063e-03, P_tgt=4.070e-03, A_F=0.239, K_low=0.277, P_drag=-6.483e-03, P_cool=-4.102e-03, WENO=0.112, rho_mean=1.000000, p_mean=0.722490, div_rms=9.276e-01, vort_rms=1.860e+00, mass_err=-2.587e-10
saved snapshot: results/hit2d/solenoidal_Mt050_N512_CFL_0p05/hit2d_step0110000.npz
step=111000, t=19.253264, dt=1.704e-04, KE=1.196193e-01, Mt=0.5015, A_K=0.035, Cuv=-0.097, P_in=3.813e-03, P_tgt=3.843e-03, A_F=0.128, K_low=0.280, P_drag=-6.497e-03, P_cool=-4.092e-03, WENO=0.112, rho_mean=1.000000, p_mean=0.722470, div_rms=9.353e-01, vort_rms=1.854e+00, mass_err=-2.611e-10
step=112000, t=19.425076, dt=1.734e-04, KE=1.184938e-01, Mt=0.4987, A_K=0.028, Cuv=-0.094, P_in=3.839e-03, P_tgt=3.836e-03, A_F=0.041, K_low=0.283, P_drag=-6.488e-03, P_cool=-4.085e-03, WENO=0.107, rho_mean=1.000000, p_mean=0.722456, div_rms=9.347e-01, vort_rms=1.850e+00, mass_err=-2.635e-10
step=113000, t=19.600205, dt=1.770e-04, KE=1.174611e-01, Mt=0.4951, A_K=0.027, Cuv=-0.082, P_in=4.073e-03, P_tgt=4.082e-03, A_F=0.321, K_low=0.283, P_drag=-6.451e-03, P_cool=-4.061e-03, WENO=0.108, rho_mean=1.000000, p_mean=0.722407, div_rms=9.102e-01, vort_rms=1.837e+00, mass_err=-2.658e-10
step=114000, t=19.774559, dt=1.716e-04, KE=1.165324e-01, Mt=0.4914, A_K=0.030, Cuv=-0.070, P_in=4.693e-03, P_tgt=4.690e-03, A_F=0.059, K_low=0.281, P_drag=-6.412e-03, P_cool=-4.033e-03, WENO=0.105, rho_mean=1.000000, p_mean=0.722351, div_rms=8.801e-01, vort_rms=1.823e+00, mass_err=-2.682e-10
step=115000, t=19.943890, dt=1.673e-04, KE=1.161208e-01, Mt=0.4893, A_K=0.041, Cuv=-0.059, P_in=5.732e-03, P_tgt=5.749e-03, A_F=0.086, K_low=0.280, P_drag=-6.396e-03, P_cool=-3.938e-03, WENO=0.104, rho_mean=1.000000, p_mean=0.722162, div_rms=8.603e-01, vort_rms=1.811e+00, mass_err=-2.706e-10
step=116000, t=20.112356, dt=1.709e-04, KE=1.159885e-01, Mt=0.4897, A_K=0.054, Cuv=-0.054, P_in=7.130e-03, P_tgt=7.173e-03, A_F=0.140, K_low=0.281, P_drag=-6.415e-03, P_cool=-3.835e-03, WENO=0.104, rho_mean=1.000000, p_mean=0.721956, div_rms=8.578e-01, vort_rms=1.802e+00, mass_err=-2.730e-10
step=117000, t=20.284630, dt=1.722e-04, KE=1.155172e-01, Mt=0.4906, A_K=0.067, Cuv=-0.060, P_in=8.774e-03, P_tgt=8.774e-03, A_F=0.096, K_low=0.284, P_drag=-6.457e-03, P_cool=-3.850e-03, WENO=0.104, rho_mean=1.000000, p_mean=0.721986, div_rms=8.642e-01, vort_rms=1.793e+00, mass_err=-2.753e-10
step=118000, t=20.455944, dt=1.702e-04, KE=1.150544e-01, Mt=0.4911, A_K=0.076, Cuv=-0.073, P_in=1.058e-02, P_tgt=1.059e-02, A_F=0.154, K_low=0.287, P_drag=-6.485e-03, P_cool=-3.919e-03, WENO=0.091, rho_mean=1.000000, p_mean=0.722124, div_rms=8.851e-01, vort_rms=1.786e+00, mass_err=-2.777e-10
step=119000, t=20.625400, dt=1.685e-04, KE=1.152460e-01, Mt=0.4917, A_K=0.073, Cuv=-0.078, P_in=1.263e-02, P_tgt=1.264e-02, A_F=0.024, K_low=0.286, P_drag=-6.470e-03, P_cool=-3.923e-03, WENO=0.087, rho_mean=1.000000, p_mean=0.722131, div_rms=9.010e-01, vort_rms=1.777e+00, mass_err=-2.801e-10
step=120000, t=20.795837, dt=1.701e-04, KE=1.157504e-01, Mt=0.4926, A_K=0.051, Cuv=-0.085, P_in=1.489e-02, P_tgt=1.488e-02, A_F=0.043, K_low=0.282, P_drag=-6.419e-03, P_cool=-3.940e-03, WENO=0.085, rho_mean=1.000000, p_mean=0.722165, div_rms=9.196e-01, vort_rms=1.777e+00, mass_err=-2.824e-10
saved snapshot: results/hit2d/solenoidal_Mt050_N512_CFL_0p05/hit2d_step0120000.npz
step=121000, t=20.965737, dt=1.697e-04, KE=1.161959e-01, Mt=0.4941, A_K=0.041, Cuv=-0.099, P_in=1.706e-02, P_tgt=1.704e-02, A_F=0.032, K_low=0.278, P_drag=-6.346e-03, P_cool=-4.043e-03, WENO=0.094, rho_mean=1.000000, p_mean=0.722372, div_rms=8.898e-01, vort_rms=1.787e+00, mass_err=-2.848e-10
step=122000, t=21.133392, dt=1.657e-04, KE=1.166404e-01, Mt=0.4950, A_K=0.037, Cuv=-0.119, P_in=1.912e-02, P_tgt=1.907e-02, A_F=0.034, K_low=0.273, P_drag=-6.260e-03, P_cool=-4.210e-03, WENO=0.103, rho_mean=1.000000, p_mean=0.722705, div_rms=8.598e-01, vort_rms=1.805e+00, mass_err=-2.872e-10
step=123000, t=21.296860, dt=1.617e-04, KE=1.179563e-01, Mt=0.4974, A_K=0.044, Cuv=-0.142, P_in=2.065e-02, P_tgt=2.064e-02, A_F=0.019, K_low=0.265, P_drag=-6.159e-03, P_cool=-4.256e-03, WENO=0.101, rho_mean=1.000000, p_mean=0.722798, div_rms=8.719e-01, vort_rms=1.832e+00, mass_err=-2.895e-10
step=124000, t=21.458146, dt=1.614e-04, KE=1.200867e-01, Mt=0.5015, A_K=0.052, Cuv=-0.143, P_in=2.093e-02, P_tgt=2.093e-02, A_F=0.093, K_low=0.256, P_drag=-6.067e-03, P_cool=-4.171e-03, WENO=0.102, rho_mean=1.000000, p_mean=0.722628, div_rms=8.952e-01, vort_rms=1.854e+00, mass_err=-2.919e-10
step=125000, t=21.619779, dt=1.617e-04, KE=1.220121e-01, Mt=0.5057, A_K=0.059, Cuv=-0.133, P_in=1.954e-02, P_tgt=1.948e-02, A_F=0.073, K_low=0.249, P_drag=-6.003e-03, P_cool=-4.113e-03, WENO=0.101, rho_mean=1.000000, p_mean=0.722511, div_rms=9.071e-01, vort_rms=1.871e+00, mass_err=-2.942e-10
step=126000, t=21.781291, dt=1.612e-04, KE=1.233444e-01, Mt=0.5091, A_K=0.058, Cuv=-0.117, P_in=1.678e-02, P_tgt=1.681e-02, A_F=0.118, K_low=0.244, P_drag=-5.946e-03, P_cool=-4.106e-03, WENO=0.095, rho_mean=1.000000, p_mean=0.722499, div_rms=9.257e-01, vort_rms=1.886e+00, mass_err=-2.966e-10
step=127000, t=21.943221, dt=1.637e-04, KE=1.238629e-01, Mt=0.5105, A_K=0.048, Cuv=-0.090, P_in=1.386e-02, P_tgt=1.385e-02, A_F=0.175, K_low=0.240, P_drag=-5.862e-03, P_cool=-4.172e-03, WENO=0.092, rho_mean=1.000000, p_mean=0.722630, div_rms=9.552e-01, vort_rms=1.891e+00, mass_err=-2.990e-10
step=128000, t=22.110395, dt=1.704e-04, KE=1.237768e-01, Mt=0.5099, A_K=0.025, Cuv=-0.071, P_in=1.126e-02, P_tgt=1.134e-02, A_F=0.025, K_low=0.234, P_drag=-5.718e-03, P_cool=-4.273e-03, WENO=0.092, rho_mean=1.000000, p_mean=0.722832, div_rms=9.570e-01, vort_rms=1.893e+00, mass_err=-3.013e-10
step=129000, t=22.279239, dt=1.681e-04, KE=1.233508e-01, Mt=0.5083, A_K=0.009, Cuv=-0.059, P_in=9.998e-03, P_tgt=9.478e-03, A_F=0.111, K_low=0.226, P_drag=-5.543e-03, P_cool=-4.373e-03, WENO=0.096, rho_mean=1.000000, p_mean=0.723031, div_rms=9.463e-01, vort_rms=1.900e+00, mass_err=-3.037e-10
step=130000, t=22.446264, dt=1.667e-04, KE=1.223617e-01, Mt=0.5069, A_K=0.023, Cuv=-0.042, P_in=8.238e-03, P_tgt=8.184e-03, A_F=0.106, K_low=0.220, P_drag=-5.334e-03, P_cool=-4.534e-03, WENO=0.102, rho_mean=1.000000, p_mean=0.723354, div_rms=9.250e-01, vort_rms=1.901e+00, mass_err=-3.060e-10
saved snapshot: results/hit2d/solenoidal_Mt050_N512_CFL_0p05/hit2d_step0130000.npz
step=131000, t=22.612930, dt=1.667e-04, KE=1.211392e-01, Mt=0.5060, A_K=0.041, Cuv=-0.029, P_in=7.214e-03, P_tgt=7.215e-03, A_F=0.152, K_low=0.215, P_drag=-5.135e-03, P_cool=-4.708e-03, WENO=0.108, rho_mean=1.000000, p_mean=0.723701, div_rms=9.224e-01, vort_rms=1.897e+00, mass_err=-3.083e-10
step=132000, t=22.780028, dt=1.677e-04, KE=1.199205e-01, Mt=0.5049, A_K=0.054, Cuv=-0.027, P_in=6.485e-03, P_tgt=6.483e-03, A_F=0.256, K_low=0.213, P_drag=-4.960e-03, P_cool=-4.853e-03, WENO=0.111, rho_mean=1.000000, p_mean=0.723992, div_rms=9.252e-01, vort_rms=1.894e+00, mass_err=-3.107e-10
