Using array backend: cupy
step=     0, t=0.000000, dt=0.000e+00, KE=3.125000e-02, Mt=0.2500, A_K=0.000, Cuv=0.000, P_in=0.000e+00, P_tgt=0.000e+00, A_F=0.000, K_low=0.000, P_drag=0.000e+00, P_cool=0.000e+00, WENO=0.035, rho_mean=1.000000, p_mean=0.714286, div_rms=2.307e-15, vort_rms=9.749e-01, mass_err=0.000e+00
warning: cumulative forcing anisotropy is high (A_F=0.218)
step=  1000, t=2.696990, dt=2.661e-03, KE=3.087010e-02, Mt=0.2498, A_K=0.058, Cuv=-0.066, P_in=1.194e-03, P_tgt=1.058e-03, A_F=0.218, K_low=0.011, P_drag=-7.004e-05, P_cool=-4.280e-04, WENO=0.123, rho_mean=1.000000, p_mean=0.715142, div_rms=1.262e-01, vort_rms=9.836e-01, mass_err=-2.423e-12
step=  2000, t=5.385335, dt=2.669e-03, KE=3.144151e-02, Mt=0.2520, A_K=0.114, Cuv=-0.051, P_in=1.026e-03, P_tgt=1.023e-03, A_F=0.191, K_low=0.032, P_drag=-2.017e-04, P_cool=-5.336e-04, WENO=0.087, rho_mean=1.000000, p_mean=0.715353, div_rms=1.230e-01, vort_rms=9.732e-01, mass_err=-4.839e-12
step=  3000, t=8.028643, dt=2.661e-03, KE=3.129618e-02, Mt=0.2519, A_K=0.030, Cuv=-0.006, P_in=9.654e-04, P_tgt=9.340e-04, A_F=0.071, K_low=0.051, P_drag=-3.227e-04, P_cool=-6.531e-04, WENO=0.116, rho_mean=1.000000, p_mean=0.715592, div_rms=1.263e-01, vort_rms=9.515e-01, mass_err=-7.255e-12
step=  4000, t=10.687075, dt=2.726e-03, KE=3.125069e-02, Mt=0.2509, A_K=0.065, Cuv=0.021, P_in=9.210e-04, P_tgt=8.889e-04, A_F=0.018, K_low=0.069, P_drag=-4.259e-04, P_cool=-6.382e-04, WENO=0.124, rho_mean=1.000000, p_mean=0.715562, div_rms=1.281e-01, vort_rms=9.439e-01, mass_err=-9.670e-12
step=  5000, t=13.414126, dt=2.766e-03, KE=3.054985e-02, Mt=0.2485, A_K=0.168, Cuv=0.065, P_in=9.080e-04, P_tgt=9.032e-04, A_F=0.027, K_low=0.078, P_drag=-4.715e-04, P_cool=-6.637e-04, WENO=0.111, rho_mean=1.000000, p_mean=0.715613, div_rms=1.273e-01, vort_rms=9.051e-01, mass_err=-1.209e-11
saved snapshot: results/hit2d/CFL_study_0p15_Mt025_N128/hit2d_step0005000.npz
step=  6000, t=16.126052, dt=2.669e-03, KE=3.031098e-02, Mt=0.2478, A_K=0.158, Cuv=0.037, P_in=1.001e-03, P_tgt=9.885e-04, A_F=0.136, K_low=0.060, P_drag=-3.613e-04, P_cool=-6.553e-04, WENO=0.122, rho_mean=1.000000, p_mean=0.715596, div_rms=1.246e-01, vort_rms=8.731e-01, mass_err=-1.451e-11
step=  7000, t=18.854167, dt=2.693e-03, KE=3.074007e-02, Mt=0.2498, A_K=0.212, Cuv=0.079, P_in=1.056e-03, P_tgt=1.055e-03, A_F=0.034, K_low=0.049, P_drag=-2.940e-04, P_cool=-6.242e-04, WENO=0.105, rho_mean=1.000000, p_mean=0.715534, div_rms=1.219e-01, vort_rms=8.701e-01, mass_err=-1.693e-11
step=  8000, t=21.484694, dt=2.573e-03, KE=3.076915e-02, Mt=0.2506, A_K=0.166, Cuv=0.158, P_in=1.043e-03, P_tgt=1.051e-03, A_F=0.108, K_low=0.062, P_drag=-3.808e-04, P_cool=-6.633e-04, WENO=0.134, rho_mean=1.000000, p_mean=0.715612, div_rms=1.280e-01, vort_rms=8.728e-01, mass_err=-1.936e-11
step=  9000, t=24.025128, dt=2.538e-03, KE=3.113808e-02, Mt=0.2505, A_K=0.080, Cuv=0.248, P_in=1.010e-03, P_tgt=1.017e-03, A_F=0.068, K_low=0.070, P_drag=-4.316e-04, P_cool=-5.934e-04, WENO=0.104, rho_mean=1.000000, p_mean=0.715472, div_rms=1.214e-01, vort_rms=8.752e-01, mass_err=-2.178e-11
step= 10000, t=26.559459, dt=2.512e-03, KE=3.090400e-02, Mt=0.2507, A_K=0.161, Cuv=0.200, P_in=9.829e-04, P_tgt=9.907e-04, A_F=0.102, K_low=0.094, P_drag=-5.640e-04, P_cool=-6.018e-04, WENO=0.127, rho_mean=1.000000, p_mean=0.715489, div_rms=1.279e-01, vort_rms=8.462e-01, mass_err=-2.420e-11
saved snapshot: results/hit2d/CFL_study_0p15_Mt025_N128/hit2d_step0010000.npz
step= 11000, t=29.103698, dt=2.597e-03, KE=3.034071e-02, Mt=0.2478, A_K=0.075, Cuv=0.028, P_in=1.068e-03, P_tgt=1.030e-03, A_F=0.013, K_low=0.123, P_drag=-7.393e-04, P_cool=-5.941e-04, WENO=0.176, rho_mean=1.000000, p_mean=0.715474, div_rms=1.291e-01, vort_rms=8.209e-01, mass_err=-2.662e-11
step= 12000, t=31.731029, dt=2.568e-03, KE=2.984604e-02, Mt=0.2458, A_K=0.057, Cuv=-0.162, P_in=1.203e-03, P_tgt=1.181e-03, A_F=0.092, K_low=0.142, P_drag=-8.397e-04, P_cool=-5.399e-04, WENO=0.132, rho_mean=1.000000, p_mean=0.715366, div_rms=1.294e-01, vort_rms=8.071e-01, mass_err=-2.903e-11
step= 13000, t=34.341664, dt=2.593e-03, KE=2.971940e-02, Mt=0.2451, A_K=0.089, Cuv=-0.239, P_in=1.457e-03, P_tgt=1.472e-03, A_F=0.027, K_low=0.139, P_drag=-8.196e-04, P_cool=-5.387e-04, WENO=0.114, rho_mean=1.000000, p_mean=0.715363, div_rms=1.319e-01, vort_rms=8.234e-01, mass_err=-3.144e-11
step= 14000, t=36.992402, dt=2.671e-03, KE=3.074851e-02, Mt=0.2491, A_K=0.039, Cuv=-0.059, P_in=1.674e-03, P_tgt=1.697e-03, A_F=0.017, K_low=0.086, P_drag=-5.350e-04, P_cool=-5.465e-04, WENO=0.123, rho_mean=1.000000, p_mean=0.715379, div_rms=1.315e-01, vort_rms=8.689e-01, mass_err=-3.387e-11
step= 15000, t=39.628876, dt=2.722e-03, KE=3.240145e-02, Mt=0.2557, A_K=0.039, Cuv=0.025, P_in=1.538e-03, P_tgt=1.543e-03, A_F=0.051, K_low=0.089, P_drag=-5.656e-04, P_cool=-5.625e-04, WENO=0.119, rho_mean=1.000000, p_mean=0.715411, div_rms=1.349e-01, vort_rms=8.981e-01, mass_err=-3.629e-11
saved snapshot: results/hit2d/CFL_study_0p15_Mt025_N128/hit2d_step0015000.npz
step= 16000, t=42.286163, dt=2.651e-03, KE=3.249702e-02, Mt=0.2567, A_K=0.047, Cuv=0.226, P_in=1.203e-03, P_tgt=1.200e-03, A_F=0.058, K_low=0.113, P_drag=-7.279e-04, P_cool=-6.046e-04, WENO=0.128, rho_mean=1.000000, p_mean=0.715495, div_rms=1.274e-01, vort_rms=9.001e-01, mass_err=-3.870e-11
step= 17000, t=44.953797, dt=2.702e-03, KE=3.153885e-02, Mt=0.2521, A_K=0.052, Cuv=0.181, P_in=9.875e-04, P_tgt=9.923e-04, A_F=0.225, K_low=0.147, P_drag=-9.181e-04, P_cool=-6.109e-04, WENO=0.136, rho_mean=1.000000, p_mean=0.715507, div_rms=1.252e-01, vort_rms=8.806e-01, mass_err=-4.113e-11
step= 18000, t=47.580160, dt=2.666e-03, KE=3.125654e-02, Mt=0.2511, A_K=0.166, Cuv=0.009, P_in=8.913e-04, P_tgt=9.015e-04, A_F=0.054, K_low=0.141, P_drag=-8.697e-04, P_cool=-6.408e-04, WENO=0.134, rho_mean=1.000000, p_mean=0.715567, div_rms=1.502e-01, vort_rms=8.965e-01, mass_err=-4.353e-11
step= 19000, t=50.167598, dt=2.629e-03, KE=3.013263e-02, Mt=0.2465, A_K=0.143, Cuv=-0.123, P_in=9.201e-04, P_tgt=9.624e-04, A_F=0.160, K_low=0.137, P_drag=-8.255e-04, P_cool=-6.016e-04, WENO=0.172, rho_mean=1.000000, p_mean=0.715489, div_rms=1.527e-01, vort_rms=8.675e-01, mass_err=-4.596e-11
step= 20000, t=52.851439, dt=2.742e-03, KE=2.933352e-02, Mt=0.2432, A_K=0.142, Cuv=-0.270, P_in=1.228e-03, P_tgt=1.232e-03, A_F=0.111, K_low=0.127, P_drag=-7.436e-04, P_cool=-5.862e-04, WENO=0.152, rho_mean=1.000000, p_mean=0.715458, div_rms=1.441e-01, vort_rms=8.380e-01, mass_err=-4.837e-11
saved snapshot: results/hit2d/CFL_study_0p15_Mt025_N128/hit2d_step0020000.npz
step= 21000, t=55.577491, dt=2.649e-03, KE=2.961740e-02, Mt=0.2451, A_K=0.185, Cuv=-0.044, P_in=1.627e-03, P_tgt=1.613e-03, A_F=0.141, K_low=0.101, P_drag=-6.070e-04, P_cool=-6.095e-04, WENO=0.134, rho_mean=1.000000, p_mean=0.715505, div_rms=1.434e-01, vort_rms=8.484e-01, mass_err=-5.079e-11
step= 22000, t=58.265977, dt=2.625e-03, KE=3.105361e-02, Mt=0.2515, A_K=0.176, Cuv=0.001, P_in=1.747e-03, P_tgt=1.742e-03, A_F=0.008, K_low=0.066, P_drag=-4.171e-04, P_cool=-6.327e-04, WENO=0.093, rho_mean=1.000000, p_mean=0.715551, div_rms=1.449e-01, vort_rms=8.812e-01, mass_err=-5.323e-11
step= 23000, t=60.905528, dt=2.618e-03, KE=3.287282e-02, Mt=0.2585, A_K=0.219, Cuv=0.069, P_in=1.417e-03, P_tgt=1.431e-03, A_F=0.043, K_low=0.034, P_drag=-2.274e-04, P_cool=-6.449e-04, WENO=0.141, rho_mean=1.000000, p_mean=0.715576, div_rms=1.284e-01, vort_rms=8.962e-01, mass_err=-5.564e-11
warning: flow component anisotropy has increased over the last three diagnostic samples
step= 24000, t=63.559265, dt=2.702e-03, KE=3.367856e-02, Mt=0.2619, A_K=0.301, Cuv=0.078, P_in=9.125e-04, P_tgt=9.606e-04, A_F=0.069, K_low=0.048, P_drag=-3.121e-04, P_cool=-6.361e-04, WENO=0.124, rho_mean=1.000000, p_mean=0.715558, div_rms=1.245e-01, vort_rms=8.892e-01, mass_err=-5.807e-11
step= 25000, t=66.268893, dt=2.672e-03, KE=3.317769e-02, Mt=0.2595, A_K=0.147, Cuv=-0.077, P_in=6.323e-04, P_tgt=6.369e-04, A_F=0.016, K_low=0.064, P_drag=-4.208e-04, P_cool=-6.269e-04, WENO=0.112, rho_mean=1.000000, p_mean=0.715540, div_rms=1.264e-01, vort_rms=8.526e-01, mass_err=-6.050e-11
saved snapshot: results/hit2d/CFL_study_0p15_Mt025_N128/hit2d_step0025000.npz
step= 26000, t=68.910572, dt=2.602e-03, KE=3.278996e-02, Mt=0.2583, A_K=0.023, Cuv=-0.180, P_in=4.174e-04, P_tgt=4.499e-04, A_F=0.051, K_low=0.078, P_drag=-5.128e-04, P_cool=-5.718e-04, WENO=0.122, rho_mean=1.000000, p_mean=0.715429, div_rms=1.227e-01, vort_rms=8.218e-01, mass_err=-6.292e-11
step= 27000, t=71.490973, dt=2.564e-03, KE=3.119790e-02, Mt=0.2518, A_K=0.101, Cuv=-0.273, P_in=3.690e-04, P_tgt=3.712e-04, A_F=0.092, K_low=0.113, P_drag=-6.985e-04, P_cool=-5.225e-04, WENO=0.105, rho_mean=1.000000, p_mean=0.715331, div_rms=1.159e-01, vort_rms=7.959e-01, mass_err=-6.533e-11
step= 28000, t=74.115975, dt=2.701e-03, KE=2.893576e-02, Mt=0.2429, A_K=0.101, Cuv=-0.315, P_in=4.187e-04, P_tgt=4.183e-04, A_F=0.004, K_low=0.154, P_drag=-8.844e-04, P_cool=-5.024e-04, WENO=0.119, rho_mean=1.000000, p_mean=0.715291, div_rms=1.126e-01, vort_rms=7.543e-01, mass_err=-6.776e-11
step= 29000, t=76.773681, dt=2.610e-03, KE=2.670936e-02, Mt=0.2338, A_K=0.077, Cuv=-0.203, P_in=6.984e-04, P_tgt=7.105e-04, A_F=0.065, K_low=0.173, P_drag=-9.134e-04, P_cool=-4.765e-04, WENO=0.124, rho_mean=1.000000, p_mean=0.715239, div_rms=1.096e-01, vort_rms=7.322e-01, mass_err=-7.020e-11
step= 30000, t=79.368498, dt=2.646e-03, KE=2.639112e-02, Mt=0.2314, A_K=0.032, Cuv=-0.220, P_in=1.638e-03, P_tgt=1.620e-03, A_F=0.038, K_low=0.161, P_drag=-8.421e-04, P_cool=-4.216e-04, WENO=0.115, rho_mean=1.000000, p_mean=0.715129, div_rms=1.134e-01, vort_rms=7.634e-01, mass_err=-7.262e-11
saved snapshot: results/hit2d/CFL_study_0p15_Mt025_N128/hit2d_step0030000.npz
step= 31000, t=81.953186, dt=2.616e-03, KE=2.878108e-02, Mt=0.2416, A_K=0.108, Cuv=-0.125, P_in=3.089e-03, P_tgt=3.055e-03, A_F=0.050, K_low=0.151, P_drag=-8.586e-04, P_cool=-5.146e-04, WENO=0.120, rho_mean=1.000000, p_mean=0.715315, div_rms=1.074e-01, vort_rms=8.672e-01, mass_err=-7.506e-11
step= 32000, t=84.577417, dt=2.590e-03, KE=3.293789e-02, Mt=0.2590, A_K=0.050, Cuv=-0.060, P_in=2.989e-03, P_tgt=2.984e-03, A_F=0.239, K_low=0.157, P_drag=-1.033e-03, P_cool=-5.912e-04, WENO=0.108, rho_mean=1.000000, p_mean=0.715468, div_rms=1.253e-01, vort_rms=9.358e-01, mass_err=-7.748e-11
step= 33000, t=87.184857, dt=2.626e-03, KE=3.480416e-02, Mt=0.2654, A_K=0.000, Cuv=-0.001, P_in=1.885e-03, P_tgt=1.881e-03, A_F=0.115, K_low=0.141, P_drag=-9.787e-04, P_cool=-6.310e-04, WENO=0.077, rho_mean=1.000000, p_mean=0.715548, div_rms=1.197e-01, vort_rms=9.542e-01, mass_err=-7.991e-11
step= 34000, t=89.780339, dt=2.618e-03, KE=3.414466e-02, Mt=0.2638, A_K=0.127, Cuv=0.071, P_in=1.079e-03, P_tgt=1.089e-03, A_F=0.274, K_low=0.118, P_drag=-8.055e-04, P_cool=-7.050e-04, WENO=0.100, rho_mean=1.000000, p_mean=0.715696, div_rms=1.299e-01, vort_rms=9.414e-01, mass_err=-8.232e-11
warning: flow component anisotropy has increased over the last three diagnostic samples
step= 35000, t=92.394966, dt=2.541e-03, KE=3.295647e-02, Mt=0.2580, A_K=0.208, Cuv=0.113, P_in=7.107e-04, P_tgt=7.167e-04, A_F=0.098, K_low=0.103, P_drag=-6.793e-04, P_cool=-6.626e-04, WENO=0.114, rho_mean=1.000000, p_mean=0.715611, div_rms=1.254e-01, vort_rms=9.151e-01, mass_err=-8.474e-11
saved snapshot: results/hit2d/CFL_study_0p15_Mt025_N128/hit2d_step0035000.npz
step= 36000, t=95.010476, dt=2.630e-03, KE=3.163841e-02, Mt=0.2524, A_K=0.180, Cuv=0.071, P_in=5.677e-04, P_tgt=5.811e-04, A_F=0.114, K_low=0.098, P_drag=-6.261e-04, P_cool=-6.380e-04, WENO=0.143, rho_mean=1.000000, p_mean=0.715562, div_rms=1.309e-01, vort_rms=8.870e-01, mass_err=-8.715e-11
step= 37000, t=97.613302, dt=2.693e-03, KE=2.998274e-02, Mt=0.2458, A_K=0.148, Cuv=0.097, P_in=6.019e-04, P_tgt=6.043e-04, A_F=0.110, K_low=0.114, P_drag=-6.801e-04, P_cool=-6.090e-04, WENO=0.078, rho_mean=1.000000, p_mean=0.715504, div_rms=1.228e-01, vort_rms=8.494e-01, mass_err=-8.955e-11
step= 38000, t=100.355442, dt=2.734e-03, KE=2.892605e-02, Mt=0.2414, A_K=0.000, Cuv=0.062, P_in=8.254e-04, P_tgt=8.029e-04, A_F=0.088, K_low=0.105, P_drag=-6.122e-04, P_cool=-5.663e-04, WENO=0.103, rho_mean=1.000000, p_mean=0.715418, div_rms=1.186e-01, vort_rms=8.387e-01, mass_err=-9.197e-11
step= 39000, t=103.030809, dt=2.642e-03, KE=2.838829e-02, Mt=0.2391, A_K=0.004, Cuv=0.029, P_in=1.278e-03, P_tgt=1.230e-03, A_F=0.042, K_low=0.113, P_drag=-6.404e-04, P_cool=-5.825e-04, WENO=0.122, rho_mean=1.000000, p_mean=0.715451, div_rms=1.188e-01, vort_rms=8.256e-01, mass_err=-9.439e-11
step= 40000, t=105.738616, dt=2.667e-03, KE=2.930454e-02, Mt=0.2429, A_K=0.043, Cuv=0.097, P_in=1.852e-03, P_tgt=1.819e-03, A_F=0.237, K_low=0.134, P_drag=-7.843e-04, P_cool=-5.490e-04, WENO=0.127, rho_mean=1.000000, p_mean=0.715384, div_rms=1.202e-01, vort_rms=8.414e-01, mass_err=-9.681e-11
saved snapshot: results/hit2d/CFL_study_0p15_Mt025_N128/hit2d_step0040000.npz
step= 41000, t=108.367582, dt=2.553e-03, KE=3.070072e-02, Mt=0.2497, A_K=0.101, Cuv=0.106, P_in=2.091e-03, P_tgt=2.148e-03, A_F=0.173, K_low=0.158, P_drag=-9.547e-04, P_cool=-5.839e-04, WENO=0.113, rho_mean=1.000000, p_mean=0.715454, div_rms=1.266e-01, vort_rms=8.818e-01, mass_err=-9.923e-11
step= 41621, t=110.000000, dt=2.245e-03, KE=3.152173e-02, Mt=0.2526, A_K=0.043, Cuv=-0.036, P_in=2.267e-03, P_tgt=2.120e-03, A_F=0.273, K_low=0.144, P_drag=-8.929e-04, P_cool=-6.286e-04, WENO=0.121, rho_mean=1.000000, p_mean=0.715543, div_rms=1.354e-01, vort_rms=9.152e-01, mass_err=-1.007e-10
saved snapshot: results/hit2d/CFL_study_0p15_Mt025_N128/hit2d_step0041621.npz
completed 2D HIT run at t=110.000000 in 41621 steps
