Using array backend: cupy
step=     0, t=0.000000, dt=0.000e+00, KE=1.250000e-01, Mt=0.5000, A_K=0.000, Cuv=0.000, P_in=0.000e+00, P_tgt=0.000e+00, A_F=0.000, K_low=0.000, P_drag=0.000e+00, P_cool=0.000e+00, WENO=0.035, rho_mean=1.000000, p_mean=0.714286, div_rms=4.613e-15, vort_rms=1.950e+00, mass_err=0.000e+00
warning: WENO is active over a large domain fraction (0.537)
step=   500, t=0.706964, dt=1.493e-03, KE=1.060777e-01, Mt=0.4778, A_K=0.009, Cuv=-0.032, P_in=1.148e-03, P_tgt=1.157e-03, A_F=0.152, K_low=0.024, P_drag=-4.928e-04, P_cool=-3.638e-03, WENO=0.537, rho_mean=1.000000, p_mean=0.721563, div_rms=7.653e-01, vort_rms=1.842e+00, mass_err=-1.194e-12
warning: WENO is active over a large domain fraction (0.563)
step=  1000, t=1.440524, dt=1.401e-03, KE=1.072007e-01, Mt=0.4762, A_K=0.039, Cuv=0.000, P_in=1.484e-03, P_tgt=1.417e-03, A_F=0.215, K_low=0.030, P_drag=-5.078e-04, P_cool=-3.064e-03, WENO=0.563, rho_mean=1.000000, p_mean=0.720413, div_rms=7.077e-01, vort_rms=1.845e+00, mass_err=-2.359e-12
warning: WENO is active over a large domain fraction (0.663)
step=  1500, t=2.169572, dt=1.483e-03, KE=1.060750e-01, Mt=0.4694, A_K=0.068, Cuv=0.010, P_in=1.909e-03, P_tgt=1.908e-03, A_F=0.107, K_low=0.045, P_drag=-8.866e-04, P_cool=-2.986e-03, WENO=0.663, rho_mean=1.000000, p_mean=0.720257, div_rms=6.944e-01, vort_rms=1.829e+00, mass_err=-3.546e-12
warning: WENO is active over a large domain fraction (0.591)
step=  2000, t=2.916958, dt=1.496e-03, KE=1.030765e-01, Mt=0.4624, A_K=0.086, Cuv=0.042, P_in=2.794e-03, P_tgt=2.791e-03, A_F=0.253, K_low=0.035, P_drag=-7.077e-04, P_cool=-3.347e-03, WENO=0.591, rho_mean=1.000000, p_mean=0.720980, div_rms=7.170e-01, vort_rms=1.801e+00, mass_err=-4.739e-12
saved snapshot: results/hit2d/solenoidal_Mt050_N128/hit2d_step0002000.npz
warning: cumulative forcing cross-correlation is high (|Fxy|/(Fxx+Fyy)=0.121)
warning: WENO is active over a large domain fraction (0.542)
step=  2500, t=3.649176, dt=1.402e-03, KE=1.031854e-01, Mt=0.4624, A_K=0.010, Cuv=-0.084, P_in=4.463e-03, P_tgt=4.254e-03, A_F=0.005, K_low=0.081, P_drag=-1.547e-03, P_cool=-3.200e-03, WENO=0.542, rho_mean=1.000000, p_mean=0.720686, div_rms=6.795e-01, vort_rms=1.764e+00, mass_err=-5.926e-12
warning: WENO is active over a large domain fraction (0.504)
step=  3000, t=4.336828, dt=1.427e-03, KE=1.033707e-01, Mt=0.4643, A_K=0.027, Cuv=-0.013, P_in=6.495e-03, P_tgt=6.433e-03, A_F=0.085, K_low=0.098, P_drag=-1.950e-03, P_cool=-3.204e-03, WENO=0.504, rho_mean=1.000000, p_mean=0.720693, div_rms=6.488e-01, vort_rms=1.732e+00, mass_err=-7.105e-12
step=  3500, t=5.057537, dt=1.459e-03, KE=1.050022e-01, Mt=0.4680, A_K=0.059, Cuv=0.067, P_in=9.199e-03, P_tgt=9.284e-03, A_F=0.046, K_low=0.118, P_drag=-2.388e-03, P_cool=-3.239e-03, WENO=0.489, rho_mean=1.000000, p_mean=0.720764, div_rms=6.286e-01, vort_rms=1.751e+00, mass_err=-8.306e-12
warning: WENO is active over a large domain fraction (0.515)
step=  4000, t=5.793316, dt=1.473e-03, KE=1.074008e-01, Mt=0.4712, A_K=0.033, Cuv=-0.006, P_in=1.317e-02, P_tgt=1.336e-02, A_F=0.012, K_low=0.109, P_drag=-2.217e-03, P_cool=-3.567e-03, WENO=0.515, rho_mean=1.000000, p_mean=0.721419, div_rms=6.358e-01, vort_rms=1.785e+00, mass_err=-9.493e-12
saved snapshot: results/hit2d/solenoidal_Mt050_N128/hit2d_step0004000.npz
warning: WENO is active over a large domain fraction (0.525)
step=  4500, t=6.519658, dt=1.431e-03, KE=1.125316e-01, Mt=0.4847, A_K=0.191, Cuv=-0.045, P_in=1.703e-02, P_tgt=1.689e-02, A_F=0.015, K_low=0.115, P_drag=-2.544e-03, P_cool=-3.872e-03, WENO=0.525, rho_mean=1.000000, p_mean=0.722030, div_rms=6.853e-01, vort_rms=1.820e+00, mass_err=-1.068e-11
warning: flow component anisotropy has increased over the last three diagnostic samples
warning: WENO is active over a large domain fraction (0.569)
step=  5000, t=7.241794, dt=1.436e-03, KE=1.186527e-01, Mt=0.5007, A_K=0.280, Cuv=0.023, P_in=1.821e-02, P_tgt=1.803e-02, A_F=0.003, K_low=0.116, P_drag=-2.550e-03, P_cool=-4.260e-03, WENO=0.569, rho_mean=1.000000, p_mean=0.722806, div_rms=7.035e-01, vort_rms=1.861e+00, mass_err=-1.186e-11
warning: WENO is active over a large domain fraction (0.527)
step=  5500, t=7.962559, dt=1.449e-03, KE=1.240787e-01, Mt=0.5134, A_K=0.203, Cuv=0.085, P_in=1.667e-02, P_tgt=1.667e-02, A_F=0.019, K_low=0.103, P_drag=-2.408e-03, P_cool=-4.697e-03, WENO=0.527, rho_mean=1.000000, p_mean=0.723679, div_rms=7.612e-01, vort_rms=1.924e+00, mass_err=-1.304e-11
warning: WENO is active over a large domain fraction (0.606)
step=  6000, t=8.688712, dt=1.452e-03, KE=1.287656e-01, Mt=0.5182, A_K=0.206, Cuv=0.086, P_in=1.453e-02, P_tgt=1.454e-02, A_F=0.057, K_low=0.100, P_drag=-2.490e-03, P_cool=-4.962e-03, WENO=0.606, rho_mean=1.000000, p_mean=0.724210, div_rms=7.477e-01, vort_rms=1.934e+00, mass_err=-1.421e-11
saved snapshot: results/hit2d/solenoidal_Mt050_N128/hit2d_step0006000.npz
warning: WENO is active over a large domain fraction (0.594)
step=  6500, t=9.384165, dt=1.375e-03, KE=1.324995e-01, Mt=0.5252, A_K=0.186, Cuv=0.146, P_in=1.212e-02, P_tgt=1.182e-02, A_F=0.062, K_low=0.119, P_drag=-3.003e-03, P_cool=-4.994e-03, WENO=0.594, rho_mean=1.000000, p_mean=0.724273, div_rms=7.990e-01, vort_rms=1.927e+00, mass_err=-1.539e-11
warning: WENO is active over a large domain fraction (0.702)
step=  7000, t=10.063892, dt=1.381e-03, KE=1.281801e-01, Mt=0.5295, A_K=0.190, Cuv=0.198, P_in=9.078e-03, P_tgt=9.084e-03, A_F=0.008, K_low=0.148, P_drag=-3.588e-03, P_cool=-6.099e-03, WENO=0.702, rho_mean=1.000000, p_mean=0.726484, div_rms=8.604e-01, vort_rms=1.847e+00, mass_err=-1.657e-11
warning: flow component anisotropy has increased over the last three diagnostic samples
warning: WENO is active over a large domain fraction (0.625)
step=  7500, t=10.728906, dt=1.323e-03, KE=1.252122e-01, Mt=0.5211, A_K=0.225, Cuv=0.067, P_in=7.399e-03, P_tgt=7.098e-03, A_F=0.006, K_low=0.155, P_drag=-3.777e-03, P_cool=-6.405e-03, WENO=0.625, rho_mean=1.000000, p_mean=0.727096, div_rms=8.782e-01, vort_rms=1.857e+00, mass_err=-1.772e-11
warning: WENO is active over a large domain fraction (0.635)
step=  8000, t=11.393011, dt=1.333e-03, KE=1.260349e-01, Mt=0.5190, A_K=0.118, Cuv=-0.047, P_in=5.957e-03, P_tgt=5.921e-03, A_F=0.072, K_low=0.180, P_drag=-4.400e-03, P_cool=-5.772e-03, WENO=0.635, rho_mean=1.000000, p_mean=0.725829, div_rms=7.972e-01, vort_rms=1.837e+00, mass_err=-1.889e-11
saved snapshot: results/hit2d/solenoidal_Mt050_N128/hit2d_step0008000.npz
warning: WENO is active over a large domain fraction (0.657)
step=  8500, t=12.068593, dt=1.354e-03, KE=1.208386e-01, Mt=0.5092, A_K=0.067, Cuv=-0.177, P_in=5.182e-03, P_tgt=5.107e-03, A_F=0.037, K_low=0.198, P_drag=-4.693e-03, P_cool=-6.133e-03, WENO=0.657, rho_mean=1.000000, p_mean=0.726552, div_rms=7.825e-01, vort_rms=1.817e+00, mass_err=-2.006e-11
warning: WENO is active over a large domain fraction (0.567)
step=  9000, t=12.764754, dt=1.408e-03, KE=1.191233e-01, Mt=0.5037, A_K=0.078, Cuv=-0.188, P_in=4.653e-03, P_tgt=4.677e-03, A_F=0.107, K_low=0.223, P_drag=-5.050e-03, P_cool=-5.668e-03, WENO=0.567, rho_mean=1.000000, p_mean=0.725621, div_rms=7.511e-01, vort_rms=1.785e+00, mass_err=-2.122e-11
warning: WENO is active over a large domain fraction (0.575)
step=  9500, t=13.456651, dt=1.284e-03, KE=1.185990e-01, Mt=0.4925, A_K=0.140, Cuv=-0.177, P_in=4.852e-03, P_tgt=4.804e-03, A_F=0.062, K_low=0.220, P_drag=-5.152e-03, P_cool=-4.970e-03, WENO=0.575, rho_mean=1.000000, p_mean=0.724226, div_rms=7.092e-01, vort_rms=1.753e+00, mass_err=-2.240e-11
warning: WENO is active over a large domain fraction (0.581)
step= 10000, t=14.079941, dt=1.256e-03, KE=1.149368e-01, Mt=0.4872, A_K=0.062, Cuv=-0.263, P_in=5.396e-03, P_tgt=5.339e-03, A_F=0.103, K_low=0.218, P_drag=-4.924e-03, P_cool=-5.099e-03, WENO=0.581, rho_mean=1.000000, p_mean=0.724483, div_rms=7.154e-01, vort_rms=1.675e+00, mass_err=-2.359e-11
saved snapshot: results/hit2d/solenoidal_Mt050_N128/hit2d_step0010000.npz
warning: WENO is active over a large domain fraction (0.546)
step= 10500, t=14.736786, dt=1.359e-03, KE=1.103257e-01, Mt=0.4799, A_K=0.020, Cuv=-0.284, P_in=6.441e-03, P_tgt=6.438e-03, A_F=0.181, K_low=0.208, P_drag=-4.378e-03, P_cool=-5.458e-03, WENO=0.546, rho_mean=1.000000, p_mean=0.725201, div_rms=6.570e-01, vort_rms=1.628e+00, mass_err=-2.477e-11
warning: WENO is active over a large domain fraction (0.502)
step= 11000, t=15.426625, dt=1.412e-03, KE=1.117536e-01, Mt=0.4800, A_K=0.040, Cuv=-0.182, P_in=7.895e-03, P_tgt=7.847e-03, A_F=0.027, K_low=0.185, P_drag=-4.027e-03, P_cool=-4.872e-03, WENO=0.502, rho_mean=1.000000, p_mean=0.724031, div_rms=7.064e-01, vort_rms=1.643e+00, mass_err=-2.596e-11
warning: WENO is active over a large domain fraction (0.523)
step= 11500, t=16.133157, dt=1.409e-03, KE=1.119833e-01, Mt=0.4818, A_K=0.075, Cuv=-0.148, P_in=9.700e-03, P_tgt=9.701e-03, A_F=0.079, K_low=0.194, P_drag=-4.180e-03, P_cool=-4.804e-03, WENO=0.523, rho_mean=1.000000, p_mean=0.723893, div_rms=6.726e-01, vort_rms=1.637e+00, mass_err=-2.714e-11
warning: WENO is active over a large domain fraction (0.521)
step= 12000, t=16.816670, dt=1.344e-03, KE=1.118886e-01, Mt=0.4844, A_K=0.113, Cuv=-0.137, P_in=1.145e-02, P_tgt=1.162e-02, A_F=0.052, K_low=0.215, P_drag=-4.623e-03, P_cool=-5.016e-03, WENO=0.521, rho_mean=1.000000, p_mean=0.724318, div_rms=6.436e-01, vort_rms=1.640e+00, mass_err=-2.832e-11
saved snapshot: results/hit2d/solenoidal_Mt050_N128/hit2d_step0012000.npz
warning: flow component anisotropy has increased over the last three diagnostic samples
step= 12500, t=17.507671, dt=1.425e-03, KE=1.178267e-01, Mt=0.4935, A_K=0.220, Cuv=-0.096, P_in=1.328e-02, P_tgt=1.316e-02, A_F=0.016, K_low=0.244, P_drag=-5.661e-03, P_cool=-4.209e-03, WENO=0.448, rho_mean=1.000000, p_mean=0.722703, div_rms=6.314e-01, vort_rms=1.660e+00, mass_err=-2.950e-11
step= 13000, t=18.212717, dt=1.378e-03, KE=1.204601e-01, Mt=0.4995, A_K=0.203, Cuv=-0.057, P_in=1.376e-02, P_tgt=1.370e-02, A_F=0.065, K_low=0.279, P_drag=-6.527e-03, P_cool=-4.127e-03, WENO=0.471, rho_mean=1.000000, p_mean=0.722539, div_rms=6.242e-01, vort_rms=1.709e+00, mass_err=-3.070e-11
step= 13500, t=18.902938, dt=1.378e-03, KE=1.210046e-01, Mt=0.5005, A_K=0.230, Cuv=-0.019, P_in=1.357e-02, P_tgt=1.354e-02, A_F=0.164, K_low=0.303, P_drag=-7.228e-03, P_cool=-4.383e-03, WENO=0.465, rho_mean=1.000000, p_mean=0.723052, div_rms=6.462e-01, vort_rms=1.749e+00, mass_err=-3.189e-11
warning: flow component anisotropy has increased over the last three diagnostic samples
step= 14000, t=19.600565, dt=1.382e-03, KE=1.212950e-01, Mt=0.5020, A_K=0.249, Cuv=0.008, P_in=1.343e-02, P_tgt=1.338e-02, A_F=0.017, K_low=0.335, P_drag=-7.891e-03, P_cool=-4.512e-03, WENO=0.475, rho_mean=1.000000, p_mean=0.723310, div_rms=6.373e-01, vort_rms=1.753e+00, mass_err=-3.307e-11
saved snapshot: results/hit2d/solenoidal_Mt050_N128/hit2d_step0014000.npz
step= 14500, t=20.280512, dt=1.361e-03, KE=1.201486e-01, Mt=0.5026, A_K=0.175, Cuv=-0.002, P_in=1.308e-02, P_tgt=1.305e-02, A_F=0.211, K_low=0.344, P_drag=-8.116e-03, P_cool=-4.827e-03, WENO=0.492, rho_mean=1.000000, p_mean=0.723939, div_rms=6.485e-01, vort_rms=1.751e+00, mass_err=-3.426e-11
step= 15000, t=20.941768, dt=1.279e-03, KE=1.200855e-01, Mt=0.5084, A_K=0.111, Cuv=-0.017, P_in=1.263e-02, P_tgt=1.254e-02, A_F=0.143, K_low=0.361, P_drag=-8.458e-03, P_cool=-4.795e-03, WENO=0.467, rho_mean=1.000000, p_mean=0.723876, div_rms=7.026e-01, vort_rms=1.776e+00, mass_err=-3.543e-11
step= 15500, t=21.586371, dt=1.302e-03, KE=1.178534e-01, Mt=0.5054, A_K=0.148, Cuv=-0.027, P_in=1.168e-02, P_tgt=1.165e-02, A_F=0.051, K_low=0.372, P_drag=-8.403e-03, P_cool=-5.072e-03, WENO=0.460, rho_mean=1.000000, p_mean=0.724430, div_rms=7.091e-01, vort_rms=1.796e+00, mass_err=-3.660e-11
step= 16000, t=22.243634, dt=1.341e-03, KE=1.163358e-01, Mt=0.4989, A_K=0.135, Cuv=-0.098, P_in=1.154e-02, P_tgt=1.148e-02, A_F=0.041, K_low=0.370, P_drag=-8.238e-03, P_cool=-5.134e-03, WENO=0.473, rho_mean=1.000000, p_mean=0.724554, div_rms=6.517e-01, vort_rms=1.800e+00, mass_err=-3.777e-11
saved snapshot: results/hit2d/solenoidal_Mt050_N128/hit2d_step0016000.npz
warning: WENO is active over a large domain fraction (0.521)
step= 16500, t=22.922671, dt=1.388e-03, KE=1.153975e-01, Mt=0.4992, A_K=0.058, Cuv=-0.168, P_in=1.180e-02, P_tgt=1.171e-02, A_F=0.212, K_low=0.361, P_drag=-8.008e-03, P_cool=-5.091e-03, WENO=0.521, rho_mean=1.000000, p_mean=0.724469, div_rms=6.976e-01, vort_rms=1.818e+00, mass_err=-3.894e-11
warning: WENO is active over a large domain fraction (0.510)
step= 17000, t=23.604524, dt=1.357e-03, KE=1.167382e-01, Mt=0.4970, A_K=0.044, Cuv=-0.204, P_in=1.203e-02, P_tgt=1.197e-02, A_F=0.215, K_low=0.345, P_drag=-7.766e-03, P_cool=-4.696e-03, WENO=0.510, rho_mean=1.000000, p_mean=0.723678, div_rms=6.907e-01, vort_rms=1.835e+00, mass_err=-4.012e-11
step= 17500, t=24.267783, dt=1.315e-03, KE=1.160232e-01, Mt=0.4977, A_K=0.031, Cuv=-0.192, P_in=1.231e-02, P_tgt=1.214e-02, A_F=0.020, K_low=0.308, P_drag=-6.782e-03, P_cool=-4.846e-03, WENO=0.461, rho_mean=1.000000, p_mean=0.723978, div_rms=6.804e-01, vort_rms=1.829e+00, mass_err=-4.130e-11
step= 18000, t=24.915566, dt=1.289e-03, KE=1.165621e-01, Mt=0.4949, A_K=0.103, Cuv=-0.079, P_in=1.289e-02, P_tgt=1.292e-02, A_F=0.025, K_low=0.256, P_drag=-5.777e-03, P_cool=-4.906e-03, WENO=0.460, rho_mean=1.000000, p_mean=0.724097, div_rms=6.626e-01, vort_rms=1.844e+00, mass_err=-4.248e-11
saved snapshot: results/hit2d/solenoidal_Mt050_N128/hit2d_step0018000.npz
step= 18500, t=25.550015, dt=1.270e-03, KE=1.202403e-01, Mt=0.4990, A_K=0.047, Cuv=-0.103, P_in=1.328e-02, P_tgt=1.323e-02, A_F=0.225, K_low=0.216, P_drag=-5.212e-03, P_cool=-4.548e-03, WENO=0.475, rho_mean=1.000000, p_mean=0.723381, div_rms=6.499e-01, vort_rms=1.864e+00, mass_err=-4.366e-11
step= 19000, t=26.192533, dt=1.321e-03, KE=1.196716e-01, Mt=0.4986, A_K=0.003, Cuv=-0.126, P_in=1.365e-02, P_tgt=1.348e-02, A_F=0.055, K_low=0.193, P_drag=-4.605e-03, P_cool=-5.129e-03, WENO=0.494, rho_mean=1.000000, p_mean=0.724544, div_rms=6.271e-01, vort_rms=1.902e+00, mass_err=-4.485e-11
warning: WENO is active over a large domain fraction (0.520)
step= 19500, t=26.858517, dt=1.357e-03, KE=1.218792e-01, Mt=0.5057, A_K=0.055, Cuv=-0.122, P_in=1.332e-02, P_tgt=1.324e-02, A_F=0.238, K_low=0.198, P_drag=-4.613e-03, P_cool=-5.184e-03, WENO=0.520, rho_mean=1.000000, p_mean=0.724653, div_rms=6.465e-01, vort_rms=1.907e+00, mass_err=-4.601e-11
warning: WENO is active over a large domain fraction (0.540)
step= 20000, t=27.548987, dt=1.404e-03, KE=1.262521e-01, Mt=0.5110, A_K=0.024, Cuv=-0.042, P_in=1.218e-02, P_tgt=1.218e-02, A_F=0.116, K_low=0.208, P_drag=-4.946e-03, P_cool=-4.734e-03, WENO=0.540, rho_mean=1.000000, p_mean=0.723753, div_rms=6.581e-01, vort_rms=1.884e+00, mass_err=-4.719e-11
saved snapshot: results/hit2d/solenoidal_Mt050_N128/hit2d_step0020000.npz
step= 20500, t=28.242522, dt=1.374e-03, KE=1.258390e-01, Mt=0.5126, A_K=0.053, Cuv=0.063, P_in=1.072e-02, P_tgt=1.063e-02, A_F=0.070, K_low=0.207, P_drag=-5.032e-03, P_cool=-5.041e-03, WENO=0.478, rho_mean=1.000000, p_mean=0.724368, div_rms=6.581e-01, vort_rms=1.854e+00, mass_err=-4.838e-11
step= 21000, t=28.934794, dt=1.382e-03, KE=1.249091e-01, Mt=0.5101, A_K=0.109, Cuv=0.137, P_in=9.722e-03, P_tgt=9.656e-03, A_F=0.109, K_low=0.200, P_drag=-4.824e-03, P_cool=-5.218e-03, WENO=0.473, rho_mean=1.000000, p_mean=0.724721, div_rms=6.468e-01, vort_rms=1.854e+00, mass_err=-4.954e-11
warning: WENO is active over a large domain fraction (0.537)
step= 21500, t=29.602611, dt=1.292e-03, KE=1.239754e-01, Mt=0.5118, A_K=0.117, Cuv=0.161, P_in=8.706e-03, P_tgt=8.611e-03, A_F=0.033, K_low=0.222, P_drag=-5.147e-03, P_cool=-5.281e-03, WENO=0.537, rho_mean=1.000000, p_mean=0.724847, div_rms=6.717e-01, vort_rms=1.833e+00, mass_err=-5.073e-11
step= 22000, t=30.238533, dt=1.319e-03, KE=1.238055e-01, Mt=0.5121, A_K=0.190, Cuv=0.223, P_in=7.875e-03, P_tgt=7.729e-03, A_F=0.004, K_low=0.238, P_drag=-5.480e-03, P_cool=-5.013e-03, WENO=0.492, rho_mean=1.000000, p_mean=0.724312, div_rms=7.007e-01, vort_rms=1.832e+00, mass_err=-5.189e-11
saved snapshot: results/hit2d/solenoidal_Mt050_N128/hit2d_step0022000.npz
warning: flow component anisotropy has increased over the last three diagnostic samples
step= 22500, t=30.872129, dt=1.271e-03, KE=1.227365e-01, Mt=0.5052, A_K=0.212, Cuv=0.268, P_in=7.447e-03, P_tgt=7.064e-03, A_F=0.157, K_low=0.214, P_drag=-5.150e-03, P_cool=-4.876e-03, WENO=0.464, rho_mean=1.000000, p_mean=0.724038, div_rms=6.617e-01, vort_rms=1.829e+00, mass_err=-5.307e-11
step= 23000, t=31.523279, dt=1.306e-03, KE=1.184172e-01, Mt=0.5021, A_K=0.196, Cuv=0.267, P_in=6.905e-03, P_tgt=6.819e-03, A_F=0.046, K_low=0.197, P_drag=-4.540e-03, P_cool=-5.359e-03, WENO=0.454, rho_mean=1.000000, p_mean=0.725004, div_rms=7.205e-01, vort_rms=1.803e+00, mass_err=-5.424e-11
step= 23500, t=32.184804, dt=1.329e-03, KE=1.146764e-01, Mt=0.5015, A_K=0.152, Cuv=0.263, P_in=6.773e-03, P_tgt=6.784e-03, A_F=0.066, K_low=0.188, P_drag=-4.054e-03, P_cool=-5.678e-03, WENO=0.489, rho_mean=1.000000, p_mean=0.725642, div_rms=7.424e-01, vort_rms=1.758e+00, mass_err=-5.541e-11
step= 24000, t=32.858934, dt=1.369e-03, KE=1.172441e-01, Mt=0.4982, A_K=0.143, Cuv=0.203, P_in=6.769e-03, P_tgt=6.697e-03, A_F=0.123, K_low=0.164, P_drag=-3.652e-03, P_cool=-4.850e-03, WENO=0.450, rho_mean=1.000000, p_mean=0.723985, div_rms=6.319e-01, vort_rms=1.767e+00, mass_err=-5.657e-11
saved snapshot: results/hit2d/solenoidal_Mt050_N128/hit2d_step0024000.npz
step= 24500, t=33.550427, dt=1.391e-03, KE=1.168574e-01, Mt=0.4999, A_K=0.091, Cuv=0.208, P_in=6.891e-03, P_tgt=6.765e-03, A_F=0.115, K_low=0.133, P_drag=-3.161e-03, P_cool=-4.740e-03, WENO=0.442, rho_mean=1.000000, p_mean=0.723766, div_rms=6.800e-01, vort_rms=1.755e+00, mass_err=-5.775e-11
step= 25000, t=34.239260, dt=1.356e-03, KE=1.174630e-01, Mt=0.4934, A_K=0.011, Cuv=0.212, P_in=7.124e-03, P_tgt=7.012e-03, A_F=0.007, K_low=0.149, P_drag=-3.448e-03, P_cool=-4.476e-03, WENO=0.422, rho_mean=1.000000, p_mean=0.723238, div_rms=6.437e-01, vort_rms=1.737e+00, mass_err=-5.893e-11
step= 25500, t=34.918294, dt=1.356e-03, KE=1.175730e-01, Mt=0.4958, A_K=0.084, Cuv=0.162, P_in=7.386e-03, P_tgt=7.399e-03, A_F=0.043, K_low=0.192, P_drag=-4.384e-03, P_cool=-4.325e-03, WENO=0.464, rho_mean=1.000000, p_mean=0.722936, div_rms=5.965e-01, vort_rms=1.719e+00, mass_err=-6.013e-11
step= 26000, t=35.610118, dt=1.391e-03, KE=1.171202e-01, Mt=0.4930, A_K=0.106, Cuv=0.161, P_in=7.896e-03, P_tgt=7.806e-03, A_F=0.022, K_low=0.227, P_drag=-5.151e-03, P_cool=-4.210e-03, WENO=0.423, rho_mean=1.000000, p_mean=0.722706, div_rms=5.557e-01, vort_rms=1.715e+00, mass_err=-6.131e-11
saved snapshot: results/hit2d/solenoidal_Mt050_N128/hit2d_step0026000.npz
step= 26500, t=36.319992, dt=1.388e-03, KE=1.154286e-01, Mt=0.4885, A_K=0.109, Cuv=0.204, P_in=8.553e-03, P_tgt=8.563e-03, A_F=0.108, K_low=0.256, P_drag=-5.832e-03, P_cool=-4.328e-03, WENO=0.408, rho_mean=1.000000, p_mean=0.722941, div_rms=5.534e-01, vort_rms=1.708e+00, mass_err=-6.250e-11
step= 27000, t=37.004085, dt=1.375e-03, KE=1.167465e-01, Mt=0.4897, A_K=0.069, Cuv=0.147, P_in=9.549e-03, P_tgt=9.729e-03, A_F=0.090, K_low=0.297, P_drag=-6.843e-03, P_cool=-3.883e-03, WENO=0.374, rho_mean=1.000000, p_mean=0.722051, div_rms=5.620e-01, vort_rms=1.713e+00, mass_err=-6.369e-11
step= 27500, t=37.712567, dt=1.416e-03, KE=1.166217e-01, Mt=0.4900, A_K=0.025, Cuv=0.079, P_in=1.069e-02, P_tgt=1.067e-02, A_F=0.244, K_low=0.344, P_drag=-7.873e-03, P_cool=-3.775e-03, WENO=0.400, rho_mean=1.000000, p_mean=0.721835, div_rms=5.550e-01, vort_rms=1.700e+00, mass_err=-6.487e-11
step= 28000, t=38.426221, dt=1.436e-03, KE=1.169194e-01, Mt=0.4915, A_K=0.096, Cuv=0.018, P_in=1.183e-02, P_tgt=1.186e-02, A_F=0.065, K_low=0.368, P_drag=-8.438e-03, P_cool=-3.618e-03, WENO=0.429, rho_mean=1.000000, p_mean=0.721522, div_rms=5.414e-01, vort_rms=1.725e+00, mass_err=-6.607e-11
saved snapshot: results/hit2d/solenoidal_Mt050_N128/hit2d_step0028000.npz
step= 28500, t=39.136368, dt=1.387e-03, KE=1.148981e-01, Mt=0.4881, A_K=0.135, Cuv=-0.020, P_in=1.312e-02, P_tgt=1.324e-02, A_F=0.073, K_low=0.360, P_drag=-8.064e-03, P_cool=-4.080e-03, WENO=0.474, rho_mean=1.000000, p_mean=0.722446, div_rms=5.757e-01, vort_rms=1.772e+00, mass_err=-6.726e-11
step= 29000, t=39.814596, dt=1.302e-03, KE=1.157692e-01, Mt=0.4929, A_K=0.160, Cuv=-0.062, P_in=1.444e-02, P_tgt=1.462e-02, A_F=0.098, K_low=0.315, P_drag=-7.003e-03, P_cool=-4.209e-03, WENO=0.446, rho_mean=1.000000, p_mean=0.722704, div_rms=5.831e-01, vort_rms=1.821e+00, mass_err=-6.846e-11
step= 29500, t=40.461118, dt=1.263e-03, KE=1.189620e-01, Mt=0.4953, A_K=0.179, Cuv=-0.122, P_in=1.564e-02, P_tgt=1.555e-02, A_F=0.095, K_low=0.260, P_drag=-6.124e-03, P_cool=-4.135e-03, WENO=0.404, rho_mean=1.000000, p_mean=0.722555, div_rms=5.917e-01, vort_rms=1.852e+00, mass_err=-6.963e-11
step= 30000, t=41.113081, dt=1.349e-03, KE=1.214374e-01, Mt=0.5050, A_K=0.189, Cuv=-0.051, P_in=1.549e-02, P_tgt=1.560e-02, A_F=0.073, K_low=0.241, P_drag=-5.666e-03, P_cool=-4.374e-03, WENO=0.437, rho_mean=1.000000, p_mean=0.723034, div_rms=5.857e-01, vort_rms=1.877e+00, mass_err=-7.083e-11
saved snapshot: results/hit2d/solenoidal_Mt050_N128/hit2d_step0030000.npz
step= 30500, t=41.766141, dt=1.254e-03, KE=1.252946e-01, Mt=0.5173, A_K=0.158, Cuv=0.043, P_in=1.393e-02, P_tgt=1.390e-02, A_F=0.061, K_low=0.226, P_drag=-5.416e-03, P_cool=-4.273e-03, WENO=0.465, rho_mean=1.000000, p_mean=0.722832, div_rms=6.199e-01, vort_rms=1.865e+00, mass_err=-7.201e-11
step= 31000, t=42.406211, dt=1.299e-03, KE=1.260708e-01, Mt=0.5136, A_K=0.054, Cuv=0.093, P_in=1.202e-02, P_tgt=1.199e-02, A_F=0.101, K_low=0.184, P_drag=-4.494e-03, P_cool=-4.552e-03, WENO=0.442, rho_mean=1.000000, p_mean=0.723391, div_rms=6.402e-01, vort_rms=1.853e+00, mass_err=-7.319e-11
step= 31500, t=43.058892, dt=1.266e-03, KE=1.278562e-01, Mt=0.5166, A_K=0.044, Cuv=0.108, P_in=1.045e-02, P_tgt=1.043e-02, A_F=0.185, K_low=0.157, P_drag=-3.834e-03, P_cool=-4.550e-03, WENO=0.484, rho_mean=1.000000, p_mean=0.723385, div_rms=6.238e-01, vort_rms=1.819e+00, mass_err=-7.438e-11
step= 32000, t=43.682633, dt=1.258e-03, KE=1.298164e-01, Mt=0.5190, A_K=0.091, Cuv=0.028, P_in=8.734e-03, P_tgt=8.717e-03, A_F=0.340, K_low=0.167, P_drag=-4.087e-03, P_cool=-4.298e-03, WENO=0.445, rho_mean=1.000000, p_mean=0.722881, div_rms=6.301e-01, vort_rms=1.804e+00, mass_err=-7.557e-11
saved snapshot: results/hit2d/solenoidal_Mt050_N128/hit2d_step0032000.npz
warning: WENO is active over a large domain fraction (0.507)
step= 32500, t=44.347347, dt=1.349e-03, KE=1.286392e-01, Mt=0.5158, A_K=0.100, Cuv=0.010, P_in=7.450e-03, P_tgt=7.380e-03, A_F=0.072, K_low=0.165, P_drag=-4.078e-03, P_cool=-4.477e-03, WENO=0.507, rho_mean=1.000000, p_mean=0.723240, div_rms=6.113e-01, vort_rms=1.783e+00, mass_err=-7.675e-11
warning: WENO is active over a large domain fraction (0.519)
step= 33000, t=45.003706, dt=1.291e-03, KE=1.258896e-01, Mt=0.5128, A_K=0.012, Cuv=0.017, P_in=6.428e-03, P_tgt=6.432e-03, A_F=0.193, K_low=0.174, P_drag=-4.193e-03, P_cool=-4.777e-03, WENO=0.519, rho_mean=1.000000, p_mean=0.723840, div_rms=6.393e-01, vort_rms=1.735e+00, mass_err=-7.793e-11
step= 33500, t=45.666110, dt=1.352e-03, KE=1.236970e-01, Mt=0.5078, A_K=0.022, Cuv=0.090, P_in=5.887e-03, P_tgt=5.804e-03, A_F=0.137, K_low=0.195, P_drag=-4.741e-03, P_cool=-4.794e-03, WENO=0.485, rho_mean=1.000000, p_mean=0.723874, div_rms=6.421e-01, vort_rms=1.684e+00, mass_err=-7.910e-11
step= 34000, t=46.312662, dt=1.257e-03, KE=1.216327e-01, Mt=0.5081, A_K=0.069, Cuv=0.153, P_in=5.577e-03, P_tgt=5.344e-03, A_F=0.299, K_low=0.228, P_drag=-5.332e-03, P_cool=-4.684e-03, WENO=0.468, rho_mean=1.000000, p_mean=0.723653, div_rms=6.353e-01, vort_rms=1.625e+00, mass_err=-8.028e-11
saved snapshot: results/hit2d/solenoidal_Mt050_N128/hit2d_step0034000.npz
step= 34500, t=46.947911, dt=1.268e-03, KE=1.210119e-01, Mt=0.5041, A_K=0.058, Cuv=0.113, P_in=4.949e-03, P_tgt=4.985e-03, A_F=0.051, K_low=0.244, P_drag=-5.654e-03, P_cool=-4.186e-03, WENO=0.418, rho_mean=1.000000, p_mean=0.722657, div_rms=6.496e-01, vort_rms=1.607e+00, mass_err=-8.146e-11
step= 35000, t=47.592286, dt=1.343e-03, KE=1.175855e-01, Mt=0.4919, A_K=0.045, Cuv=0.074, P_in=5.177e-03, P_tgt=5.188e-03, A_F=0.037, K_low=0.238, P_drag=-5.444e-03, P_cool=-4.259e-03, WENO=0.431, rho_mean=1.000000, p_mean=0.722803, div_rms=5.779e-01, vort_rms=1.594e+00, mass_err=-8.264e-11
step= 35500, t=48.295159, dt=1.465e-03, KE=1.164559e-01, Mt=0.4903, A_K=0.159, Cuv=0.067, P_in=5.709e-03, P_tgt=5.684e-03, A_F=0.345, K_low=0.234, P_drag=-5.113e-03, P_cool=-3.922e-03, WENO=0.422, rho_mean=1.000000, p_mean=0.722129, div_rms=5.593e-01, vort_rms=1.614e+00, mass_err=-8.381e-11
warning: flow component anisotropy has increased over the last three diagnostic samples
step= 36000, t=49.024116, dt=1.432e-03, KE=1.134713e-01, Mt=0.4827, A_K=0.222, Cuv=-0.043, P_in=6.659e-03, P_tgt=6.629e-03, A_F=0.101, K_low=0.217, P_drag=-4.708e-03, P_cool=-4.108e-03, WENO=0.429, rho_mean=1.000000, p_mean=0.722502, div_rms=5.572e-01, vort_rms=1.604e+00, mass_err=-8.500e-11
saved snapshot: results/hit2d/solenoidal_Mt050_N128/hit2d_step0036000.npz
step= 36500, t=49.720782, dt=1.362e-03, KE=1.166570e-01, Mt=0.4926, A_K=0.219, Cuv=-0.146, P_in=7.424e-03, P_tgt=7.405e-03, A_F=0.246, K_low=0.185, P_drag=-4.143e-03, P_cool=-3.332e-03, WENO=0.438, rho_mean=1.000000, p_mean=0.720950, div_rms=5.897e-01, vort_rms=1.621e+00, mass_err=-8.617e-11
step= 37000, t=50.410328, dt=1.383e-03, KE=1.141360e-01, Mt=0.4867, A_K=0.220, Cuv=-0.222, P_in=8.252e-03, P_tgt=8.264e-03, A_F=0.021, K_low=0.153, P_drag=-3.366e-03, P_cool=-3.905e-03, WENO=0.446, rho_mean=1.000000, p_mean=0.722096, div_rms=5.823e-01, vort_rms=1.622e+00, mass_err=-8.736e-11
warning: flow component anisotropy has increased over the last three diagnostic samples
step= 37500, t=51.093791, dt=1.336e-03, KE=1.150296e-01, Mt=0.4950, A_K=0.224, Cuv=-0.119, P_in=9.023e-03, P_tgt=9.028e-03, A_F=0.002, K_low=0.128, P_drag=-2.778e-03, P_cool=-3.961e-03, WENO=0.448, rho_mean=1.000000, p_mean=0.722208, div_rms=5.849e-01, vort_rms=1.631e+00, mass_err=-8.855e-11
step= 38000, t=51.745147, dt=1.298e-03, KE=1.146213e-01, Mt=0.4962, A_K=0.193, Cuv=-0.093, P_in=9.492e-03, P_tgt=9.462e-03, A_F=0.125, K_low=0.124, P_drag=-2.584e-03, P_cool=-4.358e-03, WENO=0.463, rho_mean=1.000000, p_mean=0.723002, div_rms=5.949e-01, vort_rms=1.643e+00, mass_err=-8.971e-11
saved snapshot: results/hit2d/solenoidal_Mt050_N128/hit2d_step0038000.npz
step= 38500, t=52.412728, dt=1.335e-03, KE=1.189467e-01, Mt=0.5024, A_K=0.135, Cuv=-0.103, P_in=9.286e-03, P_tgt=9.414e-03, A_F=0.032, K_low=0.115, P_drag=-2.540e-03, P_cool=-3.876e-03, WENO=0.429, rho_mean=1.000000, p_mean=0.722039, div_rms=5.866e-01, vort_rms=1.691e+00, mass_err=-9.090e-11
step= 39000, t=53.076843, dt=1.364e-03, KE=1.213691e-01, Mt=0.5040, A_K=0.192, Cuv=-0.103, P_in=9.375e-03, P_tgt=9.344e-03, A_F=0.116, K_low=0.121, P_drag=-2.815e-03, P_cool=-3.775e-03, WENO=0.415, rho_mean=1.000000, p_mean=0.721836, div_rms=5.867e-01, vort_rms=1.696e+00, mass_err=-9.207e-11
warning: flow component anisotropy has increased over the last three diagnostic samples
step= 39500, t=53.773695, dt=1.437e-03, KE=1.230398e-01, Mt=0.5102, A_K=0.263, Cuv=-0.030, P_in=8.606e-03, P_tgt=8.622e-03, A_F=0.208, K_low=0.145, P_drag=-3.463e-03, P_cool=-3.735e-03, WENO=0.422, rho_mean=1.000000, p_mean=0.721757, div_rms=5.686e-01, vort_rms=1.710e+00, mass_err=-9.324e-11
step= 40000, t=54.499167, dt=1.398e-03, KE=1.243076e-01, Mt=0.5087, A_K=0.187, Cuv=0.003, P_in=7.834e-03, P_tgt=7.906e-03, A_F=0.198, K_low=0.149, P_drag=-3.704e-03, P_cool=-3.639e-03, WENO=0.424, rho_mean=1.000000, p_mean=0.721563, div_rms=5.674e-01, vort_rms=1.733e+00, mass_err=-9.442e-11
saved snapshot: results/hit2d/solenoidal_Mt050_N128/hit2d_step0040000.npz
step= 40373, t=55.000000, dt=6.734e-04, KE=1.226199e-01, Mt=0.5081, A_K=0.063, Cuv=-0.009, P_in=7.239e-03, P_tgt=7.423e-03, A_F=0.103, K_low=0.162, P_drag=-3.933e-03, P_cool=-3.973e-03, WENO=0.450, rho_mean=1.000000, p_mean=0.722232, div_rms=5.855e-01, vort_rms=1.711e+00, mass_err=-9.531e-11
saved snapshot: results/hit2d/solenoidal_Mt050_N128/hit2d_step0040373.npz
completed 2D HIT run at t=55.000000 in 40373 steps
