Hybrid 2D Euler Config 3: nx=512, ny=512, dt=2.23414e-05, steps=13428, tfinal=0.3
Local hyperviscosity disabled: mn=0
step=    50, time=0.001117
step=   100, time=0.002234
step=   150, time=0.003351
step=   200, time=0.004468
step=   250, time=0.005585
step=   300, time=0.006702
step=   350, time=0.007819
step=   400, time=0.008937
step=   450, time=0.010054
step=   500, time=0.011171
step=   550, time=0.012288
step=   600, time=0.013405
step=   650, time=0.014522
step=   700, time=0.015639
step=   750, time=0.016756
step=   800, time=0.017873
step=   850, time=0.018990
step=   900, time=0.020107
step=   950, time=0.021224
step=  1000, time=0.022341
step=  1050, time=0.023458
step=  1100, time=0.024576
step=  1150, time=0.025693
step=  1200, time=0.026810
step=  1250, time=0.027927
step=  1300, time=0.029044
step=  1350, time=0.030161
step=  1400, time=0.031278
step=  1450, time=0.032395
step=  1500, time=0.033512
step=  1550, time=0.034629
step=  1600, time=0.035746
step=  1650, time=0.036863
step=  1700, time=0.037980
step=  1750, time=0.039097
step=  1800, time=0.040214
step=  1850, time=0.041332
step=  1900, time=0.042449
step=  1950, time=0.043566
step=  2000, time=0.044683
step=  2050, time=0.045800
step=  2100, time=0.046917
step=  2150, time=0.048034
step=  2200, time=0.049151
step=  2250, time=0.050268
step=  2300, time=0.051385
step=  2350, time=0.052502
step=  2400, time=0.053619
step=  2450, time=0.054736
step=  2500, time=0.055853
step=  2550, time=0.056971
step=  2600, time=0.058088
step=  2650, time=0.059205
step=  2700, time=0.060322
step=  2750, time=0.061439
step=  2800, time=0.062556
step=  2850, time=0.063673
step=  2900, time=0.064790
step=  2950, time=0.065907
step=  3000, time=0.067024
step=  3050, time=0.068141
step=  3100, time=0.069258
step=  3150, time=0.070375
step=  3200, time=0.071492
step=  3250, time=0.072609
step=  3300, time=0.073727
step=  3350, time=0.074844
step=  3400, time=0.075961
step=  3450, time=0.077078
step=  3500, time=0.078195
step=  3550, time=0.079312
step=  3600, time=0.080429
step=  3650, time=0.081546
step=  3700, time=0.082663
step=  3750, time=0.083780
step=  3800, time=0.084897
step=  3850, time=0.086014
step=  3900, time=0.087131
step=  3950, time=0.088248
step=  4000, time=0.089366
step=  4050, time=0.090483
step=  4100, time=0.091600
step=  4150, time=0.092717
step=  4200, time=0.093834
step=  4250, time=0.094951
step=  4300, time=0.096068
step=  4350, time=0.097185
step=  4400, time=0.098302
step=  4450, time=0.099419
step=  4500, time=0.100536
step=  4550, time=0.101653
step=  4600, time=0.102770
step=  4650, time=0.103887
step=  4700, time=0.105004
step=  4750, time=0.106122
step=  4800, time=0.107239
step=  4850, time=0.108356
step=  4900, time=0.109473
step=  4950, time=0.110590
step=  5000, time=0.111707
step=  5050, time=0.112824
step=  5100, time=0.113941
step=  5150, time=0.115058
step=  5200, time=0.116175
step=  5250, time=0.117292
step=  5300, time=0.118409
step=  5350, time=0.119526
step=  5400, time=0.120643
step=  5450, time=0.121761
step=  5500, time=0.122878
step=  5550, time=0.123995
step=  5600, time=0.125112
step=  5650, time=0.126229
step=  5700, time=0.127346
step=  5750, time=0.128463
step=  5800, time=0.129580
step=  5850, time=0.130697
step=  5900, time=0.131814
step=  5950, time=0.132931
step=  6000, time=0.134048
step=  6050, time=0.135165
step=  6100, time=0.136282
step=  6150, time=0.137399
step=  6200, time=0.138517
step=  6250, time=0.139634
step=  6300, time=0.140751
step=  6350, time=0.141868
step=  6400, time=0.142985
step=  6450, time=0.144102
step=  6500, time=0.145219
step=  6550, time=0.146336
step=  6600, time=0.147453
step=  6650, time=0.148570
step=  6700, time=0.149687
step=  6750, time=0.150804
step=  6800, time=0.151921
step=  6850, time=0.153038
step=  6900, time=0.154155
step=  6950, time=0.155273
step=  7000, time=0.156390
step=  7050, time=0.157507
step=  7100, time=0.158624
step=  7150, time=0.159741
step=  7200, time=0.160858
step=  7250, time=0.161975
step=  7300, time=0.163092
step=  7350, time=0.164209
step=  7400, time=0.165326
step=  7450, time=0.166443
step=  7500, time=0.167560
step=  7550, time=0.168677
step=  7600, time=0.169794
step=  7650, time=0.170912
step=  7700, time=0.172029
step=  7750, time=0.173146
step=  7800, time=0.174263
step=  7850, time=0.175380
step=  7900, time=0.176497
step=  7950, time=0.177614
step=  8000, time=0.178731
step=  8050, time=0.179848
step=  8100, time=0.180965
step=  8150, time=0.182082
step=  8200, time=0.183199
step=  8250, time=0.184316
step=  8300, time=0.185433
step=  8350, time=0.186550
step=  8400, time=0.187668
step=  8450, time=0.188785
step=  8500, time=0.189902
step=  8550, time=0.191019
step=  8600, time=0.192136
step=  8650, time=0.193253
step=  8700, time=0.194370
step=  8750, time=0.195487
step=  8800, time=0.196604
step=  8850, time=0.197721
step=  8900, time=0.198838
step=  8950, time=0.199955
step=  9000, time=0.201072
step=  9050, time=0.202189
step=  9100, time=0.203307
step=  9150, time=0.204424
step=  9200, time=0.205541
step=  9250, time=0.206658
step=  9300, time=0.207775
step=  9350, time=0.208892
step=  9400, time=0.210009
step=  9450, time=0.211126
step=  9500, time=0.212243
step=  9550, time=0.213360
step=  9600, time=0.214477
step=  9650, time=0.215594
step=  9700, time=0.216711
step=  9750, time=0.217828
step=  9800, time=0.218945
step=  9850, time=0.220063
step=  9900, time=0.221180
step=  9950, time=0.222297
step= 10000, time=0.223414
step= 10050, time=0.224531
step= 10100, time=0.225648
step= 10150, time=0.226765
step= 10200, time=0.227882
step= 10250, time=0.228999
step= 10300, time=0.230116
step= 10350, time=0.231233
step= 10400, time=0.232350
step= 10450, time=0.233467
step= 10500, time=0.234584
step= 10550, time=0.235702
step= 10600, time=0.236819
step= 10650, time=0.237936
step= 10700, time=0.239053
step= 10750, time=0.240170
step= 10800, time=0.241287
step= 10850, time=0.242404
step= 10900, time=0.243521
step= 10950, time=0.244638
step= 11000, time=0.245755
step= 11050, time=0.246872
step= 11100, time=0.247989
step= 11150, time=0.249106
step= 11200, time=0.250223
step= 11250, time=0.251340
step= 11300, time=0.252458
step= 11350, time=0.253575
step= 11400, time=0.254692
step= 11450, time=0.255809
step= 11500, time=0.256926
step= 11550, time=0.258043
step= 11600, time=0.259160
step= 11650, time=0.260277
step= 11700, time=0.261394
step= 11750, time=0.262511
step= 11800, time=0.263628
step= 11850, time=0.264745
step= 11900, time=0.265862
step= 11950, time=0.266979
step= 12000, time=0.268097
step= 12050, time=0.269214
step= 12100, time=0.270331
step= 12150, time=0.271448
step= 12200, time=0.272565
step= 12250, time=0.273682
step= 12300, time=0.274799
step= 12350, time=0.275916
step= 12400, time=0.277033
step= 12450, time=0.278150
step= 12500, time=0.279267
step= 12550, time=0.280384
step= 12600, time=0.281501
step= 12650, time=0.282618
step= 12700, time=0.283735
step= 12750, time=0.284853
step= 12800, time=0.285970
step= 12850, time=0.287087
step= 12900, time=0.288204
step= 12950, time=0.289321
step= 13000, time=0.290438
step= 13050, time=0.291555
step= 13100, time=0.292672
step= 13150, time=0.293789
step= 13200, time=0.294906
step= 13250, time=0.296023
step= 13300, time=0.297140
step= 13350, time=0.298257
step= 13400, time=0.299374
step= 13428, time=0.300000
Completed hybrid Configuration 3 at t=0.300000 in 13428 steps.
Diagnostic summary:
  density min/max       : 1.34187702e-01 / 1.77744761e+00
  pressure min/max      : 2.79622609e-02 / 1.70709440e+00
  max |vorticity|       : 2.87937028e+02
  NaN/Inf present       : False
  density positive      : True
  pressure positive     : True
  final sensor fraction : 0.133789
  hyperviscosity applied: False (0 applications)
Saved figure to results/Riemann2D_Config3_t03_n512_noHV_mn0000.png
Saved contour figure to results/Riemann2D_Config3_t03_n512_noHV_mn0000_contours.png
Saved schlieren figure to results/Riemann2D_Config3_t03_n512_noHV_mn0000_schlieren.png
Saved zoom figure to results/Riemann2D_Config3_t03_n512_noHV_mn0000_zoom.png
