Hybrid 2D Euler Config 3: nx=512, ny=512, dt=2.23414e-05, steps=26856, tfinal=0.6
Local hyperviscosity enabled: mn=0.001, interval=1
step=   500, time=0.011171
step=  1000, time=0.022341
step=  1500, time=0.033512
step=  2000, time=0.044683
step=  2500, time=0.055853
step=  3000, time=0.067024
step=  3500, time=0.078195
step=  4000, time=0.089366
step=  4500, time=0.100536
step=  5000, time=0.111707
step=  5500, time=0.122878
step=  6000, time=0.134048
step=  6500, time=0.145219
step=  7000, time=0.156390
step=  7500, time=0.167560
step=  8000, time=0.178731
step=  8500, time=0.189902
step=  9000, time=0.201072
step=  9500, time=0.212243
step= 10000, time=0.223414
step= 10500, time=0.234584
step= 11000, time=0.245755
step= 11500, time=0.256926
step= 12000, time=0.268097
step= 12500, time=0.279267
step= 13000, time=0.290438
step= 13500, time=0.301609
step= 14000, time=0.312779
step= 14500, time=0.323950
step= 15000, time=0.335121
step= 15500, time=0.346291
step= 16000, time=0.357462
step= 16500, time=0.368633
step= 17000, time=0.379803
step= 17500, time=0.390974
step= 18000, time=0.402145
step= 18500, time=0.413315
step= 19000, time=0.424486
step= 19500, time=0.435657
step= 20000, time=0.446828
step= 20500, time=0.457998
step= 21000, time=0.469169
step= 21500, time=0.480340
step= 22000, time=0.491510
step= 22500, time=0.502681
step= 23000, time=0.513852
step= 23500, time=0.525022
step= 24000, time=0.536193
step= 24500, time=0.547364
step= 25000, time=0.558534
step= 25500, time=0.569705
step= 26000, time=0.580876
step= 26500, time=0.592046
step= 26856, time=0.600000
Completed hybrid Configuration 3 at t=0.600000 in 26856 steps.
Diagnostic summary:
  density min/max       : 1.22920608e-01 / 1.76481639e+00
  pressure min/max      : 3.67348010e-03 / 1.72721634e+00
  max |vorticity|       : 4.34412801e+02
  NaN/Inf present       : False
  density positive      : True
  pressure positive     : True
  final sensor fraction : 0.165844
  hyperviscosity applied: True (26856 applications)
Saved figure to results/Riemann2D_Config3_t06_n512_lowDiss_mn0001.png
Saved contour figure to results/Riemann2D_Config3_t06_n512_lowDiss_mn0001_contours.png
Saved schlieren figure to results/Riemann2D_Config3_t06_n512_lowDiss_mn0001_schlieren.png
Saved zoom figure to results/Riemann2D_Config3_t06_n512_lowDiss_mn0001_zoom.png
