Using array backend: cupy
step=     0, t=0.000000, dt=0.000e+00, KE=3.125000e-02, Mt=0.2500, A_K=0.000, Cuv=0.000, P_in=0.000e+00, P_tgt=0.000e+00, A_F=0.000, K_low=0.000, P_drag=0.000e+00, P_cool=0.000e+00, WENO=0.035, rho_mean=1.000000, p_mean=0.714286, div_rms=2.307e-15, vort_rms=9.749e-01, mass_err=0.000e+00
step=  1000, t=3.587370, dt=3.588e-03, KE=3.115193e-02, Mt=0.2511, A_K=0.101, Cuv=-0.033, P_in=1.014e-03, P_tgt=1.045e-03, A_F=0.194, K_low=0.019, P_drag=-1.173e-04, P_cool=-4.907e-04, WENO=0.104, rho_mean=1.000000, p_mean=0.715267, div_rms=1.348e-01, vort_rms=9.917e-01, mass_err=-2.416e-12
step=  2000, t=7.129375, dt=3.474e-03, KE=3.163092e-02, Mt=0.2530, A_K=0.103, Cuv=-0.109, P_in=9.723e-04, P_tgt=9.629e-04, A_F=0.164, K_low=0.046, P_drag=-2.848e-04, P_cool=-5.943e-04, WENO=0.107, rho_mean=1.000000, p_mean=0.715474, div_rms=1.413e-01, vort_rms=9.641e-01, mass_err=-4.832e-12
step=  3000, t=10.592217, dt=3.493e-03, KE=3.095382e-02, Mt=0.2506, A_K=0.060, Cuv=-0.038, P_in=8.674e-04, P_tgt=8.912e-04, A_F=0.036, K_low=0.097, P_drag=-5.869e-04, P_cool=-6.630e-04, WENO=0.115, rho_mean=1.000000, p_mean=0.715612, div_rms=1.351e-01, vort_rms=9.299e-01, mass_err=-7.262e-12
step=  4000, t=13.998226, dt=3.404e-03, KE=2.945357e-02, Mt=0.2442, A_K=0.102, Cuv=0.138, P_in=9.879e-04, P_tgt=9.833e-04, A_F=0.021, K_low=0.130, P_drag=-7.456e-04, P_cool=-6.649e-04, WENO=0.135, rho_mean=1.000000, p_mean=0.715616, div_rms=1.220e-01, vort_rms=8.828e-01, mass_err=-9.670e-12
step=  5000, t=17.511521, dt=3.555e-03, KE=2.884532e-02, Mt=0.2419, A_K=0.109, Cuv=0.121, P_in=1.295e-03, P_tgt=1.321e-03, A_F=0.033, K_low=0.121, P_drag=-6.913e-04, P_cool=-6.377e-04, WENO=0.141, rho_mean=1.000000, p_mean=0.715561, div_rms=1.207e-01, vort_rms=8.545e-01, mass_err=-1.210e-11
saved snapshot: results/hit2d/CFL_study_0p20_Mt025_N128/hit2d_step0005000.npz
step=  6000, t=21.002784, dt=3.413e-03, KE=2.957558e-02, Mt=0.2452, A_K=0.165, Cuv=-0.004, P_in=1.692e-03, P_tgt=1.734e-03, A_F=0.163, K_low=0.124, P_drag=-7.343e-04, P_cool=-6.465e-04, WENO=0.111, rho_mean=1.000000, p_mean=0.715579, div_rms=1.336e-01, vort_rms=8.939e-01, mass_err=-1.451e-11
step=  7000, t=24.464417, dt=3.407e-03, KE=3.141267e-02, Mt=0.2526, A_K=0.049, Cuv=0.153, P_in=1.784e-03, P_tgt=1.811e-03, A_F=0.049, K_low=0.101, P_drag=-6.328e-04, P_cool=-6.450e-04, WENO=0.081, rho_mean=1.000000, p_mean=0.715576, div_rms=1.491e-01, vort_rms=9.660e-01, mass_err=-1.694e-11
step=  8000, t=27.884670, dt=3.292e-03, KE=3.236789e-02, Mt=0.2566, A_K=0.078, Cuv=-0.088, P_in=1.487e-03, P_tgt=1.534e-03, A_F=0.111, K_low=0.101, P_drag=-6.479e-04, P_cool=-7.180e-04, WENO=0.117, rho_mean=1.000000, p_mean=0.715722, div_rms=1.459e-01, vort_rms=9.731e-01, mass_err=-1.936e-11
step=  9000, t=31.237410, dt=3.403e-03, KE=3.215381e-02, Mt=0.2558, A_K=0.064, Cuv=-0.066, P_in=1.189e-03, P_tgt=1.189e-03, A_F=0.054, K_low=0.134, P_drag=-8.468e-04, P_cool=-6.928e-04, WENO=0.106, rho_mean=1.000000, p_mean=0.715671, div_rms=1.362e-01, vort_rms=9.427e-01, mass_err=-2.178e-11
step= 10000, t=34.686220, dt=3.436e-03, KE=3.068736e-02, Mt=0.2498, A_K=0.063, Cuv=-0.100, P_in=1.088e-03, P_tgt=1.056e-03, A_F=0.082, K_low=0.145, P_drag=-8.806e-04, P_cool=-6.862e-04, WENO=0.110, rho_mean=1.000000, p_mean=0.715658, div_rms=1.408e-01, vort_rms=9.037e-01, mass_err=-2.421e-11
saved snapshot: results/hit2d/CFL_study_0p20_Mt025_N128/hit2d_step0010000.npz
step= 11000, t=38.113015, dt=3.543e-03, KE=2.913929e-02, Mt=0.2432, A_K=0.165, Cuv=-0.245, P_in=1.203e-03, P_tgt=1.205e-03, A_F=0.016, K_low=0.176, P_drag=-1.013e-03, P_cool=-6.619e-04, WENO=0.133, rho_mean=1.000000, p_mean=0.715610, div_rms=1.442e-01, vort_rms=8.822e-01, mass_err=-2.662e-11
step= 12000, t=41.531957, dt=3.412e-03, KE=2.851384e-02, Mt=0.2390, A_K=0.167, Cuv=-0.089, P_in=1.653e-03, P_tgt=1.772e-03, A_F=0.129, K_low=0.213, P_drag=-1.210e-03, P_cool=-6.015e-04, WENO=0.167, rho_mean=1.000000, p_mean=0.715489, div_rms=1.578e-01, vort_rms=8.786e-01, mass_err=-2.904e-11
step= 13000, t=44.976433, dt=3.491e-03, KE=2.959909e-02, Mt=0.2447, A_K=0.025, Cuv=0.084, P_in=2.610e-03, P_tgt=2.583e-03, A_F=0.009, K_low=0.184, P_drag=-1.073e-03, P_cool=-6.747e-04, WENO=0.128, rho_mean=1.000000, p_mean=0.715635, div_rms=1.449e-01, vort_rms=9.374e-01, mass_err=-3.144e-11
step= 14000, t=48.468594, dt=3.519e-03, KE=3.294209e-02, Mt=0.2589, A_K=0.089, Cuv=-0.027, P_in=2.386e-03, P_tgt=2.403e-03, A_F=0.040, K_low=0.113, P_drag=-7.390e-04, P_cool=-7.328e-04, WENO=0.147, rho_mean=1.000000, p_mean=0.715751, div_rms=1.551e-01, vort_rms=9.749e-01, mass_err=-3.387e-11
step= 15000, t=51.923059, dt=3.491e-03, KE=3.466438e-02, Mt=0.2645, A_K=0.064, Cuv=-0.017, P_in=1.509e-03, P_tgt=1.500e-03, A_F=0.002, K_low=0.116, P_drag=-8.038e-04, P_cool=-7.434e-04, WENO=0.127, rho_mean=1.000000, p_mean=0.715772, div_rms=1.516e-01, vort_rms=9.840e-01, mass_err=-3.629e-11
saved snapshot: results/hit2d/CFL_study_0p20_Mt025_N128/hit2d_step0015000.npz
step= 16000, t=55.427558, dt=3.454e-03, KE=3.268219e-02, Mt=0.2577, A_K=0.007, Cuv=0.173, P_in=9.778e-04, P_tgt=9.564e-04, A_F=0.061, K_low=0.173, P_drag=-1.109e-03, P_cool=-7.613e-04, WENO=0.134, rho_mean=1.000000, p_mean=0.715808, div_rms=1.502e-01, vort_rms=9.362e-01, mass_err=-3.869e-11
step= 17000, t=58.906694, dt=3.536e-03, KE=2.978256e-02, Mt=0.2452, A_K=0.215, Cuv=0.368, P_in=8.603e-04, P_tgt=8.915e-04, A_F=0.202, K_low=0.186, P_drag=-1.108e-03, P_cool=-6.844e-04, WENO=0.135, rho_mean=1.000000, p_mean=0.715655, div_rms=1.392e-01, vort_rms=8.616e-01, mass_err=-4.111e-11
step= 18000, t=62.377388, dt=3.615e-03, KE=2.835793e-02, Mt=0.2395, A_K=0.023, Cuv=0.367, P_in=1.257e-03, P_tgt=1.276e-03, A_F=0.093, K_low=0.126, P_drag=-7.098e-04, P_cool=-6.154e-04, WENO=0.153, rho_mean=1.000000, p_mean=0.715516, div_rms=1.357e-01, vort_rms=8.215e-01, mass_err=-4.353e-11
step= 19000, t=66.028306, dt=3.643e-03, KE=2.987274e-02, Mt=0.2458, A_K=0.055, Cuv=0.257, P_in=1.788e-03, P_tgt=1.804e-03, A_F=0.171, K_low=0.105, P_drag=-6.269e-04, P_cool=-5.669e-04, WENO=0.144, rho_mean=1.000000, p_mean=0.715419, div_rms=1.385e-01, vort_rms=8.337e-01, mass_err=-4.594e-11
step= 20000, t=69.592652, dt=3.603e-03, KE=3.192614e-02, Mt=0.2537, A_K=0.030, Cuv=0.026, P_in=1.802e-03, P_tgt=1.814e-03, A_F=0.069, K_low=0.102, P_drag=-6.465e-04, P_cool=-6.172e-04, WENO=0.103, rho_mean=1.000000, p_mean=0.715520, div_rms=1.281e-01, vort_rms=8.573e-01, mass_err=-4.836e-11
saved snapshot: results/hit2d/CFL_study_0p20_Mt025_N128/hit2d_step0020000.npz
step= 21000, t=73.175220, dt=3.588e-03, KE=3.331197e-02, Mt=0.2592, A_K=0.099, Cuv=-0.170, P_in=1.413e-03, P_tgt=1.373e-03, A_F=0.132, K_low=0.096, P_drag=-6.418e-04, P_cool=-5.937e-04, WENO=0.128, rho_mean=1.000000, p_mean=0.715473, div_rms=1.327e-01, vort_rms=8.946e-01, mass_err=-5.078e-11
step= 22000, t=76.704213, dt=3.515e-03, KE=3.277039e-02, Mt=0.2575, A_K=0.059, Cuv=-0.318, P_in=9.805e-04, P_tgt=9.793e-04, A_F=0.005, K_low=0.122, P_drag=-8.086e-04, P_cool=-6.133e-04, WENO=0.144, rho_mean=1.000000, p_mean=0.715512, div_rms=1.315e-01, vort_rms=8.833e-01, mass_err=-5.319e-11
step= 23000, t=80.261087, dt=3.369e-03, KE=3.034893e-02, Mt=0.2480, A_K=0.208, Cuv=-0.190, P_in=8.573e-04, P_tgt=8.703e-04, A_F=0.033, K_low=0.187, P_drag=-1.133e-03, P_cool=-6.041e-04, WENO=0.143, rho_mean=1.000000, p_mean=0.715494, div_rms=1.259e-01, vort_rms=8.454e-01, mass_err=-5.561e-11
step= 24000, t=83.720772, dt=3.451e-03, KE=2.824690e-02, Mt=0.2390, A_K=0.109, Cuv=0.075, P_in=1.165e-03, P_tgt=1.168e-03, A_F=0.030, K_low=0.199, P_drag=-1.118e-03, P_cool=-5.696e-04, WENO=0.079, rho_mean=1.000000, p_mean=0.715425, div_rms=1.320e-01, vort_rms=8.288e-01, mass_err=-5.802e-11
step= 25000, t=87.199887, dt=3.492e-03, KE=2.824424e-02, Mt=0.2384, A_K=0.047, Cuv=0.224, P_in=1.995e-03, P_tgt=1.996e-03, A_F=0.017, K_low=0.169, P_drag=-9.497e-04, P_cool=-5.440e-04, WENO=0.107, rho_mean=1.000000, p_mean=0.715374, div_rms=1.232e-01, vort_rms=8.518e-01, mass_err=-6.044e-11
saved snapshot: results/hit2d/CFL_study_0p20_Mt025_N128/hit2d_step0025000.npz
step= 26000, t=90.767909, dt=3.613e-03, KE=3.221260e-02, Mt=0.2548, A_K=0.054, Cuv=0.096, P_in=2.448e-03, P_tgt=2.415e-03, A_F=0.044, K_low=0.123, P_drag=-7.969e-04, P_cool=-5.759e-04, WENO=0.113, rho_mean=1.000000, p_mean=0.715437, div_rms=1.337e-01, vort_rms=9.177e-01, mass_err=-6.285e-11
step= 27000, t=94.308426, dt=3.420e-03, KE=3.352038e-02, Mt=0.2612, A_K=0.165, Cuv=-0.005, P_in=1.687e-03, P_tgt=1.711e-03, A_F=0.096, K_low=0.162, P_drag=-1.083e-03, P_cool=-7.034e-04, WENO=0.153, rho_mean=1.000000, p_mean=0.715692, div_rms=1.392e-01, vort_rms=9.354e-01, mass_err=-6.528e-11
step= 28000, t=97.757941, dt=3.485e-03, KE=3.190914e-02, Mt=0.2546, A_K=0.045, Cuv=-0.145, P_in=1.217e-03, P_tgt=1.227e-03, A_F=0.023, K_low=0.218, P_drag=-1.383e-03, P_cool=-6.830e-04, WENO=0.117, rho_mean=1.000000, p_mean=0.715652, div_rms=1.340e-01, vort_rms=9.333e-01, mass_err=-6.770e-11
step= 29000, t=101.279935, dt=3.583e-03, KE=3.184186e-02, Mt=0.2539, A_K=0.107, Cuv=-0.022, P_in=1.155e-03, P_tgt=1.153e-03, A_F=0.101, K_low=0.187, P_drag=-1.190e-03, P_cool=-7.014e-04, WENO=0.119, rho_mean=1.000000, p_mean=0.715689, div_rms=1.527e-01, vort_rms=9.487e-01, mass_err=-7.012e-11
step= 30000, t=104.763197, dt=3.491e-03, KE=2.961839e-02, Mt=0.2454, A_K=0.047, Cuv=0.039, P_in=1.182e-03, P_tgt=1.192e-03, A_F=0.017, K_low=0.151, P_drag=-8.850e-04, P_cool=-7.094e-04, WENO=0.100, rho_mean=1.000000, p_mean=0.715704, div_rms=1.634e-01, vort_rms=9.099e-01, mass_err=-7.254e-11
saved snapshot: results/hit2d/CFL_study_0p20_Mt025_N128/hit2d_step0030000.npz
step= 31000, t=108.315042, dt=3.566e-03, KE=2.948046e-02, Mt=0.2441, A_K=0.058, Cuv=-0.175, P_in=1.550e-03, P_tgt=1.505e-03, A_F=0.048, K_low=0.097, P_drag=-5.729e-04, P_cool=-7.129e-04, WENO=0.130, rho_mean=1.000000, p_mean=0.715712, div_rms=1.459e-01, vort_rms=9.282e-01, mass_err=-7.496e-11
step= 31474, t=110.000000, dt=1.654e-03, KE=3.031399e-02, Mt=0.2473, A_K=0.019, Cuv=-0.127, P_in=1.631e-03, P_tgt=1.635e-03, A_F=0.284, K_low=0.084, P_drag=-5.140e-04, P_cool=-6.650e-04, WENO=0.165, rho_mean=1.000000, p_mean=0.715616, div_rms=1.502e-01, vort_rms=9.310e-01, mass_err=-7.611e-11
saved snapshot: results/hit2d/CFL_study_0p20_Mt025_N128/hit2d_step0031474.npz
completed 2D HIT run at t=110.000000 in 31474 steps
